2026-05-11 14:37:07,080 [INFO] Per-merge log: /home/osaleem/repos/linux-imx/merge-logs/merge_6.1.143_2026-05-11T14-37-07.079902.log
2026-05-11 14:37:08,216 [INFO] Merge v6.1.143 has 2 conflicted files
2026-05-11 14:37:08,217 [INFO]   drivers/media/platform/nxp/imx-jpeg/mxc-jpeg.c: 7 conflict hunks
2026-05-11 14:37:08,218 [INFO]   drivers/tty/serial/imx.c: 1 conflict hunks
2026-05-11 14:37:08,218 [INFO] Resolving drivers/media/platform/nxp/imx-jpeg/mxc-jpeg.c hunk 1...
2026-05-11 14:37:08,234 [DEBUG] Prompt for drivers/media/platform/nxp/imx-jpeg/mxc-jpeg.c hunk 0
2026-05-11 14:37:11,965 [INFO]   Resolved drivers/media/platform/nxp/imx-jpeg/mxc-jpeg.c hunk 0: confidence=9/10 — NXP added a sw_reset module parameter; mainline didn't change this area. Keep NXP's addition. The hw
2026-05-11 14:37:11,966 [INFO] Resolving drivers/media/platform/nxp/imx-jpeg/mxc-jpeg.c hunk 2...
2026-05-11 14:37:11,989 [DEBUG] Prompt for drivers/media/platform/nxp/imx-jpeg/mxc-jpeg.c hunk 1
2026-05-11 14:37:15,401 [INFO]   Resolved drivers/media/platform/nxp/imx-jpeg/mxc-jpeg.c hunk 1: confidence=9/10 — NXP uses per-slot data array (slot_data[ctx->slot]), mainline stable has single slot_data. NXP's ven
2026-05-11 14:37:15,402 [INFO] Resolving drivers/media/platform/nxp/imx-jpeg/mxc-jpeg.c hunk 3...
2026-05-11 14:37:15,425 [DEBUG] Prompt for drivers/media/platform/nxp/imx-jpeg/mxc-jpeg.c hunk 2
2026-05-11 14:37:21,577 [INFO]   Resolved drivers/media/platform/nxp/imx-jpeg/mxc-jpeg.c hunk 2: confidence=9/10 — Hunk 1: NXP uses array slot_data[ctx->slot], mainline uses single slot_data. NXP's vendor kernel sup
2026-05-11 14:37:21,578 [INFO] Resolving drivers/media/platform/nxp/imx-jpeg/mxc-jpeg.c hunk 4...
2026-05-11 14:37:21,602 [DEBUG] Prompt for drivers/media/platform/nxp/imx-jpeg/mxc-jpeg.c hunk 3
2026-05-11 14:37:24,292 [INFO]   Resolved drivers/media/platform/nxp/imx-jpeg/mxc-jpeg.c hunk 3: confidence=9/10 — NXP uses slot_data as an array (slot_data[slot]), while mainline uses single slot_data. Keep NXP's a
2026-05-11 14:37:24,293 [INFO] Resolving drivers/media/platform/nxp/imx-jpeg/mxc-jpeg.c hunk 5...
2026-05-11 14:37:24,316 [DEBUG] Prompt for drivers/media/platform/nxp/imx-jpeg/mxc-jpeg.c hunk 4
2026-05-11 14:37:27,717 [INFO]   Resolved drivers/media/platform/nxp/imx-jpeg/mxc-jpeg.c hunk 4: confidence=9/10 — NXP vendor kernel uses a sw_reset variable for the third argument of mxc_jpeg_job_finish, while main
2026-05-11 14:37:27,718 [INFO] Resolving drivers/media/platform/nxp/imx-jpeg/mxc-jpeg.c hunk 6...
2026-05-11 14:37:27,743 [DEBUG] Prompt for drivers/media/platform/nxp/imx-jpeg/mxc-jpeg.c hunk 5
2026-05-11 14:37:31,109 [INFO]   Resolved drivers/media/platform/nxp/imx-jpeg/mxc-jpeg.c hunk 5: confidence=9/10 — NXP vendor kernel supports multiple slots (MXC_MAX_SLOTS) with slot_data as an array, while mainline
2026-05-11 14:37:31,110 [INFO] Resolving drivers/media/platform/nxp/imx-jpeg/mxc-jpeg.c hunk 7...
2026-05-11 14:37:31,134 [DEBUG] Prompt for drivers/media/platform/nxp/imx-jpeg/mxc-jpeg.c hunk 6
2026-05-11 14:37:34,359 [INFO]   Resolved drivers/media/platform/nxp/imx-jpeg/mxc-jpeg.c hunk 6: confidence=9/10 — NXP uses MXC_MAX_SLOTS as the sentinel for unallocated slot (supports multiple slots), while mainlin
2026-05-11 14:37:34,360 [INFO] Resolving drivers/tty/serial/imx.c hunk 1...
2026-05-11 14:37:34,382 [DEBUG] Prompt for drivers/tty/serial/imx.c hunk 0
2026-05-11 14:37:37,243 [INFO]   Resolved drivers/tty/serial/imx.c hunk 0: confidence=9/10 — Both sides add independent struct fields. Keep NXP's pm_qos_req and add mainline's rxtl field.
2026-05-11 14:37:37,866 [INFO] All conflicts resolved. Confidence: min=9, avg=9.0
2026-05-11 14:37:40,637 [INFO] Build attempt 1/4...
2026-05-11 14:48:27,476 [INFO] Build fix attempt 1: found 4 errors
2026-05-11 14:48:33,468 [INFO]   AI proposes: escalate (confidence: N/A)
2026-05-11 14:48:33,468 [INFO]   Reasoning: The errors suggest slot_data is no longer an array in struct mxc_jpeg_dev and MXC_MAX_SLOTS macro was removed/renamed. This appears to be a structural change to the driver (likely converting slot_data
2026-05-11 14:48:33,468 [WARNING] AI escalated: The errors suggest slot_data is no longer an array in struct mxc_jpeg_dev and MXC_MAX_SLOTS macro was removed/renamed. This appears to be a structural change to the driver (likely converting slot_data from a fixed array to single struct or dynamic allocation). Without seeing the header file mxc-jpeg.h to know the actual new structure, I can't safely patch all 4 call sites. This needs human review of the merge.
2026-05-11 14:48:33,469 [INFO]   Suggestion: Check drivers/media/platform/nxp/imx-jpeg/mxc-jpeg.h for the current definition of struct mxc_jpeg_dev::slot_data and MXC_MAX_SLOTS
2026-05-11 14:48:33,469 [INFO]   Suggestion: Check git log for recent changes to slot handling in imx-jpeg driver
2026-05-11 14:48:33,469 [INFO]   Suggestion: Consider reverting either mxc-jpeg.c or mxc-jpeg.h to a consistent state
2026-05-11 14:48:33,469 [INFO]   Suggestion: The driver may have been converted from multi-slot to single-slot; if so all slot indexing in mxc-jpeg.c needs to be removed
2026-05-11 14:48:33,896 [ERROR] Build failed for v6.1.143 after 1 fix attempts. Manual intervention needed on branch merge/v6.1.143.
2026-05-11 14:48:33,896 [INFO] To fix manually:
  cd /home/osaleem/repos/linux-imx
  # fix the build errors
  git add -A && git commit --amend
  git checkout lf-6.1.y-semtech
  git merge merge/v6.1.143
  # then re-run this tool
