2026-05-11 13:30:13,466 [INFO] Per-merge log: /home/osaleem/repos/linux-imx/merge-logs/merge_6.1.136_2026-05-11T13-30-13.465805.log
2026-05-11 13:30:14,614 [INFO] Merge v6.1.136 has 4 conflicted files
2026-05-11 13:30:14,617 [INFO]   drivers/net/dsa/mv88e6xxx/chip.c: 1 conflict hunks
2026-05-11 13:30:14,618 [INFO]   drivers/phy/freescale/phy-fsl-imx8m-pcie.c: 2 conflict hunks
2026-05-11 13:30:14,619 [INFO]   drivers/spi/spi-imx.c: 1 conflict hunks
2026-05-11 13:30:14,620 [INFO]   drivers/usb/chipidea/ci_hdrc_imx.c: 1 conflict hunks
2026-05-11 13:30:14,620 [INFO] Resolving drivers/net/dsa/mv88e6xxx/chip.c hunk 1...
2026-05-11 13:30:14,635 [DEBUG] Prompt for drivers/net/dsa/mv88e6xxx/chip.c hunk 0
2026-05-11 13:30:17,930 [INFO]   Resolved drivers/net/dsa/mv88e6xxx/chip.c hunk 0: confidence=10/10 — Mainline changed the signature of mv88e6xxx_phy_is_internal to accept chip instead of ds. Take mainl
2026-05-11 13:30:17,932 [INFO] Resolving drivers/phy/freescale/phy-fsl-imx8m-pcie.c hunk 1...
2026-05-11 13:30:17,956 [DEBUG] Prompt for drivers/phy/freescale/phy-fsl-imx8m-pcie.c hunk 0
2026-05-11 13:30:34,394 [INFO]   Resolved drivers/phy/freescale/phy-fsl-imx8m-pcie.c hunk 0: confidence=9/10 — NXP side adds i.MX8MP PHY fine-tuning code block. Mainline stable side is empty because the mainline
2026-05-11 13:30:34,395 [INFO] Resolving drivers/phy/freescale/phy-fsl-imx8m-pcie.c hunk 2...
2026-05-11 13:30:34,420 [DEBUG] Prompt for drivers/phy/freescale/phy-fsl-imx8m-pcie.c hunk 1
2026-05-11 13:30:38,136 [INFO]   Resolved drivers/phy/freescale/phy-fsl-imx8m-pcie.c hunk 1: confidence=9/10 — Mainline adds the missing 'return' to properly propagate the error. NXP's version is missing the ret
2026-05-11 13:30:38,137 [INFO] Resolving drivers/spi/spi-imx.c hunk 1...
2026-05-11 13:30:38,159 [DEBUG] Prompt for drivers/spi/spi-imx.c hunk 0
2026-05-11 13:30:43,086 [INFO]   Resolved drivers/spi/spi-imx.c hunk 0: confidence=9/10 — Mainline adds error check for spi_imx_setupxfer() return value and sets effective_speed_hz earlier. 
2026-05-11 13:30:43,087 [INFO] Resolving drivers/usb/chipidea/ci_hdrc_imx.c hunk 1...
2026-05-11 13:30:43,111 [DEBUG] Prompt for drivers/usb/chipidea/ci_hdrc_imx.c hunk 0
2026-05-11 13:30:48,201 [INFO]   Resolved drivers/usb/chipidea/ci_hdrc_imx.c hunk 0: confidence=8/10 — NXP added a 'disable_hsic_regulator' label that handles HSIC regulator cleanup before falling throug
2026-05-11 13:30:48,926 [INFO] All conflicts resolved. Confidence: min=8, avg=9.0
2026-05-11 13:30:51,795 [INFO] Build attempt 1/4...
2026-05-11 13:42:22,448 [INFO] Build succeeded.
2026-05-11 13:42:23,125 [INFO] Successfully merged v6.1.136 into lf-6.1.y-semtech
2026-05-11 13:42:26,389 [INFO] Pushed lf-6.1.y-semtech to origin
