2026-05-12 09:24:24,589 [INFO] Per-merge log: /home/osaleem/repos/linux-imx/merge-logs/merge_6.1.167_2026-05-12T09-24-24.589435.log
2026-05-12 09:24:25,797 [INFO] Merge v6.1.167 has 5 conflicted files
2026-05-12 09:24:25,798 [INFO]   drivers/net/ethernet/freescale/dpaa2/dpaa2-eth.h: 1 conflict hunks
2026-05-12 09:24:25,800 [INFO]   drivers/net/ethernet/freescale/dpaa2/dpaa2-switch.c: 3 conflict hunks
2026-05-12 09:24:25,801 [INFO]   drivers/net/ethernet/freescale/dpaa2/dpaa2-switch.h: 1 conflict hunks
2026-05-12 09:24:25,804 [INFO]   drivers/net/ethernet/freescale/fec_main.c: 2 conflict hunks
2026-05-12 09:24:25,809 [INFO]   drivers/net/ethernet/stmicro/stmmac/stmmac_main.c: 1 conflict hunks
2026-05-12 09:24:25,809 [INFO] Resolving drivers/net/ethernet/freescale/dpaa2/dpaa2-eth.h hunk 1...
2026-05-12 09:24:25,836 [DEBUG] Prompt for drivers/net/ethernet/freescale/dpaa2/dpaa2-eth.h hunk 0
2026-05-12 09:24:29,004 [INFO]   Resolved drivers/net/ethernet/freescale/dpaa2/dpaa2-eth.h hunk 0: confidence=9/10 — NXP added a lockdep_assert_held call in dpaa2_eth_is_type_phy. Mainline only renamed the underlying 
2026-05-12 09:24:29,005 [INFO] Resolving drivers/net/ethernet/freescale/dpaa2/dpaa2-switch.c hunk 1...
2026-05-12 09:24:29,041 [DEBUG] Prompt for drivers/net/ethernet/freescale/dpaa2/dpaa2-switch.c hunk 0
2026-05-12 09:24:33,378 [INFO]   Resolved drivers/net/ethernet/freescale/dpaa2/dpaa2-switch.c hunk 0: confidence=9/10 — NXP adds a dpaa2_mac_driver_attach() call to reattach the MAC driver on disconnect (paired with the 
2026-05-12 09:24:33,379 [INFO] Resolving drivers/net/ethernet/freescale/dpaa2/dpaa2-switch.c hunk 2...
2026-05-12 09:24:33,415 [DEBUG] Prompt for drivers/net/ethernet/freescale/dpaa2/dpaa2-switch.c hunk 1
2026-05-12 09:24:37,113 [INFO]   Resolved drivers/net/ethernet/freescale/dpaa2/dpaa2-switch.c hunk 1: confidence=9/10 — Hunk 1: NXP adds dpaa2_mac_driver_attach() call after dpaa2_mac_close(). Mainline doesn't have this.
2026-05-12 09:24:37,114 [INFO] Resolving drivers/net/ethernet/freescale/dpaa2/dpaa2-switch.c hunk 3...
2026-05-12 09:24:37,150 [DEBUG] Prompt for drivers/net/ethernet/freescale/dpaa2/dpaa2-switch.c hunk 2
2026-05-12 09:24:42,458 [INFO]   Resolved drivers/net/ethernet/freescale/dpaa2/dpaa2-switch.c hunk 2: confidence=7/10 — Hunk 1: NXP added dpaa2_mac_driver_attach call, mainline removed it - this is NXP-specific behavior,
2026-05-12 09:24:42,459 [INFO] Resolving drivers/net/ethernet/freescale/dpaa2/dpaa2-switch.h hunk 1...
2026-05-12 09:24:42,495 [DEBUG] Prompt for drivers/net/ethernet/freescale/dpaa2/dpaa2-switch.h hunk 0
2026-05-12 09:24:46,980 [INFO]   Resolved drivers/net/ethernet/freescale/dpaa2/dpaa2-switch.h hunk 0: confidence=9/10 — NXP added a lag field and mac_lock mutex. The mainline stable patch added mac_lock mutex (already in
2026-05-12 09:24:46,981 [INFO] Resolving drivers/net/ethernet/freescale/fec_main.c hunk 1...
2026-05-12 09:24:47,016 [DEBUG] Prompt for drivers/net/ethernet/freescale/fec_main.c hunk 0
2026-05-12 09:24:53,110 [INFO]   Resolved drivers/net/ethernet/freescale/fec_main.c hunk 0: confidence=9/10 — NXP removed the legacy __maybe_unused helpers (fec_enet_new_rxbdp and fec_enet_copybreak) and change
2026-05-12 09:24:53,111 [INFO] Resolving drivers/net/ethernet/freescale/fec_main.c hunk 2...
2026-05-12 09:24:53,148 [DEBUG] Prompt for drivers/net/ethernet/freescale/fec_main.c hunk 1
2026-05-12 09:24:57,722 [INFO]   Resolved drivers/net/ethernet/freescale/fec_main.c hunk 1: confidence=9/10 — NXP side declares sub_len and adjusts data_start/sub_len for RACC quirk. Mainline stable adds a __fe
2026-05-12 09:24:57,731 [INFO] Resolving drivers/net/ethernet/stmicro/stmmac/stmmac_main.c hunk 1...
2026-05-12 09:24:57,767 [DEBUG] Prompt for drivers/net/ethernet/stmicro/stmmac/stmmac_main.c hunk 0
2026-05-12 09:25:03,262 [INFO]   Resolved drivers/net/ethernet/stmicro/stmmac/stmmac_main.c hunk 0: confidence=8/10 — NXP added phylink start/stop wrapping around the stmmac_del_hw_vlan_rx_fltr call. Mainline stable ad
2026-05-12 09:25:03,807 [INFO] All conflicts resolved. Confidence: min=7, avg=8.6
2026-05-12 09:25:06,576 [INFO] Build attempt 1/4...
2026-05-12 09:34:24,423 [INFO] Build fix attempt 1: found 2 errors
2026-05-12 09:34:30,120 [INFO]   AI proposes: patch (confidence: 9)
2026-05-12 09:34:30,120 [INFO]   Reasoning: Line 1671 has a stray 'dpaa2_mac_driver_attach(mac->mc_dev);' call that was incorrectly inserted into the irq handler function. The function needs a 'u32 status;' declaration instead. Looking at the o
2026-05-12 09:34:30,122 [INFO]   Applied patch to drivers/net/ethernet/freescale/dpaa2/dpaa2-switch.c: 1 operation(s)
2026-05-12 09:36:26,799 [INFO] Build succeeded after fix.
