2026-05-01 21:24:30,355 [INFO] Per-merge log: /home/osaleem/repos/linux-imx/merge-logs/merge_6.1.119_2026-05-01T21-24-30.348625.log
2026-05-01 21:24:31,958 [INFO] Merge v6.1.119 completed cleanly — no conflicts!
2026-05-01 21:24:34,547 [INFO] Build attempt 1/4...
2026-05-01 21:54:34,605 [ERROR] Unexpected error: Command '['make', '-C', '/home/osaleem/repos/linux-imx', 'ARCH=arm64', 'CROSS_COMPILE=aarch64-linux-gnu-', '-j16']' timed out after 1800 seconds
Traceback (most recent call last):
  File "/home/osaleem/repos/kernel_merge.py", line 1371, in _do_single_merge_inner
    build_ok, fix_attempts = run_build_with_fixes(
                             ^^^^^^^^^^^^^^^^^^^^^
  File "/home/osaleem/repos/kernel_merge.py", line 1111, in run_build_with_fixes
    result = run_make(repo)
             ^^^^^^^^^^^^^^
  File "/home/osaleem/repos/kernel_merge.py", line 1097, in run_make
    return subprocess.run(cmd, capture_output=True, text=True, timeout=1800)
           ^^^^^^^^^^^^^^^^^^^^^^^^^^^^^^^^^^^^^^^^^^^^^^^^^^^^^^^^^^^^^^^^^
  File "/usr/lib/python3.12/subprocess.py", line 550, in run
    stdout, stderr = process.communicate(input, timeout=timeout)
                     ^^^^^^^^^^^^^^^^^^^^^^^^^^^^^^^^^^^^^^^^^^^
  File "/usr/lib/python3.12/subprocess.py", line 1209, in communicate
    stdout, stderr = self._communicate(input, endtime, timeout)
                     ^^^^^^^^^^^^^^^^^^^^^^^^^^^^^^^^^^^^^^^^^^
  File "/usr/lib/python3.12/subprocess.py", line 2116, in _communicate
    self._check_timeout(endtime, orig_timeout, stdout, stderr)
  File "/usr/lib/python3.12/subprocess.py", line 1253, in _check_timeout
    raise TimeoutExpired(
subprocess.TimeoutExpired: Command '['make', '-C', '/home/osaleem/repos/linux-imx', 'ARCH=arm64', 'CROSS_COMPILE=aarch64-linux-gnu-', '-j16']' timed out after 1800 seconds
