make: Entering directory '/home/osaleem/repos/linux-imx'
  SYNC    include/config/auto.conf.cmd
  HOSTCC  scripts/sorttable
  UPD     include/config/kernel.release
  UPD     include/generated/utsrelease.h
  CC      arch/arm64/kernel/asm-offsets.s
  CALL    scripts/checksyscalls.sh
  CC      arch/arm64/lib/delay.o
  CC      arch/arm64/net/bpf_jit_comp.o
  CC      init/main.o
  CC      ipc/compat.o
  CC      arch/arm64/xen/../../arm/xen/enlighten.o
  CC      arch/arm64/mm/dma-mapping.o
  CC      arch/arm64/crypto/sha1-ce-glue.o
  CC      io_uring/io_uring.o
  CC      security/keys/gc.o
  CC      arch/arm64/kernel/debug-monitors.o
  CC      fs/open.o
  CC      arch/arm64/kvm/hyp-constants.s
  CC      block/bdev.o
  CC      mm/filemap.o
  CC      kernel/fork.o
  CC      crypto/api.o
  CC      ipc/util.o
  CC      security/keys/key.o
  CC      arch/arm64/crypto/sha2-ce-glue.o
  CC [M]  arch/arm64/lib/xor-neon.o
  CC      arch/arm64/kvm/hyp/vhe/timer-sr.o
  CC      arch/arm64/kernel/irq.o
  CC      arch/arm64/mm/fault.o
  CC      crypto/cipher.o
  CC      arch/arm64/xen/../../arm/xen/grant-table.o
  CC      arch/arm64/crypto/ghash-ce-glue.o
  CC      arch/arm64/kvm/hyp/vhe/sysreg-sr.o
  CC      arch/arm64/kernel/fpsimd.o
  CC      block/fops.o
  AR      arch/arm64/lib/lib.a
  CC      security/keys/keyring.o
  CC      ipc/msgutil.o
  CC      init/do_mounts.o
  CC      arch/arm64/kvm/hyp/nvhe/timer-sr.nvhe.o
  CC      arch/arm64/xen/../../arm/xen/p2m.o
  CC      fs/read_write.o
  AR      arch/arm64/net/built-in.a
  CC      fs/file_table.o
  CC      arch/arm64/mm/init.o
  CC      crypto/compress.o
  CC      ipc/msg.o
  CC      arch/arm64/crypto/aes-ce-glue.o
  CC      arch/arm64/kvm/hyp/vhe/debug-sr.o
  CC      arch/arm64/kvm/hyp/nvhe/sysreg-sr.nvhe.o
  CC      block/bio.o
  CC      crypto/algapi.o
  CC      arch/arm64/xen/../../arm/xen/mm.o
  CC      kernel/exec_domain.o
  CC      arch/arm64/crypto/aes-ce-ccm-glue.o
  CC      io_uring/xattr.o
  CC      arch/arm64/kernel/entry-common.o
  CC      mm/mempool.o
  CC      security/keys/keyctl.o
  CC      arch/arm64/kvm/hyp/vhe/switch.o
  CC      block/elevator.o
  CC      ipc/sem.o
  CC      arch/arm64/kvm/hyp/nvhe/debug-sr.nvhe.o
  CC      init/do_mounts_initrd.o
  CC      arch/arm64/mm/copypage.o
  CC      kernel/panic.o
  AR      arch/arm64/xen/built-in.a
  CC      fs/super.o
  CC      ipc/shm.o
  CC      arch/arm64/crypto/aes-glue-ce.o
  CC      io_uring/nop.o
  CC      arch/arm64/kvm/hyp/nvhe/switch.nvhe.o
  CC      arch/arm64/kernel/process.o
  CC      arch/arm64/kvm/hyp/vhe/tlb.o
  CC      arch/arm64/mm/flush.o
  CC      init/initramfs.o
  CC      security/keys/permission.o
  CC      crypto/scatterwalk.o
  CC      mm/oom_kill.o
  CC      io_uring/fs.o
  CC      kernel/cpu.o
  CC      arch/arm64/crypto/sha256-glue.o
  CC      fs/char_dev.o
  CC      arch/arm64/kvm/hyp/vhe/../vgic-v3-sr.o
  CC      security/commoncap.o
  CC      arch/arm64/kvm/hyp/nvhe/tlb.nvhe.o
  CC      security/keys/process_keys.o
  CC      arch/arm64/mm/ioremap.o
  CC      io_uring/splice.o
  CC      ipc/syscall.o
  CC      crypto/proc.o
  CC      block/blk-core.o
  CC      init/init_task.o
  CC      lib/bug.o
  CC      arch/arm64/kernel/ptrace.o
  CC      io_uring/sync.o
  CC      arch/arm64/kvm/hyp/nvhe/hyp-main.nvhe.o
  CC      arch/arm64/mm/mmap.o
  CC [M]  arch/arm64/crypto/sha512-ce-glue.o
  CC      crypto/aead.o
  CC      ipc/ipc_sysctl.o
  CC      arch/arm64/kvm/hyp/vhe/../aarch32.o
  CC      lib/buildid.o
  CC      fs/stat.o
  CC      mm/fadvise.o
  CC      security/keys/request_key.o
  CC      arch/arm64/mm/pgd.o
  CC      init/version.o
  CC [M]  arch/arm64/crypto/sha3-ce-glue.o
  CC      arch/arm64/kvm/hyp/nvhe/hyp-smp.nvhe.o
  CC      ipc/mqueue.o
  CC      io_uring/advise.o
  CC      arch/arm64/kernel/setup.o
  CC      arch/arm64/kvm/hyp/vhe/../vgic-v2-cpuif-proxy.o
  CC      kernel/exit.o
  CC      lib/cpumask.o
  AR      init/built-in.a
  CC      arch/arm64/kvm/hyp/nvhe/psci-relay.nvhe.o
  CC [M]  arch/arm64/crypto/sm3-ce-glue.o
  CC      arch/arm64/mm/mmu.o
  CC      io_uring/filetable.o
  CC      crypto/geniv.o
  CC      block/blk-sysfs.o
  CC      crypto/skcipher.o
  CC      mm/maccess.o
  CC      arch/arm64/kvm/hyp/pgtable.o
  CC      arch/arm64/kernel/signal.o
  CC      arch/arm64/kvm/hyp/vhe/../exception.o
  CC [M]  arch/arm64/crypto/polyval-ce-glue.o
  CC      fs/exec.o
  CC      security/keys/request_key_auth.o
  CC      arch/arm64/kvm/hyp/nvhe/early_alloc.nvhe.o
  CC      lib/decompress_bunzip2.o
  CC      io_uring/openclose.o
  CC      arch/arm64/kernel/sys.o
  CC      security/keys/user_defined.o
  CC [M]  arch/arm64/crypto/crct10dif-ce-glue.o
  CC      ipc/namespace.o
  CC      mm/page-writeback.o
  CC      block/blk-flush.o
  CC      arch/arm64/kvm/hyp/nvhe/page_alloc.nvhe.o
  CC      lib/decompress_inflate.o
  CC      arch/arm64/kernel/stacktrace.o
  AR      arch/arm64/kvm/hyp/vhe/built-in.a
  CC      ipc/mq_sysctl.o
  CC      arch/arm64/mm/context.o
  CC      kernel/softirq.o
  CC [M]  arch/arm64/crypto/aes-glue-neon.o
  CC      mm/folio-compat.o
  CC      security/min_addr.o
  CC      block/blk-settings.o
  CC      security/keys/compat.o
  AR      ipc/built-in.a
  CC      fs/pipe.o
  CC      io_uring/uring_cmd.o
  CC      crypto/echainiv.o
  CC      lib/decompress_unlz4.o
  CC      arch/arm64/kernel/time.o
  CC      arch/arm64/kvm/hyp/nvhe/setup.nvhe.o
  CC      security/keys/proc.o
  CC      crypto/ahash.o
  CC      lib/decompress_unlzma.o
  CC      crypto/shash.o
  CC      crypto/akcipher.o
  CC      kernel/resource.o
  CC      arch/arm64/mm/pageattr.o
  CC [M]  arch/arm64/crypto/sha512-glue.o
  CC      mm/readahead.o
  CC      lib/decompress_unlzo.o
  CC      security/keys/sysctl.o
  CC      arch/arm64/kernel/traps.o
  CC      arch/arm64/kvm/hyp/nvhe/mm.nvhe.o
  CC      lib/decompress_unxz.o
  CC      block/blk-ioc.o
  CC      arch/arm64/mm/hugetlbpage.o
  CC      security/keys/keyctl_pkey.o
  CC      io_uring/epoll.o
  CC      fs/namei.o
  CC      arch/arm64/kvm/hyp/nvhe/mem_protect.nvhe.o
  CC      drivers/bus/arm-cci.o
  CC      crypto/kpp.o
  CC      drivers/irqchip/irqchip.o
  CC      lib/decompress_unzstd.o
  CC [M]  arch/arm64/crypto/chacha-neon-glue.o
  CC      arch/arm64/mm/trans_pgd.o
  CC      block/blk-map.o
  CC      lib/dump_stack.o
  CC      kernel/sysctl.o
  CC [M]  security/keys/trusted-keys/trusted_core.o
  CC      arch/arm64/kernel/vdso.o
  CC      io_uring/statx.o
  CC      kernel/capability.o
  CC      mm/swap.o
  CC      arch/arm64/kvm/hyp/nvhe/sys_regs.nvhe.o
  CC      drivers/irqchip/irq-gic.o
  CC      block/blk-merge.o
  CC [M]  arch/arm64/crypto/aes-neonbs-glue.o
  CC      drivers/bus/brcmstb_gisb.o
  CC      arch/arm64/mm/mteswap.o
  CC      crypto/rsa.o
  CC      io_uring/net.o
  CC      arch/arm64/kernel/psci.o
  CC      lib/extable.o
  CC      arch/arm64/kernel/cpu_ops.o
  CC      drivers/irqchip/irq-gic-common.o
  AR      arch/arm64/crypto/built-in.a
  LD [M]  arch/arm64/crypto/sha512-ce.o
  CC [M]  security/keys/trusted-keys/trusted_caam.o
  LD [M]  arch/arm64/crypto/sha3-ce.o
  LD [M]  arch/arm64/crypto/sm3-ce.o
  LD [M]  arch/arm64/crypto/polyval-ce.o
  LD [M]  arch/arm64/crypto/crct10dif-ce.o
  LD [M]  arch/arm64/crypto/aes-neon-blk.o
  LD [M]  arch/arm64/crypto/sha512-arm64.o
  LD [M]  arch/arm64/crypto/chacha-neon.o
  LD [M]  arch/arm64/crypto/aes-neon-bs.o
  CC      security/security.o
  CC      drivers/bus/fsl-mc/fsl-mc-bus.o
  CC      crypto/rsa-pkcs1pad.o
  AR      arch/arm64/mm/built-in.a
  CC      arch/arm64/kernel/return_address.o
  CC      lib/kobject.o
  CC      arch/arm64/kvm/hyp/nvhe/pkvm.nvhe.o
  CC      arch/arm64/kvm/hyp/nvhe/stacktrace.nvhe.o
  CC      lib/kobject_uevent.o
  CC      drivers/irqchip/irq-gic-v2m.o
  CC      drivers/bus/fsl-mc/mc-sys.o
  LD [M]  security/keys/trusted-keys/trusted.o
  AR      security/keys/built-in.a
  CC      drivers/irqchip/irq-gic-v3.o
  CC      crypto/acompress.o
  CC      kernel/ptrace.o
  CC      drivers/bus/simple-pm-bus.o
  CC      mm/truncate.o
  CC      block/blk-timeout.o
  CC      arch/arm64/kvm/hyp/nvhe/../vgic-v3-sr.nvhe.o
  CC      kernel/user.o
  CC      io_uring/msg_ring.o
  CC      arch/arm64/kernel/cpuinfo.o
  CC      drivers/phy/phy-core.o
  CC      drivers/bus/vexpress-config.o
  CC      drivers/bus/fsl-mc/mc-io.o
  CC      security/inode.o
  CC      fs/fcntl.o
  CC      crypto/scompress.o
  CC      arch/arm64/kernel/cpu_errata.o
  CC      lib/logic_pio.o
  CC      drivers/phy/phy-core-mipi-dphy.o
  CC      block/blk-lib.o
  CC      arch/arm64/kvm/hyp/nvhe/../aarch32.nvhe.o
  CC      mm/vmscan.o
  CC      io_uring/timeout.o
  CC      drivers/bus/fsl-mc/dpbp.o
  CC      drivers/irqchip/irq-gic-v3-mbi.o
  CC      lib/maple_tree.o
  CC      crypto/algboss.o
  CC      kernel/signal.o
  CC      arch/arm64/kernel/cpufeature.o
  CC      sound/sound_core.o
  CC      arch/arm64/kvm/hyp/nvhe/../vgic-v2-cpuif-proxy.nvhe.o
  CC [M]  samples/rpmsg/rpmsg_client_sample.o
  CC      crypto/testmgr.o
  CC      drivers/phy/phy-xgene.o
  CC      security/lsm_audit.o
  CC      block/blk-mq.o
  CC      drivers/bus/fsl-mc/dpcon.o
  CC      drivers/irqchip/irq-gic-v3-its.o
  CC      io_uring/sqpoll.o
  CC      fs/ioctl.o
  CC      drivers/phy/phy-mixel-lvds.o
  CC      drivers/pinctrl/core.o
  CC      arch/arm64/kvm/hyp/nvhe/../exception.nvhe.o
  CC      crypto/crypto_user_base.o
  CC      sound/core/sound.o
  CC      drivers/bus/fsl-mc/dprc.o
  CC      security/device_cgroup.o
  CC      drivers/bus/fsl-mc/dprc-driver.o
  CC      io_uring/fdinfo.o
  CC      sound/core/init.o
  CC      arch/arm64/kvm/hyp/nvhe/../pgtable.nvhe.o
  CC      arch/arm64/kernel/alternative.o
  CC      fs/readdir.o
  CC      drivers/phy/phy-mixel-lvds-combo.o
  CC      crypto/cmac.o
  CC      io_uring/tctx.o
  CC      drivers/bus/fsl-mc/fsl-mc-allocator.o
  CC      drivers/pinctrl/pinctrl-utils.o
  CC      crypto/hmac.o
  CC      mm/shmem.o
  CC      drivers/gpio/gpiolib.o
  CC      kernel/sys.o
  LD      arch/arm64/kvm/hyp/nvhe/kvm_nvhe.tmp.o
  HYPREL  arch/arm64/kvm/hyp/nvhe/hyp-reloc.S
  AS      arch/arm64/kvm/hyp/nvhe/hyp-reloc.o
  CC      drivers/pinctrl/pinmux.o
  CC      sound/core/memory.o
  LD      arch/arm64/kvm/hyp/nvhe/kvm_nvhe.rel.o
  HYPCOPY arch/arm64/kvm/hyp/nvhe/kvm_nvhe.o
  AR      arch/arm64/kvm/hyp/nvhe/built-in.a
  AR      arch/arm64/kvm/hyp/built-in.a
  CC      io_uring/poll.o
  CC      security/integrity/iint.o
  CC      arch/arm64/kvm/../../../virt/kvm/kvm_main.o
  CC      arch/arm64/kernel/cacheinfo.o
  CC      crypto/crypto_null.o
  CC      drivers/bus/fsl-mc/fsl-mc-msi.o
  CC      drivers/phy/cadence/phy-cadence-salvo.o
  CC      fs/select.o
  CC      drivers/irqchip/irq-gic-v3-its-platform-msi.o
  CC      security/integrity/integrity_audit.o
  CC      sound/core/control.o
  CC      drivers/bus/fsl-mc/dpmcp.o
  CC      lib/nmi_backtrace.o
  AR      drivers/phy/cadence/built-in.a
  CC      block/blk-mq-tag.o
  CC      drivers/phy/freescale/phy-fsl-imx8mp-lvds.o
  CC      drivers/irqchip/irq-gic-v4.o
  CC      crypto/sha1_generic.o
  CC      arch/arm64/kernel/smp.o
  CC      drivers/pinctrl/pinconf.o
  AR      security/integrity/built-in.a
  AR      security/built-in.a
  CC      arch/arm64/kernel/smp_spin_table.o
  CC      io_uring/cancel.o
  CC      drivers/bus/fsl-mc/obj-api.o
  CC      lib/radix-tree.o
  CC      drivers/irqchip/irq-gic-v3-its-pci-msi.o
  CC      drivers/phy/freescale/phy-fsl-imx8mq-usb.o
  CC      fs/dcache.o
  CC      drivers/pinctrl/pinconf-generic.o
  CC      crypto/sha256_generic.o
  CC      io_uring/kbuf.o
  CC      kernel/umh.o
  CC      drivers/irqchip/irq-gic-v3-its-fsl-mc-msi.o
  CC      drivers/bus/fsl-mc/fsl-mc-uapi.o
  CC      mm/util.o
  CC      drivers/gpio/gpiolib-devres.o
  CC      arch/arm64/kernel/topology.o
  CC      block/blk-stat.o
  CC      drivers/pinctrl/devicetree.o
  CC      drivers/phy/freescale/phy-fsl-imx93-mipi-dphy.o
  CC      net/devres.o
  CC      lib/seq_buf.o
  CC      drivers/irqchip/irq-partition-percpu.o
  AR      drivers/bus/fsl-mc/built-in.a
  AR      drivers/bus/built-in.a
  CC      net/socket.o
  CC      sound/core/misc.o
  CC      io_uring/rsrc.o
  CC      crypto/sha512_generic.o
  CC      kernel/workqueue.o
  CC      arch/arm64/kernel/syscall.o
  CC      drivers/phy/freescale/phy-fsl-imx8-mipi-dphy.o
  CC      drivers/gpio/gpiolib-legacy.o
  CC      drivers/pinctrl/pinctrl-max77620.o
  CC      drivers/irqchip/irq-imx-gpcv2.o
  CC      lib/show_mem.o
  CC      block/blk-mq-sysfs.o
  CC      mm/mmzone.o
  CC      block/blk-mq-cpumap.o
  CC      arch/arm64/kvm/../../../virt/kvm/eventfd.o
  CC      fs/inode.o
  CC      sound/core/device.o
  CC      arch/arm64/kernel/proton-pack.o
  CC      lib/vsprintf.o
  CC      crypto/gf128mul.o
  CC      drivers/gpio/gpiolib-of.o
  CC      drivers/phy/freescale/phy-fsl-imx8m-pcie.o
  CC      mm/vmstat.o
  CC      drivers/pinctrl/pinctrl-single.o
  CC      drivers/irqchip/irq-ls-extirq.o
  CC      io_uring/rw.o
  CC      fs/attr.o
  CC      sound/core/info.o
  CC      block/blk-mq-sched.o
drivers/phy/freescale/phy-fsl-imx8m-pcie.c: In function ‘imx8_pcie_phy_power_on’:
drivers/phy/freescale/phy-fsl-imx8m-pcie.c:132:9: warning: enumeration value ‘IMX8MP’ not handled in switch [-Wswitch]
  132 |         switch (imx8_phy->drvdata->variant) {
      |         ^~~~~~
  CC      drivers/phy/freescale/phy-fsl-imx8q-pcie.o
  CC      arch/arm64/kernel/idreg-override.o
  CC      crypto/ecb.o
  CC      drivers/irqchip/irq-ls-scfg-msi.o
  CC      drivers/gpio/gpiolib-cdev.o
  CC      arch/arm64/kvm/../../../virt/kvm/binary_stats.o
  CC      drivers/pinctrl/freescale/pinctrl-imx.o
  CC      crypto/ctr.o
  CC      sound/core/ctljack.o
  CC      arch/arm64/kernel/idle.o
  CC      crypto/gcm.o
  CC      io_uring/opdef.o
  CC      drivers/phy/freescale/phy-fsl-samsung-hdmi.o
  CC      drivers/irqchip/irq-imx-irqsteer.o
  CC      arch/arm64/kvm/../../../virt/kvm/vfio.o
  CC      fs/bad_inode.o
  CC      kernel/pid.o
  CC      arch/arm64/kernel/patching.o
  CC      mm/backing-dev.o
  CC      net/core/sock.o
  CC      block/ioctl.o
  CC      sound/core/jack.o
  CC      arch/arm64/kernel/sys32.o
  CC      drivers/pinctrl/freescale/pinctrl-scu.o
  AR      drivers/phy/freescale/built-in.a
  CC      io_uring/notif.o
  CC      drivers/phy/qualcomm/phy-qcom-usb-hs.o
  CC      drivers/irqchip/irq-imx-intmux.o
  CC      crypto/ccm.o
  CC      fs/file.o
  CC      virt/lib/irqbypass.o
  CC      arch/arm64/kvm/../../../virt/kvm/coalesced_mmio.o
  CC      arch/arm64/kernel/signal32.o
  CC      drivers/gpio/gpiolib-acpi.o
  CC      lib/win_minmax.o
  CC      sound/core/timer.o
  CC      drivers/pinctrl/freescale/pinctrl-imx8mm.o
  CC      drivers/irqchip/irq-sl28cpld.o
  AR      drivers/phy/qualcomm/built-in.a
  CC      mm/mm_init.o
  CC      drivers/phy/samsung/phy-samsung-usb2.o
  CC      io_uring/io-wq.o
  AR      virt/lib/built-in.a
  AR      virt/built-in.a
  CC [M]  drivers/irqchip/irq-imx-mu-msi.o
  CC      arch/arm64/kvm/../../../virt/kvm/irqchip.o
  CC      block/genhd.o
  CC      lib/bust_spinlocks.o
  CC      crypto/aes_generic.o
  CC      kernel/task_work.o
  CC      drivers/gpio/gpio-mmio.o
  CC      drivers/pinctrl/freescale/pinctrl-imx8mn.o
  CC      lib/bitmap.o
  AR      drivers/irqchip/built-in.a
  CC      block/ioprio.o
  CC      arch/arm64/kernel/sys_compat.o
  CC      arch/arm64/kvm/arm.o
  AR      drivers/phy/samsung/built-in.a
  AR      drivers/phy/built-in.a
  CC      sound/core/pcm.o
  CC      drivers/pinctrl/freescale/pinctrl-imx8mp.o
  CC      kernel/extable.o
  CC      crypto/deflate.o
  CC      fs/filesystems.o
  CC      mm/percpu.o
  CC      arch/arm64/kernel/module.o
  CC      drivers/gpio/gpio-adp5585.o
  CC      drivers/pinctrl/freescale/pinctrl-imx8mq.o
  CC      arch/arm64/kvm/mmu.o
  CC      mm/slab_common.o
  CC      crypto/michael_mic.o
  AR      io_uring/built-in.a
  CC      kernel/params.o
  CC      net/core/request_sock.o
  CC      block/badblocks.o
  CC      crypto/crc32c_generic.o
  CC      drivers/pinctrl/freescale/pinctrl-imx8qm.o
  CC      arch/arm64/kernel/module-plts.o
  CC      sound/core/pcm_native.o
  CC [M]  sound/drivers/aloop.o
  CC      lib/scatterlist.o
  CC      drivers/gpio/gpio-dwapb.o
  CC      fs/namespace.o
  CC      crypto/crct10dif_common.o
  CC      drivers/pinctrl/freescale/pinctrl-imx8qxp.o
  CC      drivers/gpio/gpio-imx-scu.o
  CC      arch/arm64/kernel/perf_regs.o
  CC      net/core/skbuff.o
  CC      block/partitions/core.o
  CC      net/compat.o
  CC      block/partitions/msdos.o
  CC      kernel/kthread.o
  CC      crypto/crct10dif_generic.o
  CC      drivers/pinctrl/freescale/pinctrl-imx8dxl.o
  CC      sound/core/pcm_lib.o
  CC      arch/arm64/kvm/mmio.o
  CC      drivers/gpio/gpio-max732x.o
  CC      lib/iov_iter.o
  LD [M]  sound/drivers/snd-aloop.o
  CC      fs/seq_file.o
  CC      arch/arm64/kernel/perf_callchain.o
  CC      mm/compaction.o
  CC      crypto/crc64_rocksoft_generic.o
  CC      drivers/pinctrl/freescale/pinctrl-imx8ulp.o
  CC      drivers/pwm/core.o
  CC      drivers/gpio/gpio-max77620.o
  CC      block/partitions/efi.o
  CC      arch/arm64/kvm/psci.o
  CC      block/blk-rq-qos.o
  CC      arch/arm64/kernel/perf_event.o
  CC      crypto/lzo.o
  CC      drivers/pinctrl/freescale/pinctrl-imx93.o
  CC      kernel/nsproxy.o
  CC      drivers/gpio/gpio-mb86s7x.o
  CC      net/llc/llc_core.o
  CC      drivers/pinctrl/freescale/pinctrl-s32v234.o
  CC      crypto/lzo-rle.o
  CC      arch/arm64/kvm/hypercalls.o
  CC      drivers/pwm/sysfs.o
  AR      block/partitions/built-in.a
  CC      block/disk-events.o
  CC      crypto/rng.o
  CC      crypto/ansi_cprng.o
  CC      drivers/pinctrl/freescale/pinctrl-s32v-core.o
  CC      arch/arm64/kernel/hw_breakpoint.o
  CC      kernel/notifier.o
  CC      drivers/gpio/gpio-mpc8xxx.o
  CC      sound/core/pcm_misc.o
  CC      kernel/ksysfs.o
  CC      drivers/pwm/pwm-adp5585.o
  CC      fs/xattr.o
  CC      sound/core/pcm_memory.o
  CC      arch/arm64/kvm/pvtime.o
  CC      lib/bsearch.o
  CC      net/llc/llc_input.o
  AR      drivers/pinctrl/freescale/built-in.a
  AR      drivers/pinctrl/built-in.a
  CC      fs/libfs.o
  CC      drivers/gpio/gpio-mxc.o
  CC      drivers/pwm/pwm-imx27.o
  CC      crypto/drbg.o
  CC      arch/arm64/kernel/suspend.o
  CC      block/blk-ia-ranges.o
  CC      arch/arm64/kvm/inject_fault.o
  CC      kernel/cred.o
  CC      mm/interval_tree.o
  CC      net/llc/llc_output.o
  CC      lib/kfifo.o
  CC      sound/core/memalloc.o
  CC      drivers/pwm/pwm-rpmsg-imx.o
  CC      net/ethernet/eth.o
  CC      arch/arm64/kernel/cpuidle.o
  CC      drivers/gpio/gpio-pca953x.o
  CC      net/llc/llc_if.o
  CC      mm/list_lru.o
  CC      drivers/gpio/gpio-pl061.o
  CC      crypto/jitterentropy-kcapi.o
  CC [M]  drivers/pwm/pwm-cros-ec.o
  CC      arch/arm64/kernel/efi.o
  CC      block/bsg.o
  CC      net/core/datagram.o
  CC      kernel/reboot.o
  CC      arch/arm64/kvm/va_layout.o
  CC      fs/fs-writeback.o
  CC      lib/percpu-refcount.o
  CC      crypto/ghash-generic.o
  CC [M]  drivers/pwm/pwm-fsl-ftm.o
  CC      sound/core/pcm_timer.o
  CC      sound/core/pcm_drm_eld.o
  CC      arch/arm64/kvm/handle_exit.o
  CC      drivers/gpio/gpio-imx-rpmsg.o
  CC      crypto/zstd.o
  CC      net/llc/llc_c_ev.o
  CC      arch/arm64/kernel/pci.o
  CC      crypto/ecc.o
  CC [M]  drivers/pwm/pwm-sl28cpld.o
  CC      lib/rhashtable.o
  CC      mm/workingset.o
  CC      block/bsg-lib.o
  CC      drivers/pci/access.o
  AR      net/ethernet/built-in.a
  CC      net/802/p8022.o
  CC      sound/core/pcm_iec958.o
  CC      arch/arm64/kvm/guest.o
  CC      net/802/psnap.o
  CC      kernel/async.o
  CC      drivers/gpio/gpio-xgene.o
  AR      drivers/pwm/built-in.a
  CC      mm/debug.o
  CC      net/core/stream.o
  CC      arch/arm64/kernel/acpi.o
  CC      crypto/ecdh.o
  CC      net/llc/llc_c_ac.o
  CC [M]  drivers/gpio/gpio-regmap.o
  CC      fs/pnode.o
  CC      sound/core/pcm_dmaengine.o
  CC      kernel/smpboot.o
  CC      drivers/pci/bus.o
  CC      fs/splice.o
  CC      lib/once.o
  CC      block/blk-cgroup.o
  CC      arch/arm64/kvm/vgic/vgic-debug.o
  CC      crypto/asymmetric_keys/asymmetric_type.o
  CC      net/802/stp.o
  CC [M]  drivers/gpio/gpio-altera.o
  CC      mm/gup.o
  CC      drivers/video/aperture.o
  CC      net/llc/llc_conn.o
  CC      arch/arm64/kernel/acpi_numa.o
  CC      arch/arm64/kvm/pmu-emul.o
  CC      net/core/scm.o
  CC      kernel/ucount.o
  CC [M]  drivers/gpio/gpio-bd9571mwv.o
  CC      lib/bucket_locks.o
  CC      sound/core/rawmidi.o
  CC      crypto/asymmetric_keys/restrict.o
  CC      drivers/pci/probe.o
  CC      arch/arm64/kvm/pmu.o
  CC      arch/arm64/kernel/paravirt.o
  CC      net/802/garp.o
  CC      crypto/asymmetric_keys/signature.o
  CC [M]  drivers/gpio/gpio-sl28cpld.o
  CC      kernel/kmod.o
  CC      fs/sync.o
  CC      lib/string_helpers.o
  AR      arch/arm64/kvm/built-in.a
  CC      block/mq-deadline.o
  CC      drivers/pci/host-bridge.o
  CC      drivers/video/hdmi.o
  CC      net/llc/llc_c_st.o
  CC      arch/arm64/kernel/elfcore.o
  CC [M]  drivers/gpio/gpio-wcd934x.o
  CC      crypto/asymmetric_keys/public_key.o
  CC      net/llc/llc_pdu.o
  CC      mm/mmap_lock.o
  CC      net/core/gen_stats.o
  CC      arch/arm64/kernel/machine_kexec.o
  AR      drivers/gpio/built-in.a
  CC      sound/core/compress_offload.o
  CC      kernel/groups.o
  CC      fs/utimes.o
  CC      net/802/mrp.o
  CC      drivers/video/console/dummycon.o
  CC      net/core/gen_estimator.o
  CC      lib/debug_info.o
  CC      lib/math/rational.o
  CC      drivers/video/logo/logo.o
  CC      drivers/pci/remove.o
  CC      mm/highmem.o
  CC      net/llc/llc_sap.o
  CC      block/kyber-iosched.o
  CC      crypto/asymmetric_keys/x509_public_key.o
  CC      arch/arm64/kernel/machine_kexec_file.o
  AR      drivers/video/logo/built-in.a
  CC      mm/memory.o
  CC      drivers/pci/pci.o
  CC      crypto/asymmetric_keys/pkcs7_parser.o
  CC      mm/mincore.o
  AR      lib/math/built-in.a
  CC      fs/d_path.o
  CC      kernel/sched/core.o
  AR      drivers/video/console/built-in.a
  CC      arch/arm64/kernel/kexec_image.o
  CC      drivers/video/backlight/backlight.o
  CC      fs/stack.o
  CC      mm/mlock.o
  CC [M]  sound/core/hwdep.o
  CC      net/llc/llc_s_ac.o
  CC      block/bio-integrity.o
  AR      net/802/built-in.a
  CC      block/blk-integrity.o
  CC      lib/crypto/memneq.o
  CC      net/core/net_namespace.o
  CC      arch/arm64/kernel/crash_dump.o
  AR      crypto/asymmetric_keys/built-in.a
  CC [M]  crypto/crypto_engine.o
  CC      drivers/pci/pci-driver.o
  CC      kernel/locking/mutex.o
  CC      fs/fs_struct.o
  CC      arch/arm64/kernel/crash_core.o
  CC      net/llc/llc_s_ev.o
  CC      lib/crypto/utils.o
  AR      sound/core/built-in.a
  LD [M]  sound/core/snd-hwdep.o
  CC [M]  sound/usb/card.o
  CC      drivers/video/backlight/gpio_backlight.o
  CC      arch/arm64/kernel/pointer_auth.o
  CC [M]  crypto/dh.o
  CC      kernel/sched/fair.o
  CC      fs/statfs.o
  CC      block/t10-pi.o
  CC      lib/crypto/aes.o
  CC      net/llc/llc_s_st.o
  CC      drivers/video/backlight/pwm_bl.o
  CC      kernel/locking/semaphore.o
  CC      arch/arm64/kernel/mte.o
  CC [M]  crypto/vmac.o
  CC      kernel/power/qos.o
  CC      net/core/secure_seq.o
  CC [M]  crypto/xcbc.o
  CC [M]  sound/usb/clock.o
  CC      net/llc/af_llc.o
  CC      lib/crypto/arc4.o
  CC      fs/fs_pin.o
  CC [M]  drivers/video/backlight/lp855x_bl.o
  CC [M]  crypto/md4.o
  CC      net/core/flow_dissector.o
  CC      kernel/locking/rwsem.o
  AR      arch/arm64/kernel/built-in.a
  AR      arch/arm64/built-in.a
  CC [M]  sound/usb/endpoint.o
  CC      kernel/power/main.o
  CC      drivers/video/fbdev/core/fb_cmdline.o
  CC      drivers/pci/search.o
  CC      fs/nsfs.o
  CC      block/blk-mq-pci.o
  CC [M]  crypto/md5.o
  CC      lib/crypto/blake2s.o
  AR      drivers/video/backlight/built-in.a
  CC      net/llc/llc_station.o
  CC      mm/mmap.o
  CC      drivers/video/fbdev/core/fb_notify.o
  CC      drivers/video/fbdev/core/fbmem.o
  CC      lib/crypto/blake2s-generic.o
  CC      fs/fs_types.o
  CC      kernel/locking/percpu-rwsem.o
  CC [M]  sound/usb/format.o
  CC      net/llc/llc_proc.o
  CC      drivers/pci/pci-sysfs.o
  CC [M]  crypto/rmd160.o
  CC      kernel/locking/spinlock.o
  CC      kernel/power/console.o
  CC      block/blk-mq-virtio.o
  CC      mm/mmu_gather.o
  CC      lib/crypto/sha1.o
  CC      fs/fs_context.o
  CC [M]  sound/usb/helper.o
  CC      mm/mprotect.o
  CC      net/core/sysctl_net_core.o
  AR      kernel/locking/built-in.a
  CC [M]  crypto/sha3_generic.o
  CC      net/core/dev.o
  CC      net/llc/sysctl_net_llc.o
  CC      kernel/sched/build_policy.o
  CC      drivers/pci/rom.o
  CC      lib/crypto/sha256.o
  CC      drivers/video/fbdev/core/fbmon.o
  CC [M]  sound/usb/implicit.o
  AR      kernel/power/built-in.a
  CC      drivers/pci/setup-res.o
  CC      block/blk-mq-debugfs.o
  AR      net/llc/built-in.a
  CC      drivers/char/ipmi/ipmi_dmi.o
  CC [M]  crypto/sm3.o
  CC      fs/fs_parser.o
  CC      net/ethtool/ioctl.o
  CC [M]  sound/usb/mixer.o
  CC      mm/mremap.o
  CC      drivers/char/ipmi/ipmi_plat_data.o
  CC [M]  lib/crypto/libchacha.o
  CC      block/blk-pm.o
  CC [M]  drivers/char/ipmi/ipmi_msghandler.o
  CC      drivers/pci/irq.o
  CC [M]  crypto/sm3_generic.o
  CC      fs/fsopen.o
  CC      mm/msync.o
  CC [M]  lib/crypto/curve25519-generic.o
  CC      drivers/video/fbdev/core/fbcmap.o
  CC [M]  net/netfilter/nf_conntrack_ecache.o
  CC [M]  net/netfilter/nf_conntrack_proto_dccp.o
  CC      drivers/pci/vpd.o
  CC      block/holder.o
  CC [M]  crypto/streebog_generic.o
  CC      mm/page_vma_mapped.o
  CC      net/core/dev_addr_lists.o
  CC [M]  lib/crypto/des.o
  CC [M]  sound/usb/mixer_quirks.o
  CC      drivers/acpi/tables.o
  CC      fs/netfs/main.o
  CC [M]  crypto/wp512.o
  CC      drivers/video/fbdev/core/fbsysfs.o
  CC      drivers/pci/setup-bus.o
  CC      lib/pci_iomap.o
  AR      mm/built-in.a
  CC      drivers/acpi/osi.o
  CC      drivers/video/fbdev/mxc/mxc_edid.o
  AR      block/built-in.a
  CC [M]  drivers/char/ipmi/ipmi_devintf.o
  CC [M]  net/netfilter/nf_conntrack_proto_sctp.o
  CC [M]  crypto/blake2b_generic.o
  CC      fs/netfs/objects.o
  CC [M]  lib/crypto/poly1305.o
  CC      drivers/video/fbdev/mxc/mxc_epdc_v2_fb.o
  CC [M]  sound/usb/mixer_scarlett.o
  AR      net/ethtool/built-in.a
  CC [M]  crypto/cbc.o
  AR      kernel/sched/built-in.a
  CC      drivers/video/fbdev/core/modedb.o
  CC      drivers/video/fbdev/amba-clcd.o
  CC      drivers/acpi/osl.o
  CC      kernel/time/vsyscall.o
  AR      fs/netfs/built-in.a
  CC [M]  drivers/char/ipmi/ipmi_si_intf.o
  AR      lib/crypto/built-in.a
  LD [M]  lib/crypto/libcurve25519-generic.o
  LD [M]  lib/crypto/libdes.o
  LD [M]  lib/crypto/libpoly1305.o
  CC      lib/devres.o
  CC      fs/ext4/bitmap.o
  CC      fs/ext4/block_validity.o
  CC [M]  net/netfilter/nf_log_syslog.o
  CC [M]  sound/usb/mixer_scarlett2.o
  CC      net/ipv4/udp.o
  AR      crypto/built-in.a
  LD [M]  crypto/dh_generic.o
  CC      fs/ext4/dir.o
  CC      kernel/time/timekeeping_debug.o
  CC [M]  sound/usb/mixer_us16x08.o
  CC      drivers/pnp/core.o
  CC      drivers/pci/vc.o
  CC      kernel/time/namespace.o
  CC      lib/linear_ranges.o
  CC [M]  net/netfilter/nf_nat_core.o
  CC [M]  drivers/char/ipmi/ipmi_kcs_sm.o
  CC      drivers/video/fbdev/core/fbcvt.o
  CC      drivers/acpi/utils.o
  CC      lib/packing.o
  CC      fs/ext2/balloc.o
  CC      drivers/pci/mmap.o
  CC      fs/ext4/ext4_jbd2.o
  CC      drivers/pnp/card.o
  AR      kernel/time/built-in.a
  CC      kernel/smp.o
  CC [M]  sound/usb/mixer_s1810c.o
  CC      drivers/pnp/driver.o
  AR      drivers/video/fbdev/mxc/built-in.a
  CC      drivers/pnp/resource.o
  CC      fs/ext4/extents.o
  CC [M]  drivers/char/ipmi/ipmi_smic_sm.o
  CC      drivers/video/fbdev/core/fb_defio.o
  CC      drivers/pci/setup-irq.o
  CC      lib/crc16.o
  CC      drivers/acpi/reboot.o
  CC      fs/ext2/dir.o
  CC [M]  net/netfilter/nf_nat_proto.o
  CC      drivers/pci/msi/pcidev_msi.o
  CC [M]  sound/usb/pcm.o
  AR      drivers/clk/versatile/built-in.a
  AR      drivers/clk/built-in.a
  CC      net/ipv4/udplite.o
  CC      drivers/pnp/manager.o
  CC [M]  drivers/char/ipmi/ipmi_bt_sm.o
  CC      lib/crc-t10dif.o
  CC      kernel/uid16.o
  CC      fs/ext2/file.o
  AR      net/core/built-in.a
  CC      drivers/pnp/support.o
  CC      drivers/acpi/nvs.o
  CC      drivers/pci/msi/msi.o
  CC      sound/soc/soc-core.o
  CC [M]  drivers/char/ipmi/ipmi_si_hotmod.o
  CC      drivers/video/fbdev/core/fbcon.o
  CC      fs/ext2/ialloc.o
  CC      lib/crc-itu-t.o
  CC      kernel/kallsyms.o
  CC [M]  net/netfilter/nf_nat_helper.o
  CC      drivers/pnp/interface.o
  CC      drivers/acpi/wakeup.o
  CC      net/ipv4/udp_offload.o
  CC [M]  sound/usb/power.o
  CC [M]  drivers/char/ipmi/ipmi_si_hardcode.o
  CC [M]  net/netfilter/nf_nat_masquerade.o
  CC      lib/crc32.o
  CC      drivers/pnp/quirks.o
  CC      drivers/pci/msi/irqdomain.o
  CC [M]  sound/usb/proc.o
  CC      fs/ext2/inode.o
  CC      fs/jbd2/transaction.o
  CC [M]  drivers/char/ipmi/ipmi_si_platform.o
  CC      kernel/acct.o
  CC      drivers/acpi/device_sysfs.o
  CC      drivers/pnp/system.o
  CC      fs/ext4/extents_status.o
  CC [M]  sound/usb/quirks.o
  CC [M]  drivers/char/ipmi/ipmi_si_port_io.o
  CC [M]  drivers/char/ipmi/ipmi_si_mem_io.o
  CC      net/ipv4/arp.o
  AR      drivers/pci/msi/built-in.a
  CC      sound/soc/soc-dapm.o
  CC      drivers/pci/pcie/portdrv_core.o
  CC      lib/crc64.o
  CC      fs/ext2/ioctl.o
  CC [M]  net/netfilter/nf_dup_netdev.o
  CC      kernel/crash_core.o
  CC      drivers/pnp/pnpacpi/core.o
  CC      drivers/video/fbdev/core/bitblit.o
  CC      drivers/acpi/device_pm.o
  CC      lib/crc7.o
  CC [M]  drivers/char/ipmi/ipmi_si_pci.o
  CC      fs/ext2/namei.o
  CC      fs/jbd2/commit.o
  CC [M]  sound/usb/stream.o
  CC      fs/squashfs/block.o
  CC      drivers/pci/pcie/portdrv_pci.o
  CC      fs/ext4/file.o
  CC      net/ipv6/tcp_ipv6.o
  CC      kernel/kexec_core.o
  CC      lib/libcrc32c.o
  CC      fs/ext2/super.o
  CC      drivers/pnp/pnpacpi/rsparser.o
  AR      drivers/char/ipmi/built-in.a
  LD [M]  drivers/char/ipmi/ipmi_si.o
  CC      drivers/video/fbdev/core/softcursor.o
  CC [M]  sound/usb/validate.o
  CC      fs/squashfs/cache.o
  CC      drivers/pci/pcie/rcec.o
  CC [M]  net/netfilter/nft_compat.o
  CC      fs/ext4/fsmap.o
  CC      drivers/acpi/bus.o
  CC      lib/crc8.o
  CC      fs/squashfs/dir.o
  CC [M]  sound/usb/media.o
  AR      drivers/pnp/pnpacpi/built-in.a
  AR      drivers/pnp/built-in.a
  CC      drivers/video/fbdev/core/cfbfillrect.o
  CC      net/ipv4/icmp.o
  CC      fs/jbd2/recovery.o
  CC      kernel/kexec.o
  CC      drivers/pci/pcie/aspm.o
  CC      net/bridge/br_multicast_eht.o
  CC      fs/squashfs/export.o
  CC      fs/ext2/symlink.o
  CC      sound/soc/soc-jack.o
  CC      lib/crc64-rocksoft.o
  CC [M]  sound/usb/midi.o
  CC      kernel/kexec_file.o
  CC      drivers/video/fbdev/core/cfbcopyarea.o
  CC      fs/ext4/fsync.o
  CC      fs/squashfs/file.o
  CC      fs/jbd2/checkpoint.o
  CC [M]  net/netfilter/nft_ct.o
  AR      fs/ext2/built-in.a
  CC      drivers/acpi/glue.o
  CC      drivers/pci/pcie/pme.o
  CC      net/ipv6/ping.o
  CC      lib/xxhash.o
  CC      kernel/compat.o
  CC      drivers/pci/proc.o
  CC      net/bridge/br_vlan.o
  CC      fs/squashfs/fragment.o
  CC      fs/jbd2/revoke.o
  CC      fs/ext4/hash.o
  CC      sound/soc/soc-utils.o
  CC      kernel/cgroup/cgroup.o
  AR      drivers/pci/pcie/built-in.a
  CC [M]  net/netfilter/nft_nat.o
  AR      drivers/video/fbdev/core/built-in.a
  AR      drivers/video/fbdev/built-in.a
  AR      drivers/video/built-in.a
  CC      drivers/acpi/scan.o
  CC      kernel/cgroup/rstat.o
  CC      net/ipv4/devinet.o
  CC      fs/squashfs/id.o
  LD [M]  sound/usb/snd-usb-audio.o
  CC      drivers/pci/slot.o
  LD [M]  sound/usb/snd-usbmidi-lib.o
  CC      fs/ext4/ialloc.o
  CC      fs/ramfs/inode.o
  AR      lib/lib.a
  AR      lib/built-in.a
  CC      drivers/acpi/resource.o
  CC      fs/jbd2/journal.o
  CC      net/ipv4/af_inet.o
  CC      fs/squashfs/inode.o
  CC      net/bluetooth/mgmt_util.o
  CC      fs/ext4/indirect.o
  CC      net/ipv6/exthdrs.o
  CC [M]  net/netfilter/nft_masq.o
  CC      fs/ramfs/file-mmu.o
  CC      drivers/pci/pci-acpi.o
  CC      fs/squashfs/namei.o
  CC [M]  sound/soc/fsl/imx-sgtl5000.o
  AR      fs/ramfs/built-in.a
  CC      net/ipv6/datagram.o
  CC [M]  sound/soc/fsl/imx-spdif.o
  CC      net/bluetooth/mgmt_config.o
  CC      drivers/acpi/acpi_processor.o
  CC      kernel/cgroup/namespace.o
  CC      fs/ext4/inline.o
  CC      fs/squashfs/super.o
  CC [M]  net/netfilter/nft_chain_nat.o
  CC      drivers/pci/of.o
  CC [M]  sound/soc/fsl/imx-audmix.o
  CC      net/bridge/br_vlan_tunnel.o
  CC      drivers/acpi/processor_core.o
  CC      net/bluetooth/hci_codec.o
  AR      fs/jbd2/built-in.a
  CC [M]  net/netfilter/nft_dup_netdev.o
  CC      net/ipv6/ip6_flowlabel.o
  CC      fs/squashfs/symlink.o
  CC      fs/ext4/inode.o
  CC      net/ipv4/igmp.o
  CC      drivers/pci/quirks.o
  CC      kernel/cgroup/cgroup-v1.o
  CC      net/sunrpc/timer.o
  CC [M]  sound/soc/fsl/imx-hdmi.o
  CC      fs/hugetlbfs/inode.o
  CC      fs/squashfs/decompressor.o
  CC      net/bridge/br_vlan_options.o
  CC [M]  net/netfilter/nft_fwd_netdev.o
  CC      net/bluetooth/eir.o
  CC      net/ipv4/fib_frontend.o
  CC [M]  sound/soc/fsl/imx-rpmsg.o
  CC      net/bridge/br_mst.o
  AR      drivers/acpi/built-in.a
  CC      net/wireless/nl80211.o
  CC      net/mac80211/status.o
  CC      fs/squashfs/page_actor.o
  CC      kernel/cgroup/freezer.o
  CC      net/sunrpc/xdr.o
  CC      net/ipv6/inet6_connection_sock.o
  AR      fs/hugetlbfs/built-in.a
  CC      net/bridge/br_switchdev.o
  CC      net/sunrpc/sunrpc_syms.o
  CC      net/bluetooth/hci_sync.o
  CC [M]  net/netfilter/nf_flow_table_core.o
  CC [M]  sound/soc/fsl/imx-card.o
  CC      fs/squashfs/file_cache.o
  CC      kernel/cgroup/legacy_freezer.o
  CC      net/ipv4/fib_semantics.o
  CC      fs/squashfs/decompressor_single.o
  AR      drivers/pci/built-in.a
  CC      drivers/tty/vt/consolemap.o
  CC [M]  sound/soc/fsl/imx-pcm512x.o
  CC      kernel/cgroup/pids.o
  CC [M]  net/netfilter/nf_flow_table_ip.o
  CC      net/mac80211/driver-ops.o
  CC [M]  net/bridge/netfilter/ebtables.o
  CC      net/ipv6/udp_offload.o
  CC      fs/squashfs/xz_wrapper.o
  CC      kernel/cgroup/cpuset.o
  CC      net/sunrpc/cache.o
  CC      fs/ext4/ioctl.o
  CC      kernel/user_namespace.o
  AR      sound/soc/fsl/built-in.a
  LD [M]  sound/soc/fsl/snd-soc-fsl-audmix.o
  LD [M]  sound/soc/fsl/snd-soc-fsl-asoc-card.o
  LD [M]  sound/soc/fsl/snd-soc-fsl-asrc.o
  LD [M]  sound/soc/fsl/snd-soc-fsl-sai.o
  LD [M]  sound/soc/fsl/snd-soc-fsl-ssi.o
  LD [M]  sound/soc/fsl/snd-soc-fsl-spdif.o
  LD [M]  sound/soc/fsl/snd-soc-fsl-esai.o
  LD [M]  sound/soc/fsl/snd-soc-fsl-micfil.o
  LD [M]  sound/soc/fsl/snd-soc-fsl-utils.o
  LD [M]  sound/soc/fsl/snd-soc-fsl-mqs.o
  LD [M]  sound/soc/fsl/snd-soc-fsl-easrc.o
  LD [M]  sound/soc/fsl/snd-soc-fsl-xcvr.o
  LD [M]  sound/soc/fsl/snd-soc-fsl-aud2htx.o
  LD [M]  sound/soc/fsl/snd-soc-fsl-rpmsg.o
  LD [M]  sound/soc/fsl/snd-soc-imx-audmux.o
./scripts/check-local-export: aarch64-linux-gnu-nm failed
Terminated
make[4]: *** [scripts/Makefile.build:250: drivers/tty/vt/consolemap.o] Error 143
make[4]: *** Deleting file 'drivers/tty/vt/consolemap.o'
make[3]: *** [scripts/Makefile.build:503: drivers/tty/vt] Error 2
make[2]: *** [scripts/Makefile.build:503: drivers/tty] Error 2
make[1]: *** [scripts/Makefile.build:503: drivers] Error 2
make[1]: *** Waiting for unfinished jobs....
  LD [M]  sound/soc/fsl/snd-soc-imx-sgtl5000.o
  CC      fs/ext4/mballoc.o
  LD [M]  sound/soc/fsl/snd-soc-imx-spdif.o
  LD [M]  sound/soc/fsl/snd-soc-imx-audmix.o
  LD [M]  sound/soc/fsl/snd-soc-imx-hdmi.o
  LD [M]  sound/soc/fsl/snd-soc-imx-rpmsg.o
  LD [M]  sound/soc/fsl/snd-soc-imx-card.o
  LD [M]  sound/soc/fsl/snd-soc-imx-pcm512x.o
  CC      fs/squashfs/zlib_wrapper.o
  CC      net/wireless/mlme.o
  CC [M]  sound/soc/sof/imx/imx8.o
  CC      fs/ext4/migrate.o
  CC      net/ipv6/seg6.o
  CC      net/mac80211/sta_info.o
  AR      fs/squashfs/built-in.a
  CC      net/9p/trans_fd.o
  CC      net/mac80211/wep.o
  CC [M]  sound/soc/sof/imx/imx8m.o
  CC [M]  net/netfilter/nf_flow_table_offload.o
  CC      net/ipv6/fib6_notifier.o
  CC [M]  net/netfilter/x_tables.o
  CC      net/ipv4/fib_trie.o
  CC      net/sunrpc/rpc_pipe.o
  CC      net/bluetooth/sco.o
  CC      net/mac80211/aead_api.o
  AR      kernel/cgroup/built-in.a
  CC      kernel/pid_namespace.o
  CC [M]  sound/soc/sof/imx/imx8ulp.o
  CC      net/ipv6/rpl.o
  CC      net/9p/trans_virtio.o
  CC      net/ipv6/ioam6.o
  CC      net/ipv6/sysctl_net_ipv6.o
  CC [M]  net/bridge/br_netfilter_hooks.o
  CC      net/sunrpc/sysfs.o
  CC [M]  sound/soc/sof/imx/imx-common.o
  CC      kernel/stop_machine.o
  CC [M]  sound/soc/sof/core.o
  CC [M]  net/bridge/br_netfilter_ipv6.o
  CC      fs/ext4/mmp.o
  CC      net/bluetooth/iso.o
  CC      net/mac80211/wpa.o
  AR      net/9p/built-in.a
  CC      fs/ext4/move_extent.o
  CC      net/sunrpc/svc_xprt.o
  CC [M]  net/netfilter/xt_tcpudp.o
  CC      fs/fat/dir.o
  LD [M]  sound/soc/sof/imx/snd-sof-imx8.o
  LD [M]  sound/soc/sof/imx/snd-sof-imx8m.o
aarch64-linux-gnu-ld: cannot find sound/soc/sof/imx/imx8m.o: No such file or directory
make[5]: *** [scripts/Makefile.build:463: sound/soc/sof/imx/snd-sof-imx8m.o] Error 1
make[4]: *** [scripts/Makefile.build:503: sound/soc/sof/imx] Error 2
make[4]: *** Waiting for unfinished jobs....
  CC      fs/fat/fatent.o
  CC      net/ipv6/netfilter.o
  CC      kernel/audit.o
  CC      net/dns_resolver/dns_key.o
  CC      net/ipv4/fib_notifier.o
  CC      kernel/auditfilter.o
make[3]: *** [scripts/Makefile.build:503: sound/soc/sof] Error 2
make[2]: *** [scripts/Makefile.build:503: sound/soc] Error 2
make[1]: *** [scripts/Makefile.build:503: sound] Error 2
  CC      fs/ext4/namei.o
  CC      net/bluetooth/leds.o
  AR      net/bridge/built-in.a
  LD [M]  net/bridge/br_netfilter.o
  CC      net/ipv4/inet_fragment.o
  CC      kernel/auditsc.o
  CC      net/dns_resolver/dns_query.o
  CC [M]  net/netfilter/xt_mark.o
  CC      net/mac80211/scan.o
  CC      net/ipv4/ping.o
fixdep: error opening file: fs/fat/.fatent.o.d: No such file or directory
make[3]: *** [scripts/Makefile.build:250: fs/fat/fatent.o] Error 2
make[3]: *** Deleting file 'fs/fat/fatent.o'
make[3]: *** Waiting for unfinished jobs....
  CC      net/sunrpc/xprtmultipath.o
  CC      kernel/audit_watch.o
  CC      net/bluetooth/rfcomm/core.o
make[2]: *** [scripts/Makefile.build:503: fs/fat] Error 2
make[2]: *** Waiting for unfinished jobs....
  CC      net/sunrpc/backchannel_rqst.o
  CC [M]  net/netfilter/xt_nat.o
  CC      net/switchdev/switchdev.o
  CC      net/ipv6/proc.o
  CC      kernel/audit_fsnotify.o
  AR      net/dns_resolver/built-in.a
  CC [M]  net/netfilter/xt_CHECKSUM.o
  CC      net/bluetooth/bnep/core.o
  CC      net/bluetooth/rfcomm/sock.o
  CC      net/bluetooth/bnep/sock.o
  CC      net/mac80211/offchannel.o
  CC      net/bluetooth/hidp/core.o
  CC [M]  net/ipv6/netfilter/ip6_tables.o
  CC      fs/ext4/page-io.o
  CC      net/bluetooth/rfcomm/tty.o
  CC      kernel/audit_tree.o
  CC      fs/ext4/readpage.o
  CC      net/ipv4/ip_tunnel_core.o
  CC [M]  net/netfilter/xt_LOG.o
  CC      net/ipv6/addrconf_core.o
  CC      net/sunrpc/stats.o
  CC [M]  net/dsa/dsa.o
  AR      net/switchdev/built-in.a
  CC      net/ipv4/gre_offload.o
  CC      net/bluetooth/bnep/netdev.o
  CC      net/wireless/trace.o
  CC [M]  net/netfilter/xt_MASQUERADE.o
  CC      net/sunrpc/sysctl.o
  CC      fs/ext4/resize.o
  CC      kernel/seccomp.o
  AR      net/bluetooth/rfcomm/built-in.a
  CC      net/ipv4/metrics.o
  CC      net/bluetooth/hidp/sock.o
  CC      net/mac80211/ht.o
  CC      net/wireless/ocb.o
  AR      net/bluetooth/bnep/built-in.a
  CC      fs/ext4/super.o
  CC [M]  net/can/af_can.o
  CC [M]  net/ipv6/netfilter/ip6table_filter.o
  CC [M]  net/netfilter/xt_addrtype.o
  CC [M]  net/nfc/core.o
  CC [M]  net/nfc/netlink.o
  CC [M]  net/can/proc.o
  CC      net/sunrpc/auth_gss/auth_gss.o
  CC [M]  net/dsa/dsa2.o
  CC      net/wireless/pmsr.o
  CC      net/mac80211/agg-tx.o
  AR      net/bluetooth/hidp/built-in.a
  AR      net/bluetooth/built-in.a
  CC [M]  net/dsa/master.o
  CC      kernel/relay.o
  CC [M]  net/netfilter/xt_conntrack.o
  CC      net/ipv4/netlink.o
  CC      net/ipv6/exthdrs_core.o
  CC [M]  net/qrtr/af_qrtr.o
  CC [M]  net/ipv6/netfilter/ip6table_mangle.o
  CC      net/wireless/of.o
  CC [M]  net/can/raw.o
  CC [M]  net/dsa/netlink.o
  CC      net/sunrpc/auth_gss/gss_generic_token.o
  CC [M]  net/netfilter/xt_ipvs.o
  CC [M]  net/nfc/af_nfc.o
  CC      kernel/taskstats.o
  CC      net/ipv4/nexthop.o
  CC      net/ipv6/ip6_checksum.o
  CC      net/mac80211/agg-rx.o
  CC [M]  net/ipv6/netfilter/ip6table_nat.o
  CC      net/ipv4/udp_tunnel_stub.o
  CC [M]  net/netfilter/ipvs/ip_vs_conn.o
  CC [M]  net/can/bcm.o
  CC      net/wireless/wext-compat.o
  CC [M]  net/dsa/port.o
  CC      net/sunrpc/auth_gss/gss_mech_switch.o
  CC [M]  net/qrtr/ns.o
  CC      net/wireless/wext-sme.o
  CC      kernel/tsacct.o
  CC      fs/ext4/symlink.o
  CC [M]  net/nfc/rawsock.o
  CC      kernel/trace/trace_clock.o
  CC [M]  net/ipv6/netfilter/nf_defrag_ipv6_hooks.o
  CC [M]  net/ipv6/netfilter/nf_conntrack_reasm.o
  CC      net/wireless/shipped-certs.o
  CC      net/sunrpc/auth_gss/svcauth_gss.o
  CC      fs/ext4/sysfs.o
  CC      net/ipv4/sysctl_net_ipv4.o
  CC [M]  net/can/gw.o
  CC      net/mac80211/vht.o
  CC      kernel/irq_work.o
  CC      net/mac80211/he.o
  AR      kernel/trace/built-in.a
  CC [M]  net/netfilter/ipvs/ip_vs_core.o
  CC [M]  net/dsa/slave.o
  CC      net/ipv6/ip6_icmp.o
  CC      net/wireless/lib80211.o
  CC [M]  net/qrtr/smd.o
  CC      fs/ext4/xattr.o
  AR      net/netfilter/built-in.a
  CC      net/ipv6/output_core.o
  CC [M]  net/nfc/llcp_core.o
  CC      kernel/cpu_pm.o
  CC [M]  net/qrtr/tun.o
  CC      net/ipv4/proc.o
  CC [M]  net/nfc/llcp_commands.o
  CC      net/wireless/lib80211_crypt_wep.o
  CC [M]  net/ipv6/netfilter/nf_socket_ipv6.o
  LD [M]  net/can/can.o
  LD [M]  net/can/can-raw.o
  LD [M]  net/can/can-bcm.o
  LD [M]  net/can/can-gw.o
  CC [M]  net/ipv6/netfilter/nf_tproxy_ipv6.o
  LD [M]  net/netfilter/nf_conntrack.o
  CC [M]  net/ipv6/netfilter/nf_reject_ipv6.o
  CC      net/ipv4/ipconfig.o
  CC      kernel/bpf/core.o
  CC      net/mac80211/s1g.o
  LD [M]  net/qrtr/qrtr.o
  LD [M]  net/qrtr/qrtr-smd.o
  LD [M]  net/qrtr/qrtr-tun.o
  CC [M]  net/dsa/switch.o
  CC      net/wireless/lib80211_crypt_ccmp.o
  CC      net/sunrpc/auth_gss/gss_rpc_upcall.o
  CC      kernel/events/core.o
  CC [M]  net/nfc/llcp_sock.o
  CC      net/mac80211/ibss.o
  CC [M]  net/ipv6/netfilter/ip6t_REJECT.o
  CC      fs/ext4/xattr_hurd.o
  LD [M]  net/netfilter/nf_nat.o
  CC      net/sunrpc/auth_gss/gss_rpc_xdr.o
  CC [M]  net/netfilter/ipvs/ip_vs_ctl.o
  CC [M]  net/nfc/nci/core.o
  CC      kernel/crash_dump.o
  CC      net/wireless/lib80211_crypt_tkip.o
  CC      net/ipv6/protocol.o
  CC      net/ipv4/netfilter.o
  CC      fs/ext4/xattr_trusted.o
  CC      kernel/jump_label.o
  CC [M]  net/dsa/tag_8021q.o
  CC      kernel/bpf/syscall.o
  CC [M]  net/dsa/tag_ocelot.o
  LD [M]  net/ipv6/netfilter/nf_defrag_ipv6.o
  LD [M]  net/netfilter/nf_flow_table.o
  CC      net/mac80211/iface.o
  CC      kernel/bpf/verifier.o
  CC      net/sunrpc/auth_gss/trace.o
  CC [M]  net/netfilter/ipvs/ip_vs_sched.o
  CC      fs/ext4/xattr_user.o
  CC      net/wireless/wext-core.o
  CC [M]  net/dsa/tag_ocelot_8021q.o
  CC [M]  net/sunrpc/auth_gss/gss_krb5_seal.o
  CC      net/ipv6/ip6_offload.o
  CC      kernel/bpf/inode.o
  CC      kernel/events/ring_buffer.o
  CC [M]  net/nfc/nci/data.o
  CC      fs/ext4/fast_commit.o
  CC [M]  net/ipv4/netfilter/nf_defrag_ipv4.o
  CC [M]  net/dsa/tag_sja1105.o
  CC [M]  net/sunrpc/auth_gss/gss_krb5_unseal.o
  CC      kernel/context_tracking.o
  CC [M]  net/netfilter/ipvs/ip_vs_xmit.o
  CC      net/wireless/wext-proc.o
  CC      net/mac80211/link.o
  CC [M]  net/ipv4/netfilter/nf_socket_ipv4.o
  CC [M]  net/sunrpc/auth_gss/gss_krb5_seqnum.o
  CC      net/ipv6/tcpv6_offload.o
  CC      net/mac80211/rate.o
  CC [M]  net/nfc/nci/lib.o
  CC      net/wireless/wext-spy.o
  LD [M]  net/nfc/nfc.o
  CC [M]  net/nfc/nci/ntf.o
  CC [M]  net/sunrpc/auth_gss/gss_krb5_wrap.o
  CC      fs/ext4/orphan.o
  LD [M]  net/dsa/dsa_core.o
aarch64-linux-gnu-ld: cannot find net/dsa/slave.o: No such file or directory
make[3]: *** [scripts/Makefile.build:463: net/dsa/dsa_core.o] Error 1
make[2]: *** [scripts/Makefile.build:503: net/dsa] Error 2
make[2]: *** Waiting for unfinished jobs....
  CC [M]  net/nfc/nci/rsp.o
  CC [M]  net/netfilter/ipvs/ip_vs_app.o
  CC [M]  net/nfc/nci/hci.o
  CC      net/mac80211/michael.o
  CC      net/mac80211/tkip.o
  CC      net/ipv6/exthdrs_offload.o
  CC      net/wireless/wext-priv.o
  CC [M]  net/sunrpc/auth_gss/gss_krb5_crypto.o
  CC [M]  net/ipv4/netfilter/nf_tproxy_ipv4.o
  CC      kernel/events/callchain.o
  CC      net/ipv6/inet6_hashtables.o
  CC      net/mac80211/aes_cmac.o
  CC      fs/ext4/acl.o
  CC      kernel/bpf/helpers.o
  CC [M]  net/sunrpc/auth_gss/gss_krb5_keys.o
  CC      net/ipv4/inet_diag.o
  CC [M]  net/netfilter/ipvs/ip_vs_sync.o
  CC      net/mac80211/aes_gmac.o
  AR      net/wireless/built-in.a
  CC      kernel/events/hw_breakpoint.o
  LD [M]  net/nfc/nci/nci.o
  CC [M]  net/ipv4/netfilter/nf_reject_ipv4.o
  CC      net/ipv4/tcp_diag.o
  CC      kernel/iomem.o
  AR      fs/ext4/built-in.a
make[1]: *** [scripts/Makefile.build:503: fs] Error 2
  CC      net/ipv6/mcast_snoop.o
  CC      kernel/rseq.o
  AR      net/sunrpc/auth_gss/built-in.a
  LD [M]  net/sunrpc/auth_gss/rpcsec_gss_krb5.o
  AR      net/sunrpc/built-in.a
  CC      net/mac80211/fils_aead.o
  CC [M]  net/netfilter/ipvs/ip_vs_est.o
  CC [M]  net/ipv4/netfilter/ip_tables.o
  CC [M]  net/ipv6/sit.o
  CC      kernel/bpf/log.o
  CC [M]  net/netfilter/ipvs/ip_vs_proto.o
  CC      net/mac80211/cfg.o
  CC      kernel/bpf/bpf_iter.o
  GZIP    kernel/config_data.gz
  CC      net/ipv4/tcp_cubic.o
  CC [M]  net/ipv4/netfilter/iptable_filter.o
  CC      kernel/bpf/map_iter.o
  AR      kernel/events/built-in.a
  CC      kernel/configs.o
  CC [M]  net/ipv4/netfilter/iptable_mangle.o
  CC      net/ipv4/tcp_bpf.o
  CC      net/mac80211/ethtool.o
  CC [M]  net/netfilter/ipvs/ip_vs_pe.o
  CC      net/ipv4/udp_bpf.o
  CC [M]  net/ipv4/netfilter/iptable_nat.o
  AR      net/ipv6/built-in.a
  CC      net/mac80211/rx.o
  CC      net/ipv4/bpf_tcp_ca.o
  CC      net/mac80211/spectmgmt.o
  CC [M]  net/ipv4/ip_tunnel.o
  CC [M]  net/ipv4/netfilter/ipt_REJECT.o
fixdep: error opening file: net/ipv4/netfilter/.ip_tables.o.d: No such file or directory
make[4]: *** [scripts/Makefile.build:250: net/ipv4/netfilter/ip_tables.o] Error 2
  CC      net/mac80211/tx.o
make[4]: *** Waiting for unfinished jobs....
  CC [M]  net/ipv4/tunnel4.o
  CC      kernel/bpf/task_iter.o
  CC      kernel/bpf/prog_iter.o
  CC      net/mac80211/key.o
  CC      net/mac80211/util.o
  LD [M]  net/netfilter/ipvs/ip_vs.o
  CC      kernel/bpf/link_iter.o
make[3]: *** [scripts/Makefile.build:503: net/ipv4/netfilter] Error 2
make[3]: *** Waiting for unfinished jobs....
  CC      kernel/bpf/hashtab.o
  CC      net/mac80211/wme.o
  CC      kernel/bpf/arraymap.o
  CC      net/mac80211/chan.o
fixdep: error opening file: kernel/bpf/.prog_iter.o.d: No such file or directory
make[3]: *** [scripts/Makefile.build:250: kernel/bpf/prog_iter.o] Error 2
make[3]: *** Deleting file 'kernel/bpf/prog_iter.o'
make[3]: *** Waiting for unfinished jobs....
  CC      net/mac80211/trace.o
  CC      net/mac80211/mlme.o
  CC      net/mac80211/tdls.o
  CC      net/mac80211/ocb.o
  CC      net/mac80211/airtime.o
  CC      net/mac80211/eht.o
  CC      net/mac80211/led.o
  CC      net/mac80211/pm.o
  CC      net/mac80211/rc80211_minstrel_ht.o
make[2]: *** [scripts/Makefile.build:503: net/ipv4] Error 2
make[2]: *** [scripts/Makefile.build:503: kernel/bpf] Error 2
make[1]: *** [scripts/Makefile.build:503: kernel] Error 2
  AR      net/mac80211/built-in.a
aarch64-linux-gnu-ar: net/mac80211/ibss.o: No such file or directory
make[3]: *** [scripts/Makefile.build:428: net/mac80211/built-in.a] Error 123
make[2]: *** [scripts/Makefile.build:503: net/mac80211] Error 2
make[1]: *** [scripts/Makefile.build:503: net] Error 2
make: *** [Makefile:2009: .] Error 2
make: Leaving directory '/home/osaleem/repos/linux-imx'
