make: Entering directory '/home/osaleem/repos/linux-imx'
  SYNC    include/config/auto.conf.cmd
  UPD     include/generated/uapi/linux/version.h
  UPD     include/config/kernel.release
  UPD     include/generated/utsrelease.h
  CC      scripts/mod/devicetable-offsets.s
  CC      kernel/bounds.s
  CC      arch/arm64/kernel/asm-offsets.s
  CALL    scripts/checksyscalls.sh
  CC      arch/arm64/kernel/vdso/vgettimeofday.o
  AS      arch/arm64/kernel/vdso/note.o
  LD      arch/arm64/kernel/vdso/vdso.so.dbg
  VDSOSYM include/generated/vdso-offsets.h
  OBJCOPY arch/arm64/kernel/vdso/vdso.so
  CC      certs/system_keyring.o
  CC      init/main.o
  CC      ipc/compat.o
  CC      security/keys/gc.o
  CC      arch/arm64/kernel/debug-monitors.o
  CC      fs/open.o
  CC      kernel/fork.o
  CC      mm/filemap.o
  AR      certs/built-in.a
  CC      mm/mempool.o
  CC      security/keys/key.o
  CC      arch/arm64/kernel/irq.o
  CC      ipc/util.o
  CC      security/keys/keyring.o
  CC      ipc/msgutil.o
  CC      arch/arm64/kernel/fpsimd.o
  CC      arch/arm64/mm/dma-mapping.o
  CC      ipc/msg.o
  CC      fs/read_write.o
  CC      init/do_mounts.o
  CC      arch/arm64/mm/extable.o
  CC      security/keys/keyctl.o
  CC      arch/arm64/kernel/entry-common.o
  CC      mm/oom_kill.o
  CC      arch/arm64/mm/fault.o
  CC      ipc/sem.o
  CC      kernel/exec_domain.o
  CC      arch/arm64/kernel/process.o
  CC      kernel/panic.o
  CC      fs/file_table.o
  CC      security/keys/permission.o
  CC      arch/arm64/mm/init.o
  CC      init/do_mounts_initrd.o
  CC      security/keys/process_keys.o
  CC      mm/fadvise.o
  CC      ipc/shm.o
  CC      init/initramfs.o
  CC      kernel/cpu.o
  CC      fs/super.o
  CC      arch/arm64/kernel/ptrace.o
  CC      arch/arm64/mm/copypage.o
  CC      mm/maccess.o
  CC      ipc/syscall.o
  CC      security/keys/request_key.o
  CC      init/calibrate.o
  CC      init/init_task.o
  CC      ipc/ipc_sysctl.o
  CC      arch/arm64/kernel/setup.o
  CC      arch/arm64/mm/flush.o
  CC      fs/char_dev.o
  CC      ipc/mqueue.o
  CC      mm/page-writeback.o
  CC      kernel/exit.o
  CC      security/keys/request_key_auth.o
  CC      arch/arm64/kernel/signal.o
  CC      init/version.o
  CC      arch/arm64/mm/ioremap.o
  CC      security/keys/user_defined.o
  AR      init/built-in.a
  CC      fs/stat.o
  CC      arch/arm64/mm/mmap.o
  CC      arch/arm64/net/bpf_jit_comp.o
  CC      arch/arm64/kernel/sys.o
  CC      ipc/namespace.o
  CC      security/keys/compat.o
  CC      arch/arm64/mm/pgd.o
  CC      arch/arm64/kernel/stacktrace.o
  CC      ipc/mq_sysctl.o
  CC      kernel/softirq.o
  CC      mm/folio-compat.o
  CC      fs/exec.o
  AR      ipc/built-in.a
  CC      security/keys/proc.o
  CC      security/keys/sysctl.o
  CC      arch/arm64/mm/mmu.o
  CC      arch/arm64/kernel/time.o
  AR      arch/arm64/net/built-in.a
  CC      arch/arm64/kernel/traps.o
  CC      security/commoncap.o
  CC      security/keys/keyctl_pkey.o
  CC      kernel/resource.o
  CC      mm/readahead.o
  CC [M]  security/keys/trusted-keys/trusted_core.o
  CC      arch/arm64/kernel/io.o
  CC      arch/arm64/kvm/hyp-constants.s
  CC      fs/pipe.o
  CC      fs/namei.o
  CC      arch/arm64/mm/context.o
  CC      kernel/sysctl.o
  CC      arch/arm64/kernel/vdso.o
  CC      mm/swap.o
  CC      arch/arm64/kvm/hyp/vhe/timer-sr.o
  CC [M]  security/keys/trusted-keys/trusted_caam.o
  CC      arch/arm64/kernel/psci.o
  CC      arch/arm64/mm/pageattr.o
  CC      arch/arm64/kvm/hyp/vhe/sysreg-sr.o
  CC      arch/arm64/kernel/cpu_ops.o
  CC      arch/arm64/kernel/return_address.o
  LD [M]  security/keys/trusted-keys/trusted.o
  AR      security/keys/built-in.a
  CC      security/min_addr.o
  CC      arch/arm64/mm/hugetlbpage.o
  CC      arch/arm64/kvm/hyp/vhe/debug-sr.o
  CC      arch/arm64/kvm/hyp/vhe/switch.o
  CC      mm/truncate.o
  CC      security/security.o
  CC      kernel/capability.o
  CC      arch/arm64/kernel/cpuinfo.o
  CC      kernel/ptrace.o
  CC      arch/arm64/mm/trans_pgd.o
  CC      fs/fcntl.o
  CC      arch/arm64/kvm/hyp/vhe/tlb.o
  CC      arch/arm64/kernel/cpu_errata.o
  CC      mm/vmscan.o
  CC      security/inode.o
  CC      arch/arm64/kvm/hyp/vhe/../vgic-v3-sr.o
  CC      arch/arm64/kernel/cpufeature.o
  CC      arch/arm64/mm/mteswap.o
  CC      kernel/user.o
  CC      fs/ioctl.o
  AR      arch/arm64/mm/built-in.a
  CC      fs/readdir.o
  CC      arch/arm64/kvm/hyp/vhe/../aarch32.o
  CC      arch/arm64/xen/../../arm/xen/enlighten.o
  CC      security/lsm_audit.o
  CC      kernel/signal.o
  CC      arch/arm64/kvm/hyp/vhe/../vgic-v2-cpuif-proxy.o
  CC      arch/arm64/kernel/alternative.o
  CC      kernel/sys.o
  CC      security/device_cgroup.o
  CC      arch/arm64/kvm/hyp/vhe/../exception.o
  CC      fs/select.o
  CC      arch/arm64/xen/../../arm/xen/grant-table.o
  CC      mm/shmem.o
  CC      arch/arm64/xen/../../arm/xen/p2m.o
  CC      arch/arm64/kernel/cacheinfo.o
  AR      arch/arm64/kvm/hyp/vhe/built-in.a
  CC      arch/arm64/kvm/hyp/nvhe/timer-sr.nvhe.o
  CC      arch/arm64/xen/../../arm/xen/mm.o
  CC      arch/arm64/kvm/hyp/nvhe/sysreg-sr.nvhe.o
  CC      security/integrity/iint.o
  CC      arch/arm64/kernel/smp.o
  CC      fs/dcache.o
  CC      kernel/umh.o
  AR      arch/arm64/xen/built-in.a
  CC      arch/arm64/kvm/hyp/nvhe/debug-sr.nvhe.o
  CC      arch/arm64/crypto/sha1-ce-glue.o
  CC      security/integrity/integrity_audit.o
  CC      crypto/api.o
  CC      arch/arm64/crypto/sha2-ce-glue.o
  AR      security/integrity/built-in.a
  AR      security/built-in.a
  CC      arch/arm64/kvm/hyp/pgtable.o
  CC      mm/util.o
  CC      arch/arm64/kvm/hyp/nvhe/switch.nvhe.o
  CC      arch/arm64/kernel/smp_spin_table.o
  CC      kernel/workqueue.o
  CC      arch/arm64/crypto/ghash-ce-glue.o
  CC      arch/arm64/kernel/topology.o
  CC      crypto/cipher.o
  CC      mm/mmzone.o
  CC      arch/arm64/kvm/hyp/nvhe/tlb.nvhe.o
  CC      fs/inode.o
  CC      arch/arm64/crypto/aes-ce-glue.o
  CC      arch/arm64/kernel/syscall.o
  CC      crypto/compress.o
  CC      mm/vmstat.o
  CC      arch/arm64/kvm/hyp/nvhe/hyp-main.nvhe.o
  CC      arch/arm64/kernel/proton-pack.o
  CC      block/bdev.o
  CC      arch/arm64/crypto/aes-ce-ccm-glue.o
  CC      crypto/algapi.o
  CC      arch/arm64/kvm/hyp/nvhe/hyp-smp.nvhe.o
  CC      arch/arm64/crypto/aes-glue-ce.o
  CC      arch/arm64/kvm/hyp/nvhe/psci-relay.nvhe.o
  CC      arch/arm64/kernel/idreg-override.o
  CC      kernel/pid.o
  CC      fs/attr.o
  CC      mm/backing-dev.o
  CC      block/fops.o
  CC      arch/arm64/kernel/idle.o
  CC      arch/arm64/kvm/hyp/nvhe/early_alloc.nvhe.o
  CC      crypto/scatterwalk.o
  CC      arch/arm64/crypto/sha256-glue.o
  CC      arch/arm64/kernel/patching.o
  CC      arch/arm64/kvm/hyp/nvhe/page_alloc.nvhe.o
  CC      block/bio.o
  CC [M]  arch/arm64/crypto/sha512-ce-glue.o
  CC      fs/bad_inode.o
  CC      crypto/proc.o
  CC      arch/arm64/kernel/sys32.o
  CC      kernel/task_work.o
  CC      mm/mm_init.o
  CC      arch/arm64/kvm/hyp/nvhe/setup.nvhe.o
  CC      crypto/aead.o
  CC [M]  arch/arm64/crypto/sha3-ce-glue.o
  CC      arch/arm64/kernel/signal32.o
  CC      fs/file.o
  CC      kernel/extable.o
  CC [M]  arch/arm64/crypto/sm3-ce-glue.o
  CC      arch/arm64/kvm/hyp/nvhe/mm.nvhe.o
  CC      mm/percpu.o
  CC [M]  arch/arm64/crypto/polyval-ce-glue.o
  CC      crypto/geniv.o
  CC      arch/arm64/kernel/sys_compat.o
  CC      kernel/params.o
  CC      arch/arm64/kvm/hyp/nvhe/mem_protect.nvhe.o
  CC [M]  arch/arm64/crypto/crct10dif-ce-glue.o
  CC      arch/arm64/kernel/module.o
  CC      block/elevator.o
  CC      fs/filesystems.o
  CC      arch/arm64/kvm/hyp/nvhe/sys_regs.nvhe.o
  CC [M]  arch/arm64/crypto/aes-glue-neon.o
  CC      kernel/kthread.o
  CC      arch/arm64/kernel/module-plts.o
  CC      crypto/skcipher.o
  CC      arch/arm64/kvm/hyp/nvhe/pkvm.nvhe.o
  CC      arch/arm64/kernel/perf_regs.o
  CC      fs/namespace.o
  CC [M]  arch/arm64/crypto/sha512-glue.o
  CC      mm/slab_common.o
  CC      block/blk-core.o
  CC      arch/arm64/kernel/perf_callchain.o
  CC      arch/arm64/kvm/hyp/nvhe/stacktrace.nvhe.o
  CC      kernel/sys_ni.o
  CC      crypto/echainiv.o
  CC [M]  arch/arm64/crypto/chacha-neon-glue.o
  CC      arch/arm64/kernel/perf_event.o
  CC      arch/arm64/kvm/hyp/nvhe/../vgic-v3-sr.nvhe.o
  CC      kernel/nsproxy.o
  CC      crypto/ahash.o
  CC      mm/compaction.o
  CC [M]  arch/arm64/crypto/aes-neonbs-glue.o
  CC      kernel/notifier.o
  CC      arch/arm64/kernel/hw_breakpoint.o
  CC      block/blk-sysfs.o
  CC      arch/arm64/kvm/hyp/nvhe/../aarch32.nvhe.o
  AR      arch/arm64/crypto/built-in.a
  LD [M]  arch/arm64/crypto/sha512-ce.o
  LD [M]  arch/arm64/crypto/sha3-ce.o
  LD [M]  arch/arm64/crypto/sm3-ce.o
  LD [M]  arch/arm64/crypto/polyval-ce.o
  LD [M]  arch/arm64/crypto/crct10dif-ce.o
  LD [M]  arch/arm64/crypto/aes-neon-blk.o
  LD [M]  arch/arm64/crypto/sha512-arm64.o
  LD [M]  arch/arm64/crypto/chacha-neon.o
  LD [M]  arch/arm64/crypto/aes-neon-bs.o
  CC      kernel/ksysfs.o
  CC      crypto/shash.o
  CC      arch/arm64/kvm/hyp/nvhe/../vgic-v2-cpuif-proxy.nvhe.o
  CC      arch/arm64/kernel/suspend.o
  CC      fs/seq_file.o
  CC      fs/xattr.o
  CC      block/blk-flush.o
  CC      arch/arm64/kvm/hyp/nvhe/../exception.nvhe.o
  CC      arch/arm64/kernel/cpuidle.o
  CC      kernel/cred.o
  CC      crypto/akcipher.o
  CC      arch/arm64/kernel/jump_label.o
  CC      crypto/kpp.o
  CC      arch/arm64/kvm/hyp/nvhe/../pgtable.nvhe.o
  CC      arch/arm64/kernel/efi.o
  CC      block/blk-settings.o
  CC      fs/libfs.o
  CC      kernel/reboot.o
  CC      mm/interval_tree.o
  LD      arch/arm64/kvm/hyp/nvhe/kvm_nvhe.tmp.o
  HYPREL  arch/arm64/kvm/hyp/nvhe/hyp-reloc.S
  AS      arch/arm64/kvm/hyp/nvhe/hyp-reloc.o
  CC      crypto/rsapubkey.asn1.o
  CC      io_uring/io_uring.o
  LD      arch/arm64/kvm/hyp/nvhe/kvm_nvhe.rel.o
  CC      arch/arm64/kernel/pci.o
  HYPCOPY arch/arm64/kvm/hyp/nvhe/kvm_nvhe.o
  AR      arch/arm64/kvm/hyp/nvhe/built-in.a
  AR      arch/arm64/kvm/hyp/built-in.a
  CC      arch/arm64/kvm/../../../virt/kvm/kvm_main.o
  CC      crypto/rsaprivkey.asn1.o
  CC      crypto/rsa.o
  CC      mm/list_lru.o
  CC      block/blk-ioc.o
  CC      kernel/async.o
  CC      crypto/rsa_helper.o
  CC      fs/fs-writeback.o
  CC      crypto/rsa-pkcs1pad.o
  CC      arch/arm64/kernel/acpi.o
  CC      kernel/range.o
  CC      mm/workingset.o
  CC      kernel/smpboot.o
  CC      crypto/acompress.o
  CC      block/blk-map.o
  CC      arch/arm64/kernel/acpi_numa.o
  CC      io_uring/xattr.o
  CC      mm/debug.o
  CC      kernel/ucount.o
  CC      crypto/scompress.o
  CC      arch/arm64/kernel/paravirt.o
  CC      fs/pnode.o
  CC      block/blk-merge.o
  CC      kernel/regset.o
  CC      arch/arm64/kernel/kaslr.o
  CC      io_uring/nop.o
  CC      arch/arm64/kvm/../../../virt/kvm/eventfd.o
  CC      fs/splice.o
  CC      mm/gup.o
  CC      kernel/kmod.o
  CC      arch/arm64/kernel/pi/kaslr_early.o
  CC      io_uring/fs.o
  CC      crypto/algboss.o
  CC      arch/arm64/kernel/pi/lib-fdt.o
  CC      arch/arm64/kernel/pi/lib-fdt_ro.o
  OBJCOPY arch/arm64/kernel/pi/kaslr_early.pi.o
  OBJCOPY arch/arm64/kernel/pi/lib-fdt.pi.o
  OBJCOPY arch/arm64/kernel/pi/lib-fdt_ro.pi.o
  AR      arch/arm64/kernel/pi/built-in.a
  CC      arch/arm64/kernel/elfcore.o
  CC      io_uring/splice.o
  CC      arch/arm64/kvm/../../../virt/kvm/binary_stats.o
  CC      crypto/testmgr.o
  CC      kernel/groups.o
  CC      block/blk-timeout.o
  CC      arch/arm64/kernel/machine_kexec.o
  CC      fs/sync.o
  CC      io_uring/sync.o
  CC      arch/arm64/kvm/../../../virt/kvm/vfio.o
  CC      crypto/crypto_user_base.o
  CC      arch/arm64/kernel/machine_kexec_file.o
  CC      mm/mmap_lock.o
  CC      io_uring/advise.o
  CC      arch/arm64/kvm/../../../virt/kvm/coalesced_mmio.o
  CC      kernel/sched/core.o
  CC      block/blk-lib.o
  CC      arch/arm64/kernel/kexec_image.o
  CC      fs/utimes.o
  CC      mm/highmem.o
  CC      io_uring/filetable.o
  CC      crypto/cmac.o
  CC      arch/arm64/kvm/../../../virt/kvm/irqchip.o
  CC      arch/arm64/kernel/crash_dump.o
  CC      fs/d_path.o
  CC      mm/memory.o
  CC      block/blk-mq.o
  CC      crypto/hmac.o
  CC      arch/arm64/kernel/crash_core.o
  CC      io_uring/openclose.o
  CC      arch/arm64/kvm/arm.o
  CC      arch/arm64/kernel/pointer_auth.o
  CC      crypto/crypto_null.o
  CC      fs/stack.o
  CC      io_uring/uring_cmd.o
  CC      arch/arm64/kernel/mte.o
  CC      crypto/sha1_generic.o
  CC      fs/fs_struct.o
  CC      arch/arm64/kvm/mmu.o
  AS      arch/arm64/kernel/vdso-wrap.o
  AR      arch/arm64/kernel/built-in.a
  CC      fs/statfs.o
  CC      crypto/sha256_generic.o
  CC      io_uring/epoll.o
  CC      arch/arm64/lib/csum.o
  CC      kernel/sched/fair.o
  CC      io_uring/statx.o
  CC      block/blk-mq-tag.o
  CC      arch/arm64/kvm/mmio.o
  CC      arch/arm64/lib/delay.o
  CC      fs/fs_pin.o
  CC      crypto/sha512_generic.o
  CC      mm/mincore.o
  CC      fs/nsfs.o
  CC      io_uring/net.o
  CC      arch/arm64/kvm/psci.o
  CC      arch/arm64/lib/insn.o
  CC      mm/mlock.o
  CC      crypto/gf128mul.o
  CC [M]  arch/arm64/lib/xor-neon.o
  CC      block/blk-stat.o
  CC      fs/fs_types.o
  CC      arch/arm64/kvm/hypercalls.o
  CC      crypto/ecb.o
  CC      io_uring/msg_ring.o
  CC      fs/fs_context.o
  CC      arch/arm64/kvm/pvtime.o
  CC      crypto/ctr.o
  AR      arch/arm64/lib/lib.a
  CC      mm/mmap.o
  CC      block/blk-mq-sysfs.o
  CC      io_uring/timeout.o
  CC      arch/arm64/kvm/inject_fault.o
  CC      crypto/gcm.o
  CC      fs/fs_parser.o
  CC      block/blk-mq-cpumap.o
  CC      lib/argv_split.o
  CC      io_uring/sqpoll.o
  CC      arch/arm64/kvm/va_layout.o
  CC      crypto/ccm.o
  CC      lib/bug.o
  CC      kernel/sched/build_policy.o
  CC      fs/fsopen.o
  CC      arch/arm64/kvm/handle_exit.o
  CC      block/blk-mq-sched.o
  CC      lib/buildid.o
  CC      io_uring/fdinfo.o
  CC      crypto/aes_generic.o
  CC      mm/mmu_gather.o
  CC      fs/init.o
  CC      lib/cmdline.o
  CC      arch/arm64/kvm/guest.o
  CC      lib/cpumask.o
  CC      fs/kernel_read_file.o
  CC      io_uring/tctx.o
  CC      mm/mprotect.o
  CC      crypto/deflate.o
  CC      block/ioctl.o
  CC      lib/ctype.o
  CC      lib/dec_and_lock.o
  CC      crypto/michael_mic.o
  CC      arch/arm64/kvm/debug.o
  CC      fs/remap_range.o
  CC      io_uring/poll.o
  CC      lib/decompress.o
  CC      lib/decompress_bunzip2.o
  CC      crypto/crc32c_generic.o
  CC      mm/mremap.o
  CC      arch/arm64/kvm/reset.o
  CC      lib/decompress_inflate.o
  CC      block/genhd.o
  CC      crypto/crct10dif_common.o
  CC      io_uring/cancel.o
  CC      mm/msync.o
  CC      fs/buffer.o
  CC      lib/decompress_unlz4.o
  CC      crypto/crct10dif_generic.o
  CC      kernel/sched/build_utility.o
  CC      io_uring/kbuf.o
  CC      arch/arm64/kvm/sys_regs.o
  CC      lib/decompress_unlzma.o
  CC      mm/page_vma_mapped.o
  CC      crypto/crc64_rocksoft_generic.o
  CC      crypto/lzo.o
  CC      lib/decompress_unlzo.o
  CC      io_uring/rsrc.o
  CC      block/ioprio.o
  CC      mm/pagewalk.o
  CC      lib/decompress_unxz.o
  CC      crypto/lzo-rle.o
  CC      mm/pgtable-generic.o
  CC      arch/arm64/kvm/stacktrace.o
  CC      lib/decompress_unzstd.o
  CC      crypto/rng.o
  CC      fs/direct-io.o
  CC      block/badblocks.o
  CC      io_uring/rw.o
  CC      lib/dump_stack.o
  CC      mm/rmap.o
  CC      arch/arm64/kvm/vgic-sys-reg-v3.o
  CC      crypto/ansi_cprng.o
  CC      block/partitions/core.o
  CC      lib/earlycpio.o
  CC      arch/arm64/kvm/fpsimd.o
  CC      lib/extable.o
  CC      fs/mpage.o
  CC      crypto/drbg.o
  CC      io_uring/opdef.o
  AR      kernel/sched/built-in.a
  CC      kernel/locking/mutex.o
  CC      lib/fdt.o
  CC      arch/arm64/kvm/pkvm.o
  CC      lib/fdt_addresses.o
  CC      lib/fdt_empty_tree.o
  CC      lib/fdt_ro.o
  CC      io_uring/notif.o
  CC      crypto/jitterentropy-kcapi.o
  CC      block/partitions/msdos.o
  CC      mm/vmalloc.o
  CC      fs/proc_namespace.o
  CC      lib/fdt_rw.o
  CC      arch/arm64/kvm/arch_timer.o
  CC      crypto/ghash-generic.o
  CC      kernel/locking/semaphore.o
  CC      lib/fdt_strerror.o
  CC      lib/fdt_sw.o
  CC      block/partitions/efi.o
  CC      io_uring/io-wq.o
  CC      crypto/zstd.o
  CC      lib/fdt_wip.o
  CC      fs/notify/fsnotify.o
  CC      lib/flex_proportions.o
  CC      arch/arm64/kvm/trng.o
  CC      kernel/locking/rwsem.o
  CC      lib/idr.o
  CC      crypto/ecc.o
  AR      block/partitions/built-in.a
  CC      block/blk-rq-qos.o
  CC      arch/arm64/kvm/vmid.o
  AR      io_uring/built-in.a
  CC      fs/notify/notification.o
  CC      lib/irq_regs.o
  CC      block/disk-events.o
  CC      kernel/locking/percpu-rwsem.o
  CC      lib/is_single_threaded.o
  CC      arch/arm64/kvm/vgic/vgic.o
  CC      drivers/irqchip/irqchip.o
  CC      lib/klist.o
  CC      fs/notify/group.o
  CC      mm/process_vm_access.o
  CC      kernel/locking/spinlock.o
  CC      crypto/ecdh.o
  CC      lib/kobject.o
  CC      arch/arm64/kvm/vgic/vgic-init.o
  CC      block/blk-ia-ranges.o
  CC      drivers/irqchip/irq-gic.o
  CC      mm/page_alloc.o
  CC      crypto/ecdh_helper.o
  CC      kernel/locking/osq_lock.o
  CC      lib/kobject_uevent.o
  CC      arch/arm64/kvm/vgic/vgic-irqfd.o
  CC      fs/notify/mark.o
  CC      drivers/irqchip/irq-gic-common.o
  CC      crypto/asymmetric_keys/asymmetric_type.o
  CC      kernel/locking/qspinlock.o
  CC      block/bsg.o
  CC      arch/arm64/kvm/vgic/vgic-v2.o
  CC      drivers/irqchip/irq-gic-v2m.o
  CC      crypto/asymmetric_keys/restrict.o
  CC      fs/notify/fdinfo.o
  CC      kernel/locking/rtmutex_api.o
  CC      arch/arm64/kvm/vgic/vgic-v3.o
  CC      block/bsg-lib.o
  CC      lib/logic_pio.o
  CC      drivers/irqchip/irq-gic-v3.o
  CC      crypto/asymmetric_keys/signature.o
  CC      fs/notify/dnotify/dnotify.o
  CC      arch/arm64/kvm/vgic/vgic-v4.o
  CC      lib/maple_tree.o
  CC      crypto/asymmetric_keys/public_key.o
  CC      kernel/locking/qrwlock.o
  AR      fs/notify/dnotify/built-in.a
  CC      fs/notify/inotify/inotify_fsnotify.o
  CC      block/blk-cgroup.o
  CC      arch/arm64/kvm/vgic/vgic-mmio.o
  CC      fs/notify/inotify/inotify_user.o
  AR      kernel/locking/built-in.a
  CC      crypto/asymmetric_keys/x509.asn1.o
  CC      drivers/irqchip/irq-gic-v3-mbi.o
  CC      crypto/asymmetric_keys/x509_akid.asn1.o
  CC      kernel/power/qos.o
  CC      crypto/asymmetric_keys/x509_cert_parser.o
  CC      arch/arm64/kvm/vgic/vgic-mmio-v2.o
  CC      mm/init-mm.o
  AR      fs/notify/inotify/built-in.a
  CC      fs/notify/fanotify/fanotify.o
  CC      drivers/irqchip/irq-gic-v3-its.o
  CC      crypto/asymmetric_keys/x509_loader.o
  CC      crypto/asymmetric_keys/x509_public_key.o
  CC      block/mq-deadline.o
  CC      mm/memblock.o
  CC      arch/arm64/kvm/vgic/vgic-mmio-v3.o
  CC      kernel/power/main.o
  CC      fs/notify/fanotify/fanotify_user.o
  CC      crypto/asymmetric_keys/pkcs7.asn1.o
  CC      crypto/asymmetric_keys/pkcs7_parser.o
  CC      arch/arm64/kvm/vgic/vgic-kvm-device.o
  CC      block/kyber-iosched.o
  CC      mm/madvise.o
  CC      crypto/asymmetric_keys/pkcs7_trust.o
  AR      fs/notify/fanotify/built-in.a
  AR      fs/notify/built-in.a
  CC      fs/eventpoll.o
  CC      lib/memcat_p.o
  CC      kernel/power/console.o
  CC      arch/arm64/kvm/vgic/vgic-its.o
  CC      crypto/asymmetric_keys/pkcs7_verify.o
  CC      lib/nmi_backtrace.o
  CC      drivers/irqchip/irq-gic-v3-its-platform-msi.o
  CC      block/bio-integrity.o
  CC      mm/page_io.o
  AR      crypto/asymmetric_keys/built-in.a
  CC      crypto/hash_info.o
  CC [M]  crypto/crypto_engine.o
  CC      lib/plist.o
  CC      kernel/power/process.o
  CC      drivers/irqchip/irq-gic-v4.o
  CC      lib/radix-tree.o
  CC      arch/arm64/kvm/vgic/vgic-debug.o
  CC      fs/anon_inodes.o
  CC      drivers/irqchip/irq-gic-v3-its-pci-msi.o
  CC      mm/swap_state.o
  CC [M]  crypto/dh.o
  CC      kernel/power/suspend.o
  CC      block/blk-integrity.o
  CC      drivers/irqchip/irq-gic-v3-its-fsl-mc-msi.o
  CC      arch/arm64/kvm/pmu-emul.o
  CC [M]  crypto/dh_helper.o
  CC      lib/ratelimit.o
  CC      fs/signalfd.o
  CC [M]  crypto/vmac.o
  CC      mm/swapfile.o
  CC      lib/rbtree.o
  CC      drivers/irqchip/irq-partition-percpu.o
  CC      fs/timerfd.o
  CC      kernel/power/suspend_test.o
  CC      arch/arm64/kvm/pmu.o
  CC      block/t10-pi.o
  CC      lib/seq_buf.o
  CC [M]  crypto/xcbc.o
  AR      arch/arm64/kvm/built-in.a
  CC      drivers/irqchip/irq-imx-gpcv2.o
  AR      arch/arm64/built-in.a
  CC      kernel/power/poweroff.o
  CC      drivers/irqchip/irq-ls-extirq.o
  CC      fs/eventfd.o
  CC      lib/show_mem.o
  CC      kernel/power/energy_model.o
  CC [M]  crypto/md4.o
  CC      lib/siphash.o
  CC [M]  crypto/md5.o
  CC      drivers/irqchip/irq-ls-scfg-msi.o
  CC      block/blk-mq-pci.o
  CC      fs/aio.o
  CC      fs/locks.o
  AR      kernel/power/built-in.a
  CC      kernel/printk/printk.o
  CC      lib/string.o
  CC [M]  crypto/rmd160.o
  CC      drivers/irqchip/irq-imx-irqsteer.o
  CC      mm/swap_slots.o
  CC      lib/timerqueue.o
  CC      block/blk-mq-virtio.o
  CC      drivers/irqchip/irq-imx-intmux.o
  CC [M]  crypto/sha3_generic.o
  CC      lib/vsprintf.o
  CC      mm/dmapool.o
  CC      drivers/irqchip/irq-sl28cpld.o
  CC [M]  crypto/sm3.o
  CC [M]  drivers/irqchip/irq-imx-mu-msi.o
  CC      block/blk-mq-debugfs.o
  CC      fs/binfmt_script.o
  CC      kernel/irq/irqdesc.o
  CC      kernel/printk/printk_safe.o
  CC      mm/hugetlb.o
  CC      fs/binfmt_elf.o
  AR      drivers/irqchip/built-in.a
  CC      drivers/bus/arm-cci.o
  CC [M]  crypto/sm3_generic.o
  CC      kernel/printk/printk_ringbuffer.o
  CC      kernel/irq/handle.o
  CC      block/blk-pm.o
  CC      drivers/bus/brcmstb_gisb.o
  CC      kernel/printk/sysctl.o
  CC [M]  crypto/streebog_generic.o
  CC      fs/compat_binfmt_elf.o
  CC      lib/win_minmax.o
  AR      kernel/printk/built-in.a
  CC      drivers/phy/phy-core.o
  CC      kernel/irq/manage.o
  CC      drivers/bus/fsl-mc/fsl-mc-bus.o
  CC [M]  crypto/wp512.o
  CC      block/holder.o
  CC      lib/xarray.o
  CC [M]  crypto/blake2b_generic.o
  CC      fs/mbcache.o
  CC      drivers/phy/phy-core-mipi-dphy.o
  CC      drivers/bus/fsl-mc/mc-sys.o
  CC      kernel/irq/spurious.o
  AR      block/built-in.a
  CC      kernel/rcu/update.o
  CC      mm/mempolicy.o
  CC      lib/lockref.o
  CC      fs/posix_acl.o
  CC      kernel/irq/resend.o
  CC [M]  crypto/cbc.o
  CC      lib/bcd.o
  CC      drivers/bus/fsl-mc/mc-io.o
  CC      lib/sort.o
  CC      drivers/phy/phy-xgene.o
  CC      kernel/irq/chip.o
  CC [M]  crypto/cfb.o
  CC      lib/parser.o
  CC [M]  crypto/pcbc.o
  CC      fs/nfs_common/grace.o
  CC      lib/debug_locks.o
  CC      drivers/bus/fsl-mc/dpbp.o
  CC      kernel/rcu/sync.o
  CC      drivers/phy/phy-mixel-lvds.o
  CC [M]  crypto/cts.o
  CC      lib/random32.o
  CC      kernel/rcu/srcutree.o
  CC      kernel/irq/dummychip.o
  CC      mm/sparse.o
  CC      lib/bust_spinlocks.o
  CC [M]  crypto/lrw.o
  CC      drivers/bus/fsl-mc/dpcon.o
  CC      fs/nfs_common/nfs_ssc.o
  CC      kernel/irq/devres.o
  CC      lib/kasprintf.o
  CC      drivers/phy/phy-mixel-lvds-combo.o
  CC      kernel/rcu/tree.o
  CC [M]  crypto/xts.o
  CC      drivers/bus/fsl-mc/dprc.o
  CC      mm/sparse-vmemmap.o
  CC      lib/bitmap.o
  CC      kernel/irq/generic-chip.o
  AR      fs/nfs_common/built-in.a
  CC      fs/coredump.o
  CC [M]  crypto/chacha20poly1305.o
  CC      mm/mmu_notifier.o
  CC      drivers/phy/cadence/phy-cadence-salvo.o
  CC      drivers/bus/fsl-mc/dprc-driver.o
  CC      kernel/irq/autoprobe.o
  CC [M]  crypto/des_generic.o
  AR      drivers/phy/cadence/built-in.a
  CC      drivers/phy/freescale/phy-fsl-imx8mp-lvds.o
  CC      lib/scatterlist.o
  CC      mm/ksm.o
  CC [M]  crypto/fcrypt.o
  CC      drivers/bus/fsl-mc/fsl-mc-allocator.o
  CC      drivers/phy/freescale/phy-fsl-imx8mq-usb.o
  CC      kernel/irq/irqdomain.o
  CC      fs/drop_caches.o
  CC [M]  crypto/blowfish_generic.o
  CC      lib/list_sort.o
  CC      drivers/bus/fsl-mc/fsl-mc-msi.o
  CC      lib/uuid.o
  CC      fs/sysctls.o
  CC      drivers/phy/freescale/phy-fsl-imx93-mipi-dphy.o
  CC [M]  crypto/blowfish_common.o
  CC      fs/fhandle.o
  CC      lib/iov_iter.o
  CC      kernel/rcu/rcu_segcblist.o
  CC      drivers/bus/fsl-mc/dpmcp.o
  CC      kernel/irq/proc.o
  CC      drivers/phy/freescale/phy-fsl-imx8-mipi-dphy.o
  CC      drivers/bus/fsl-mc/obj-api.o
  CC      mm/slub.o
  CC      fs/iomap/trace.o
  AR      kernel/rcu/built-in.a
  CC [M]  crypto/twofish_generic.o
  CC      fs/quota/dquot.o
  CC      kernel/irq/cpuhotplug.o
  CC      fs/iomap/iter.o
  CC [M]  crypto/twofish_common.o
  CC      drivers/phy/freescale/phy-fsl-imx8m-pcie.o
  CC      drivers/bus/fsl-mc/fsl-mc-uapi.o
  CC      kernel/irq/pm.o
  CC      fs/iomap/buffered-io.o
  AR      drivers/bus/fsl-mc/built-in.a
  CC      drivers/bus/simple-pm-bus.o
drivers/phy/freescale/phy-fsl-imx8m-pcie.c: In function ‘imx8_pcie_phy_power_on’:
drivers/phy/freescale/phy-fsl-imx8m-pcie.c:132:9: warning: enumeration value ‘IMX8MP’ not handled in switch [-Wswitch]
  132 |         switch (imx8_phy->drvdata->variant) {
      |         ^~~~~~
  CC      lib/clz_ctz.o
  CC      drivers/phy/freescale/phy-fsl-imx8q-pcie.o
  CC      kernel/irq/msi.o
  CC [M]  crypto/serpent_generic.o
  CC      lib/bsearch.o
  CC      drivers/bus/vexpress-config.o
  CC      fs/quota/quota.o
  CC      drivers/phy/freescale/phy-fsl-samsung-hdmi.o
  CC      lib/find_bit.o
  AR      drivers/bus/built-in.a
  CC      fs/iomap/direct-io.o
  CC      kernel/irq/ipi.o
  CC      lib/llist.o
  AR      drivers/phy/freescale/built-in.a
  CC      lib/memweight.o
  CC      fs/quota/kqid.o
  CC      drivers/phy/qualcomm/phy-qcom-usb-hs.o
  CC      mm/memtest.o
  CC      mm/migrate.o
  CC      lib/kfifo.o
  CC      kernel/irq/affinity.o
  CC [M]  crypto/sm4.o
  CC [M]  crypto/sm4_generic.o
  AR      fs/quota/built-in.a
  CC [M]  crypto/camellia_generic.o
  CC      fs/iomap/fiemap.o
  AR      drivers/phy/qualcomm/built-in.a
  AR      kernel/irq/built-in.a
  CC      drivers/phy/samsung/phy-samsung-usb2.o
  CC      drivers/pinctrl/core.o
  CC      kernel/dma/mapping.o
  CC [M]  crypto/cast_common.o
  CC      lib/percpu-refcount.o
  AR      drivers/phy/samsung/built-in.a
  AR      drivers/phy/built-in.a
  CC      fs/iomap/seek.o
  CC      sound/sound_core.o
  CC [M]  crypto/cast5_generic.o
  CC      sound/core/sound.o
  CC      mm/memory-tiers.o
  CC      lib/rhashtable.o
  CC      lib/base64.o
  CC      kernel/dma/direct.o
  CC      drivers/pinctrl/pinctrl-utils.o
  CC      sound/core/init.o
  CC [M]  crypto/cast6_generic.o
  CC      fs/iomap/swapfile.o
  CC      kernel/entry/kvm.o
  CC      mm/huge_memory.o
  CC      kernel/dma/ops_helpers.o
  CC      drivers/pinctrl/pinmux.o
  CC [M]  crypto/arc4.o
  CC      lib/once.o
  AR      fs/iomap/built-in.a
  AR      kernel/entry/built-in.a
  CC      sound/core/memory.o
  CC      kernel/dma/dummy.o
  CC [M]  crypto/tea.o
  CC      drivers/gpio/gpiolib.o
  CC      fs/proc/task_mmu.o
  CC      lib/refcount.o
  CC      drivers/pinctrl/pinconf.o
  CC      kernel/dma/contiguous.o
  CC [M]  crypto/khazad.o
  CC      sound/core/control.o
  CC      lib/usercopy.o
  CC      drivers/pinctrl/pinconf-generic.o
  CC      kernel/dma/coherent.o
  CC [M]  crypto/anubis.o
  CC      lib/errseq.o
  CC      fs/proc/inode.o
  CC [M]  crypto/seed.o
  CC      kernel/dma/swiotlb.o
  CC      lib/bucket_locks.o
  CC      drivers/pinctrl/devicetree.o
  CC      fs/proc/root.o
  CC      drivers/gpio/gpiolib-devres.o
  CC      mm/khugepaged.o
  CC [M]  crypto/aria_generic.o
  CC      lib/generic-radix-tree.o
  CC      drivers/pinctrl/pinctrl-max77620.o
  CC      sound/core/misc.o
  CC      fs/proc/base.o
  CC      kernel/dma/pool.o
  CC      drivers/gpio/gpiolib-legacy.o
  CC      drivers/pinctrl/pinctrl-single.o
  CC [M]  crypto/chacha_generic.o
  CC      lib/string_helpers.o
  CC      sound/core/device.o
  CC      kernel/dma/remap.o
  CC [M]  crypto/poly1305_generic.o
  CC      drivers/gpio/gpiolib-of.o
  CC      mm/page_counter.o
  AR      kernel/dma/built-in.a
  CC      drivers/pinctrl/freescale/pinctrl-imx.o
  CC [M]  crypto/authenc.o
  CC      mm/memcontrol.o
  CC      kernel/module/main.o
  CC      sound/core/info.o
  CC      lib/hexdump.o
  CC      fs/proc/generic.o
  CC      lib/kstrtox.o
  CC      drivers/gpio/gpiolib-cdev.o
  CC      drivers/pinctrl/freescale/pinctrl-scu.o
  CC      sound/core/ctljack.o
  CC      lib/debug_info.o
  CC [M]  crypto/authencesn.o
  CC      fs/proc/array.o
  CC      sound/core/jack.o
  CC      kernel/module/strict_rwx.o
  CC [M]  crypto/tls.o
  CC      drivers/pinctrl/freescale/pinctrl-imx8mm.o
  CC      drivers/gpio/gpiolib-acpi.o
  CC      lib/math/div64.o
  CC      fs/proc/fd.o
  CC      lib/math/gcd.o
  CC      kernel/module/tree_lookup.o
  CC      drivers/pinctrl/freescale/pinctrl-imx8mn.o
  CC      sound/core/timer.o
  CC      lib/math/lcm.o
  CC      lib/math/int_pow.o
  CC      kernel/module/kallsyms.o
  CC      lib/math/int_sqrt.o
  CC [M]  crypto/xxhash_generic.o
  CC      fs/proc/proc_tty.o
  CC      drivers/pinctrl/freescale/pinctrl-imx8mp.o
  CC      lib/math/reciprocal_div.o
  CC      lib/math/rational.o
  CC [M]  crypto/tcrypt.o
  CC      drivers/pinctrl/freescale/pinctrl-imx8mq.o
  CC      fs/proc/cmdline.o
  CC      drivers/gpio/gpio-mmio.o
  CC      kernel/module/procfs.o
  AR      lib/math/built-in.a
  CC      drivers/pinctrl/freescale/pinctrl-imx8qm.o
  CC      fs/proc/consoles.o
  CC      lib/crypto/memneq.o
  CC      mm/vmpressure.o
  CC      sound/core/pcm.o
  CC      kernel/module/sysfs.o
  CC      drivers/pinctrl/freescale/pinctrl-imx8qxp.o
  CC      fs/proc/cpuinfo.o
  CC      drivers/gpio/gpio-adp5585.o
  CC      fs/proc/devices.o
  CC      mm/swap_cgroup.o
  CC      lib/crypto/utils.o
  CC      drivers/pinctrl/freescale/pinctrl-imx8dxl.o
  CC      kernel/module/version.o
  CC [M]  crypto/polyval-generic.o
  CC      drivers/gpio/gpio-dwapb.o
  CC      drivers/pinctrl/freescale/pinctrl-imx8ulp.o
  CC      fs/proc/interrupts.o
  CC      mm/hugetlb_cgroup.o
  CC      sound/core/pcm_native.o
  CC      lib/crypto/chacha.o
  AR      kernel/module/built-in.a
  CC      kernel/kcmp.o
  CC      lib/crypto/aes.o
  CC      fs/proc/loadavg.o
  CC      drivers/pinctrl/freescale/pinctrl-imx93.o
  CC [M]  crypto/af_alg.o
  CC      drivers/gpio/gpio-imx-scu.o
  CC      fs/proc/meminfo.o
  CC      kernel/freezer.o
  CC      drivers/pinctrl/freescale/pinctrl-s32v234.o
  CC      mm/memory-failure.o
  CC      lib/crypto/arc4.o
  CC      drivers/gpio/gpio-max732x.o
  CC      drivers/pinctrl/freescale/pinctrl-s32v-core.o
  CC      lib/crypto/blake2s.o
  CC      fs/proc/stat.o
  AR      drivers/pinctrl/freescale/built-in.a
  CC      drivers/gpio/gpio-max77620.o
  CC      kernel/profile.o
  AR      drivers/pinctrl/built-in.a
  CC [M]  samples/rpmsg/rpmsg_client_sample.o
  CC      fs/proc/uptime.o
  CC      lib/crypto/blake2s-generic.o
  CC [M]  crypto/algif_hash.o
  CC      drivers/gpio/gpio-mb86s7x.o
  CC      mm/page_isolation.o
  CC      fs/kernfs/mount.o
  CC      fs/proc/util.o
  CC      sound/core/pcm_lib.o
  CC      kernel/stacktrace.o
  CC      fs/proc/version.o
  CC      drivers/gpio/gpio-mpc8xxx.o
  CC      fs/kernfs/inode.o
  CC [M]  crypto/algif_skcipher.o
  CC      lib/crypto/sha1.o
  CC      mm/early_ioremap.o
  CC      fs/proc/softirqs.o
  CC      drivers/gpio/gpio-mxc.o
  CC      fs/proc/namespaces.o
  CC      fs/kernfs/dir.o
  CC      lib/crypto/sha256.o
  CC      mm/cma.o
  CC      kernel/time/time.o
  CC [M]  crypto/algif_rng.o
  CC      sound/core/pcm_misc.o
  CC      drivers/gpio/gpio-pca953x.o
  CC      fs/proc/self.o
  CC      mm/balloon_compaction.o
  CC [M]  lib/crypto/libchacha.o
  CC      fs/proc/thread_self.o
  CC      sound/core/pcm_memory.o
  CC [M]  crypto/algif_aead.o
  CC      kernel/time/timer.o
  CC      drivers/gpio/gpio-pl061.o
  CC      fs/proc/proc_sysctl.o
  CC [M]  lib/crypto/curve25519-hacl64.o
  CC      fs/kernfs/file.o
  CC      mm/secretmem.o
  CC      sound/core/memalloc.o
  CC [M]  crypto/ofb.o
  CC      drivers/gpio/gpio-imx-rpmsg.o
  CC      fs/kernfs/symlink.o
  CC      mm/memfd.o
  CC [M]  crypto/essiv.o
  CC      kernel/time/hrtimer.o
  CC      drivers/gpio/gpio-xgene.o
  CC      sound/core/pcm_timer.o
  AR      fs/kernfs/built-in.a
  CC      fs/sysfs/file.o
  CC      mm/page_reporting.o
  CC [M]  crypto/curve25519-generic.o
  CC [M]  lib/crypto/curve25519-generic.o
  CC      sound/core/pcm_drm_eld.o
  CC      fs/proc/proc_net.o
  CC [M]  drivers/gpio/gpio-regmap.o
  CC [M]  crypto/xor.o
  CC      fs/sysfs/dir.o
  CC      kernel/time/timekeeping.o
  CC [M]  lib/crypto/des.o
  CC      mm/ioremap.o
  CC      sound/core/pcm_iec958.o
  CC [M]  drivers/gpio/gpio-altera.o
  CC      fs/proc/vmcore.o
  CC      fs/sysfs/symlink.o
  AR      crypto/built-in.a
  LD [M]  crypto/dh_generic.o
  CC [M]  drivers/gpio/gpio-bd9571mwv.o
  CC      drivers/pwm/core.o
  CC [M]  lib/crypto/poly1305-donna64.o
  AR      mm/built-in.a
  CC      sound/core/pcm_dmaengine.o
  CC      fs/configfs/inode.o
  CC      fs/sysfs/mount.o
  CC      kernel/time/ntp.o
  CC      fs/proc/kmsg.o
  CC [M]  drivers/gpio/gpio-sl28cpld.o
  CC [M]  lib/crypto/poly1305.o
  CC      fs/configfs/file.o
  CC      fs/proc/page.o
  CC      fs/sysfs/group.o
  CC [M]  drivers/gpio/gpio-wcd934x.o
  CC      drivers/pwm/sysfs.o
  CC      sound/core/rawmidi.o
  CC      kernel/time/clocksource.o
  AR      lib/crypto/built-in.a
  LD [M]  lib/crypto/libcurve25519-generic.o
  LD [M]  lib/crypto/libdes.o
  LD [M]  lib/crypto/libpoly1305.o
  CC      lib/pci_iomap.o
  CC      fs/configfs/dir.o
  AR      drivers/gpio/built-in.a
  CC      sound/core/compress_offload.o
  CC      drivers/pwm/pwm-adp5585.o
  AR      fs/proc/built-in.a
  CC      drivers/pwm/pwm-imx27.o
  AR      fs/sysfs/built-in.a
  CC      kernel/time/jiffies.o
  CC      fs/devpts/inode.o
  CC      lib/iomap_copy.o
  CC      net/devres.o
  CC      drivers/pwm/pwm-rpmsg-imx.o
  CC      kernel/time/timer_list.o
  CC      kernel/futex/core.o
  CC      fs/configfs/symlink.o
  CC [M]  sound/core/hwdep.o
  CC      lib/devres.o
  CC [M]  drivers/pwm/pwm-cros-ec.o
  AR      fs/devpts/built-in.a
  CC      virt/lib/irqbypass.o
  CC      fs/configfs/mount.o
  CC      kernel/time/timeconv.o
  CC [M]  drivers/pwm/pwm-fsl-ftm.o
  CC      kernel/futex/syscalls.o
  CC      net/socket.o
  AR      virt/lib/built-in.a
  AR      sound/core/built-in.a
  AR      virt/built-in.a
  CC      fs/configfs/item.o
  LD [M]  sound/core/snd-hwdep.o
  CC      kernel/smp.o
  CC      kernel/time/timecounter.o
  CC      lib/hweight.o
  CC [M]  sound/drivers/aloop.o
  CC      kernel/time/alarmtimer.o
  CC [M]  drivers/pwm/pwm-sl28cpld.o
  CC      lib/interval_tree.o
  CC      kernel/futex/pi.o
  CC      lib/assoc_array.o
  AR      drivers/pwm/built-in.a
  AR      fs/configfs/built-in.a
  CC      fs/netfs/buffered_read.o
  CC      drivers/pci/access.o
  CC      kernel/time/posix-timers.o
  LD [M]  sound/drivers/snd-aloop.o
  CC      kernel/futex/requeue.o
  CC      drivers/video/aperture.o
  CC      lib/linear_ranges.o
  CC [M]  sound/usb/card.o
  CC      kernel/futex/waitwake.o
  CC      fs/netfs/io.o
  CC      lib/packing.o
  CC      kernel/time/posix-cpu-timers.o
  AR      kernel/futex/built-in.a
  CC      drivers/pci/bus.o
  CC [M]  sound/usb/clock.o
  CC      net/core/sock.o
  CC      drivers/video/hdmi.o
  CC      lib/crc16.o
  CC      fs/ext4/balloc.o
  CC      kernel/time/posix-clock.o
  CC      fs/netfs/main.o
  CC      drivers/pci/probe.o
  CC [M]  sound/usb/endpoint.o
  CC      lib/crc-t10dif.o
  CC      drivers/video/console/dummycon.o
  CC      fs/netfs/objects.o
  CC      fs/ext4/bitmap.o
  CC      kernel/time/itimer.o
  CC [M]  sound/usb/format.o
  CC      lib/crc-itu-t.o
  AR      fs/netfs/built-in.a
  CC      fs/ext2/balloc.o
  AR      drivers/video/console/built-in.a
  CC      drivers/video/logo/logo.o
  CC      fs/ext4/block_validity.o
  CC      kernel/time/clockevents.o
  CC      lib/crc32.o
  CC      drivers/pci/host-bridge.o
  CC [M]  sound/usb/helper.o
  CC      drivers/video/logo/logo_linux_clut224.o
  AR      drivers/video/logo/built-in.a
  CC      fs/ext4/dir.o
  CC      drivers/video/backlight/backlight.o
  CC      fs/ext2/dir.o
  CC [M]  sound/usb/implicit.o
  CC      kernel/time/tick-common.o
  CC      drivers/pci/remove.o
  CC      lib/crc64.o
  CC      net/core/request_sock.o
  CC [M]  sound/usb/mixer.o
  CC      fs/ext4/ext4_jbd2.o
  CC      fs/ext2/file.o
  CC      drivers/video/backlight/gpio_backlight.o
  CC      lib/crc7.o
  CC      drivers/pci/pci.o
  CC      fs/ext2/ialloc.o
  CC      net/core/skbuff.o
  CC      kernel/time/tick-broadcast.o
  CC      fs/ext4/extents.o
  CC      lib/libcrc32c.o
  CC      drivers/video/backlight/pwm_bl.o
  CC      fs/ext2/inode.o
  CC [M]  sound/usb/mixer_quirks.o
  CC      lib/crc8.o
  CC      kernel/time/tick-broadcast-hrtimer.o
  CC [M]  drivers/video/backlight/lp855x_bl.o
  CC      kernel/time/sched_clock.o
  CC      fs/ext2/ioctl.o
  CC      lib/crc64-rocksoft.o
  CC      kernel/time/tick-oneshot.o
  CC [M]  sound/usb/mixer_scarlett.o
  AR      drivers/video/backlight/built-in.a
  CC      fs/ext2/namei.o
  CC      drivers/video/fbdev/core/fb_cmdline.o
  CC      lib/xxhash.o
  CC      kernel/time/tick-sched.o
  CC      drivers/pci/pci-driver.o
  CC      fs/ext4/extents_status.o
  CC [M]  sound/usb/mixer_scarlett2.o
  CC      fs/ext2/super.o
  CC      lib/genalloc.o
  CC      drivers/video/fbdev/core/fb_notify.o
  CC      kernel/time/vsyscall.o
  CC      fs/ext4/file.o
  CC      kernel/time/timekeeping_debug.o
  CC      fs/ext2/symlink.o
  CC      drivers/pci/search.o
  CC [M]  sound/usb/mixer_us16x08.o
  CC      lib/zlib_inflate/inffast.o
  CC      lib/zlib_inflate/inflate.o
  CC      drivers/video/fbdev/core/fbmem.o
  CC      kernel/time/namespace.o
  AR      fs/ext2/built-in.a
  CC      net/core/datagram.o
  CC      net/core/stream.o
  CC      fs/ext4/fsmap.o
  CC [M]  sound/usb/mixer_s1810c.o
  CC      lib/zlib_inflate/infutil.o
  AR      kernel/time/built-in.a
  CC      drivers/pci/pci-sysfs.o
  CC      kernel/uid16.o
  CC      lib/zlib_inflate/inftrees.o
  CC [M]  sound/usb/pcm.o
  CC      lib/zlib_inflate/inflate_syms.o
  CC      fs/ext4/fsync.o
  CC      kernel/kallsyms.o
  CC      drivers/video/fbdev/core/fbmon.o
  CC      drivers/pci/rom.o
  CC      drivers/video/fbdev/core/fbcmap.o
  AR      lib/zlib_inflate/built-in.a
  CC      lib/zlib_deflate/deflate.o
  CC      fs/ext4/hash.o
  CC      net/core/scm.o
  CC [M]  sound/usb/power.o
  CC      drivers/pci/setup-res.o
  CC [M]  sound/usb/proc.o
  CC      lib/zlib_deflate/deftree.o
  CC      fs/ext4/ialloc.o
  CC      kernel/acct.o
  CC      net/compat.o
  CC [M]  sound/usb/quirks.o
  CC      drivers/video/fbdev/core/fbsysfs.o
  CC      lib/zlib_deflate/deflate_syms.o
  CC      drivers/pci/irq.o
  CC      net/core/gen_stats.o
  CC      kernel/crash_core.o
  AR      lib/zlib_deflate/built-in.a
  CC      lib/lzo/lzo1x_compress.o
  CC      fs/ext4/indirect.o
  CC [M]  sound/usb/stream.o
  CC      drivers/video/fbdev/core/modedb.o
  CC      drivers/video/display_timing.o
  CC      drivers/pci/vpd.o
  CC      lib/lzo/lzo1x_decompress_safe.o
  CC      kernel/kexec_core.o
  CC      drivers/video/fbdev/mxc/mxc_edid.o
  CC      net/core/gen_estimator.o
  CC      fs/ext4/inline.o
  CC [M]  sound/usb/validate.o
  CC      drivers/pci/setup-bus.o
  AR      lib/lzo/built-in.a
  CC      drivers/video/fbdev/core/fbcvt.o
  CC      lib/lz4/lz4_decompress.o
  CC [M]  sound/usb/media.o
  CC [M]  sound/usb/midi.o
  CC      drivers/video/fbdev/core/fb_defio.o
  CC      net/core/net_namespace.o
  CC      kernel/kexec.o
  CC      drivers/video/fbdev/mxc/mxc_epdc_v2_fb.o
  CC      fs/ext4/inode.o
  CC      kernel/kexec_file.o
  AR      lib/lz4/built-in.a
  CC      lib/zstd/zstd_compress_module.o
  CC      drivers/pci/vc.o
  CC      drivers/video/fbdev/core/fbcon.o
  CC      kernel/compat.o
  LD [M]  sound/usb/snd-usb-audio.o
  CC      drivers/pci/mmap.o
  LD [M]  sound/usb/snd-usbmidi-lib.o
  CC      lib/zstd/compress/fse_compress.o
  CC      sound/soc/soc-core.o
  CC      net/core/secure_seq.o
  CC      lib/zstd/compress/hist.o
  CC      lib/zstd/compress/huf_compress.o
  CC      drivers/pci/setup-irq.o
  AR      drivers/video/fbdev/mxc/built-in.a
  CC      drivers/video/fbdev/core/bitblit.o
  CC      lib/zstd/compress/zstd_compress.o
  CC      drivers/pci/msi/pcidev_msi.o
  CC      kernel/cgroup/cgroup.o
  CC      fs/ext4/ioctl.o
  CC      drivers/video/fbdev/core/softcursor.o
  CC      drivers/pci/msi/msi.o
  CC      net/core/flow_dissector.o
  CC      drivers/video/fbdev/core/cfbfillrect.o
  CC      sound/soc/soc-dapm.o
  CC      drivers/pci/msi/irqdomain.o
  CC      lib/zstd/compress/zstd_compress_literals.o
  CC      fs/ext4/mballoc.o
  CC      lib/zstd/compress/zstd_compress_sequences.o
  CC      net/llc/llc_core.o
  CC      lib/zstd/compress/zstd_compress_superblock.o
  CC      drivers/video/fbdev/core/cfbcopyarea.o
  AR      drivers/pci/msi/built-in.a
  CC      lib/zstd/compress/zstd_double_fast.o
  CC      drivers/pci/pcie/portdrv_core.o
  CC      net/llc/llc_input.o
  CC      net/core/sysctl_net_core.o
  CC      drivers/pci/pcie/portdrv_pci.o
  CC      drivers/video/fbdev/core/cfbimgblt.o
  CC      sound/soc/soc-jack.o
  CC      kernel/cgroup/rstat.o
  CC      drivers/pci/pcie/rcec.o
  CC      net/llc/llc_output.o
  CC      fs/ext4/migrate.o
  CC      lib/zstd/compress/zstd_fast.o
  CC      kernel/cgroup/namespace.o
  CC      drivers/video/fbdev/core/sysfillrect.o
  CC      drivers/pci/pcie/aspm.o
  CC      sound/soc/soc-utils.o
  CC      fs/ext4/mmp.o
  CC      net/core/dev.o
  CC      net/llc/llc_if.o
  CC      kernel/cgroup/cgroup-v1.o
  CC      fs/ext4/move_extent.o
  CC      lib/zstd/compress/zstd_lazy.o
  CC      drivers/pci/pcie/pme.o
  CC      drivers/video/fbdev/core/syscopyarea.o
  CC      net/llc/llc_c_ev.o
  CC      sound/soc/soc-dai.o
  AR      drivers/pci/pcie/built-in.a
  CC      drivers/pci/proc.o
  CC      fs/ext4/namei.o
  CC      net/llc/llc_c_ac.o
  CC      drivers/video/fbdev/core/sysimgblt.o
  CC      kernel/cgroup/freezer.o
  CC      drivers/pci/slot.o
  CC      sound/soc/soc-component.o
  CC      kernel/cgroup/legacy_freezer.o
  CC      drivers/pci/pci-acpi.o
  CC      drivers/video/fbdev/core/fb_sys_fops.o
  CC      net/llc/llc_conn.o
  CC      kernel/cgroup/pids.o
  CC      sound/soc/soc-pcm.o
  CC      fs/ext4/page-io.o
  CC      kernel/cgroup/cpuset.o
  CC      drivers/pci/of.o
  CC      net/llc/llc_c_st.o
  AR      drivers/video/fbdev/core/built-in.a
  CC      drivers/video/fbdev/amba-clcd.o
  CC      fs/ext4/readpage.o
  CC      lib/zstd/compress/zstd_ldm.o
  CC      net/llc/llc_pdu.o
  CC      lib/zstd/compress/zstd_opt.o
  CC      drivers/pci/quirks.o
  CC      drivers/video/fbdev/xen-fbfront.o
  CC      sound/soc/soc-devres.o
  CC      fs/ext4/resize.o
  CC      net/llc/llc_sap.o
  CC      lib/zstd/zstd_decompress_module.o
  CC      drivers/video/fbdev/efifb.o
  CC      net/core/dev_addr_lists.o
  AR      kernel/cgroup/built-in.a
  CC      kernel/utsname.o
  CC      sound/soc/soc-ops.o
  CC      lib/zstd/decompress/huf_decompress.o
  CC      net/llc/llc_s_ac.o
  CC      kernel/user_namespace.o
  CC      drivers/video/fbdev/mx3fb.o
  CC      fs/ext4/super.o
  CC      net/llc/llc_s_ev.o
  CC      drivers/pci/hotplug/pci_hotplug_core.o
  CC      sound/soc/soc-link.o
  CC      lib/zstd/decompress/zstd_ddict.o
  CC      net/core/dst.o
  CC      lib/zstd/decompress/zstd_decompress.o
  AR      drivers/video/fbdev/built-in.a
  CC      kernel/pid_namespace.o
  CC      drivers/video/videomode.o
  CC      net/llc/llc_s_st.o
  CC      drivers/video/of_display_timing.o
  CC      sound/soc/soc-card.o
  CC      lib/zstd/decompress/zstd_decompress_block.o
  CC      drivers/pci/hotplug/acpi_pcihp.o
  CC      net/llc/af_llc.o
  CC      drivers/video/of_videomode.o
  CC      lib/zstd/common/entropy_common.o
  UPD     kernel/config_data
  CC      kernel/stop_machine.o
  CC      sound/soc/soc-topology.o
  CC      net/core/netevent.o
  AR      drivers/video/built-in.a
  CC      net/llc/llc_station.o
  CC      drivers/pci/hotplug/acpiphp_core.o
  CC      lib/zstd/common/error_private.o
  CC      lib/zstd/common/fse_decompress.o
  CC      net/llc/llc_proc.o
  CC      fs/ext4/symlink.o
  CC      kernel/audit.o
  CC      net/llc/sysctl_net_llc.o
  CC      lib/zstd/common/zstd_common.o
  CC      net/core/neighbour.o
  CC      drivers/pci/hotplug/acpiphp_glue.o
  CC      fs/ext4/sysfs.o
  CC      sound/soc/soc-generic-dmaengine-pcm.o
  AR      net/llc/built-in.a
  CC      lib/xz/xz_dec_syms.o
  CC      lib/xz/xz_dec_stream.o
  AR      lib/zstd/built-in.a
  CC      lib/percpu_counter.o
  AR      drivers/pci/hotplug/built-in.a
  CC      drivers/pci/ats.o
  CC      fs/ext4/xattr.o
  CC      lib/xz/xz_dec_lzma2.o
  CC      fs/jbd2/transaction.o
  CC      sound/soc/soc-compress.o
  CC      drivers/pci/iov.o
  CC      kernel/auditfilter.o
  CC      net/core/rtnetlink.o
  CC      lib/xz/xz_dec_bcj.o
  AR      lib/xz/built-in.a
  CC      lib/audit.o
  CC      drivers/pci/pci-label.o
  CC      fs/ext4/xattr_hurd.o
  CC      sound/soc/codecs/bt-sco.o
  CC      fs/jbd2/commit.o
  CC      lib/compat_audit.o
  CC      lib/syscall.o
  CC      sound/soc/generic/simple-card-utils.o
  CC      kernel/auditsc.o
  CC      drivers/pci/syscall.o
  CC      fs/ext4/xattr_trusted.o
  CC      sound/soc/codecs/cs42xx8.o
  CC      lib/errname.o
  CC      lib/nlattr.o
  CC      drivers/pci/ecam.o
  CC      fs/ext4/xattr_user.o
  CC      fs/jbd2/recovery.o
  CC      sound/soc/generic/simple-card.o
  CC      sound/soc/codecs/cs42xx8-i2c.o
  CC      drivers/pci/vgaarb.o
  CC      fs/ext4/fast_commit.o
  CC      sound/soc/generic/audio-graph-card.o
  CC      lib/checksum.o
  CC      sound/soc/codecs/hdmi-codec.o
  CC      fs/jbd2/checkpoint.o
  CC      kernel/audit_watch.o
  CC      lib/cpu_rmap.o
  CC      net/core/utils.o
  CC      fs/jbd2/revoke.o
  CC      sound/soc/codecs/wm8524.o
  CC      kernel/audit_fsnotify.o
  CC      fs/ext4/orphan.o
  AR      sound/soc/generic/built-in.a
  CC      drivers/pci/endpoint/pci-ep-cfs.o
  CC      net/ethernet/eth.o
  CC      lib/dynamic_queue_limits.o
  CC [M]  sound/soc/codecs/ak4458.o
  CC      fs/jbd2/journal.o
  CC      kernel/audit_tree.o
  CC      lib/glob.o
  CC      fs/ext4/acl.o
  CC      net/core/link_watch.o
  CC      drivers/pci/endpoint/pci-epc-core.o
  CC [M]  sound/soc/codecs/ak4613.o
  CC      lib/mpi/generic_mpih-lshift.o
  CC      kernel/seccomp.o
  AR      fs/ext4/built-in.a
  CC      drivers/pci/endpoint/pci-epf-core.o
  AR      net/ethernet/built-in.a
  CC      drivers/char/ipmi/ipmi_dmi.o
  CC [M]  sound/soc/codecs/ak5558.o
  CC      lib/mpi/generic_mpih-mul1.o
  CC      drivers/pci/controller/pci-host-common.o
  AR      fs/jbd2/built-in.a
  CC      fs/squashfs/block.o
  CC      net/core/filter.o
  CC      drivers/pci/endpoint/pci-epc-mem.o
  CC      lib/mpi/generic_mpih-mul2.o
  CC [M]  sound/soc/codecs/cros_ec_codec.o
  CC      drivers/char/ipmi/ipmi_plat_data.o
  CC      kernel/relay.o
  CC      lib/mpi/generic_mpih-mul3.o
  CC      drivers/pci/controller/pci-host-generic.o
  CC      fs/squashfs/cache.o
  CC      drivers/pci/endpoint/functions/pci-epf-test.o
  CC      lib/mpi/generic_mpih-rshift.o
  CC [M]  drivers/char/ipmi/ipmi_msghandler.o
  CC      drivers/pci/controller/pci-thunder-ecam.o
  CC [M]  sound/soc/codecs/dmic.o
  CC      fs/squashfs/dir.o
  CC      lib/mpi/generic_mpih-sub1.o
  CC      kernel/utsname_sysctl.o
  CC [M]  sound/soc/codecs/es7134.o
  CC      drivers/pci/controller/pci-thunder-pem.o
  CC      fs/squashfs/export.o
  CC      kernel/taskstats.o
  AR      drivers/pci/endpoint/functions/built-in.a
  AR      drivers/pci/endpoint/built-in.a
  CC      lib/mpi/generic_mpih-add1.o
  CC      lib/dim/dim.o
  CC      fs/squashfs/file.o
  CC [M]  sound/soc/codecs/es7241.o
  CC      drivers/pci/controller/pci-xgene.o
  CC      lib/mpi/ec.o
  CC      kernel/tsacct.o
  CC      lib/dim/net_dim.o
  CC [M]  sound/soc/codecs/gtm601.o
  CC      fs/squashfs/fragment.o
  CC      drivers/pci/controller/pci-xgene-msi.o
  CC      kernel/trace/trace_clock.o
  CC      lib/dim/rdma_dim.o
  CC [M]  sound/soc/codecs/max98357a.o
  CC      lib/mpi/mpicoder.o
  CC [M]  drivers/char/ipmi/ipmi_devintf.o
  CC      fs/squashfs/id.o
  CC      drivers/pci/controller/pcie-altera.o
  AR      kernel/trace/built-in.a
  CC      kernel/irq_work.o
  CC      fs/squashfs/inode.o
  AR      lib/dim/built-in.a
  CC      net/core/sock_diag.o
  CC [M]  sound/soc/codecs/max98927.o
  CC [M]  drivers/char/ipmi/ipmi_si_intf.o
  CC      drivers/pci/controller/pcie-altera-msi.o
  CC      lib/mpi/mpi-add.o
  CC      fs/squashfs/namei.o
  CC      kernel/cpu_pm.o
  CC      fs/squashfs/super.o
  CC [M]  sound/soc/codecs/msm8916-wcd-analog.o
  CC      drivers/pci/controller/dwc/pcie-designware.o
  CC      lib/mpi/mpi-bit.o
  CC [M]  drivers/char/ipmi/ipmi_kcs_sm.o
  CC      fs/squashfs/symlink.o
  CC [M]  sound/soc/codecs/msm8916-wcd-digital.o
  CC [M]  drivers/char/ipmi/ipmi_smic_sm.o
  CC      kernel/bpf/core.o
  CC      net/core/dev_ioctl.o
  CC      lib/mpi/mpi-cmp.o
  CC      fs/squashfs/decompressor.o
  CC      drivers/pci/controller/dwc/pcie-designware-host.o
  CC [M]  sound/soc/codecs/pcm186x.o
  CC [M]  drivers/char/ipmi/ipmi_bt_sm.o
  CC      drivers/acpi/tables.o
  CC      fs/squashfs/page_actor.o
  CC      lib/mpi/mpi-sub-ui.o
  CC [M]  drivers/char/ipmi/ipmi_si_hotmod.o
  CC      drivers/acpi/osi.o
  CC      fs/squashfs/file_cache.o
  CC      drivers/pci/controller/dwc/pcie-designware-ep.o
  CC [M]  sound/soc/codecs/pcm186x-i2c.o
  CC      net/core/tso.o
  CC [M]  drivers/char/ipmi/ipmi_si_hardcode.o
  CC      lib/mpi/mpi-div.o
  CC      fs/squashfs/decompressor_single.o
  CC      drivers/acpi/osl.o
  CC [M]  sound/soc/codecs/pcm3168a.o
  CC [M]  drivers/char/ipmi/ipmi_si_platform.o
  CC      fs/squashfs/xz_wrapper.o
  CC      lib/mpi/mpi-inv.o
  CC      kernel/bpf/syscall.o
  CC      drivers/pci/controller/dwc/pci-imx6.o
  CC [M]  drivers/char/ipmi/ipmi_si_port_io.o
  CC      fs/squashfs/zlib_wrapper.o
  CC      net/core/sock_reuseport.o
  CC      lib/mpi/mpi-mod.o
  CC      drivers/acpi/utils.o
  CC [M]  drivers/char/ipmi/ipmi_si_mem_io.o
  AR      fs/squashfs/built-in.a
  CC [M]  sound/soc/codecs/pcm3168a-i2c.o
  CC      fs/ramfs/inode.o
  CC      drivers/pci/controller/dwc/pci-layerscape.o
  CC      lib/mpi/mpi-mul.o
  CC [M]  drivers/char/ipmi/ipmi_si_pci.o
  CC [M]  sound/soc/codecs/pcm512x.o
  CC      fs/ramfs/file-mmu.o
  CC      drivers/pci/controller/dwc/pcie-kirin.o
  CC      drivers/acpi/reboot.o
  CC      lib/mpi/mpih-cmp.o
  AR      drivers/char/ipmi/built-in.a
  LD [M]  drivers/char/ipmi/ipmi_si.o
  AR      fs/ramfs/built-in.a
  CC      lib/strncpy_from_user.o
  CC      fs/hugetlbfs/inode.o
  CC      drivers/acpi/nvs.o
  CC      net/core/fib_notifier.o
  CC      drivers/pci/controller/dwc/pcie-hisi.o
  CC      lib/mpi/mpih-div.o
  CC      drivers/acpi/wakeup.o
  CC      lib/mpi/mpih-mul.o
  CC      drivers/pci/controller/dwc/pcie-al.o
  CC [M]  sound/soc/codecs/pcm512x-i2c.o
  CC      lib/mpi/mpi-pow.o
  CC      net/core/xdp.o
  AR      fs/hugetlbfs/built-in.a
  CC      kernel/numa.o
  CC      drivers/pci/controller/dwc/pcie-tegra194-acpi.o
  CC [M]  sound/soc/codecs/rl6231.o
  CC      fs/fat/cache.o
  CC      kernel/bpf/verifier.o
  CC [M]  drivers/pci/controller/dwc/pci-meson.o
  CC      drivers/acpi/device_sysfs.o
  CC      lib/mpi/mpiutil.o
  CC      lib/strnlen_user.o
  CC      fs/fat/dir.o
  AR      drivers/pci/controller/dwc/built-in.a
  CC [M]  sound/soc/codecs/rt5659.o
  CC      drivers/pci/controller/mobiveil/pcie-mobiveil.o
  CC      drivers/acpi/device_pm.o
  CC      lib/net_utils.o
  AR      lib/mpi/built-in.a
  CC      sound/last.o
  CC      drivers/pci/controller/mobiveil/pcie-mobiveil-host.o
  CC      net/core/flow_offload.o
  CC      drivers/pnp/core.o
  CC      drivers/pci/controller/mobiveil/pcie-layerscape-gen4.o
  CC      lib/sg_pool.o
  CC      fs/fat/fatent.o
  CC      drivers/acpi/bus.o
  CC [M]  sound/soc/codecs/sgtl5000.o
  AR      drivers/pci/controller/mobiveil/built-in.a
  AR      drivers/pci/controller/built-in.a
  AR      drivers/pci/built-in.a
  CC      drivers/pnp/card.o
  CC      lib/stmp_device.o
  CC      lib/irq_poll.o
  CC [M]  sound/soc/codecs/spdif_receiver.o
  CC      net/core/gro.o
  CC      drivers/pnp/driver.o
  CC      fs/fat/file.o
  CC      lib/stackdepot.o
  CC      drivers/acpi/glue.o
  CC [M]  sound/soc/codecs/spdif_transmitter.o
  CC      fs/fat/inode.o
  CC      drivers/pnp/resource.o
  CC [M]  sound/soc/codecs/tas571x.o
  CC      lib/asn1_decoder.o
  CC      drivers/acpi/scan.o
  CC      lib/fonts/fonts.o
  CC      kernel/bpf/inode.o
  CC      fs/fat/misc.o
  CC      net/core/net-sysfs.o
  CC      lib/fonts/font_8x8.o
  CC [M]  sound/soc/codecs/tlv320aic31xx.o
  CC      lib/fonts/font_8x16.o
  CC      drivers/pnp/manager.o
  CC      fs/fat/nfs.o
  CC      fs/fat/namei_vfat.o
  AR      lib/fonts/built-in.a
  CC      drivers/pnp/support.o
  CC      kernel/bpf/helpers.o
  CC      lib/oid_registry.o
  CC      drivers/acpi/resource.o
  CC      kernel/bpf/tnum.o
  CC [M]  sound/soc/codecs/wcd-mbhc-v2.o
  AR      fs/fat/built-in.a
  CC      fs/exportfs/expfs.o
  CC      lib/ucs2_string.o
  CC      drivers/pnp/interface.o
  CC      fs/nfs/client.o
  CC      drivers/acpi/acpi_processor.o
  CC      net/core/page_pool.o
  CC      drivers/pnp/quirks.o
  CC      lib/sbitmap.o
  CC      kernel/bpf/log.o
  AR      fs/exportfs/built-in.a
  CC      lib/group_cpus.o
  CC [M]  sound/soc/codecs/wcd-clsh-v2.o
  CC      drivers/acpi/processor_core.o
  CC      drivers/pnp/system.o
  CC      lib/devmem_is_allowed.o
  CC      net/core/net-procfs.o
  CC      drivers/pnp/pnpacpi/core.o
  CC      net/802/p8022.o
  CC [M]  lib/crc-ccitt.o
  CC [M]  sound/soc/codecs/wcd934x.o
  CC      kernel/bpf/bpf_iter.o
  CC      drivers/acpi/ec.o
  CC      fs/nfs/dir.o
  CC      net/core/selftests.o
  CC      drivers/pnp/pnpacpi/rsparser.o
  CC [M]  lib/raid6/algos.o
  CC      net/802/psnap.o
  CC      kernel/bpf/map_iter.o
  AR      drivers/pnp/pnpacpi/built-in.a
  AR      drivers/pnp/built-in.a
  CC      kernel/bpf/task_iter.o
  CC [M]  sound/soc/codecs/wm8904.o
  CC [M]  lib/raid6/recov.o
  CC      drivers/acpi/pci_root.o
  CC      drivers/acpi/pci_link.o
  CC      net/802/stp.o
  CC      net/core/ptp_classifier.o
  CC [M]  lib/raid6/tables.o
  CC [M]  sound/soc/codecs/wm8960.o
  CC      kernel/bpf/prog_iter.o
  CC      fs/nfs/file.o
  CC      net/802/garp.o
  CC      drivers/acpi/pci_irq.o
  CC      kernel/bpf/link_iter.o
  CC      net/core/dst_cache.o
  CC [M]  lib/raid6/int1.o
  CC      drivers/acpi/acpi_lpss.o
  CC      kernel/bpf/hashtab.o
  CC [M]  sound/soc/codecs/wm8962.o
  CC      net/802/mrp.o
  CC      fs/nfs/getroot.o
  CC [M]  lib/raid6/int2.o
  CC      drivers/acpi/acpi_apd.o
  CC      net/core/gro_cells.o
  CC [M]  lib/raid6/int4.o
  CC      drivers/amba/bus.o
  CC      drivers/acpi/acpi_platform.o
  CC      fs/nfs/inode.o
  AR      net/802/built-in.a
  CC      net/core/failover.o
  CC [M]  lib/raid6/int8.o
  CC [M]  sound/soc/codecs/wm8994.o
  CC      net/sched/sch_generic.o
  CC      kernel/bpf/arraymap.o
  CC      drivers/acpi/acpi_pnp.o
  AR      drivers/amba/built-in.a
  CC      net/sched/sch_mq.o
  CC [M]  lib/raid6/int16.o
  CC      net/core/skmsg.o
  CC      drivers/acpi/acpi_amba.o
  CC [M]  lib/raid6/int32.o
  CC [M]  lib/raid6/neon.o
  CC      net/sched/sch_frag.o
  CC      fs/nfs/super.o
  CC      kernel/bpf/percpu_freelist.o
  CC      drivers/acpi/power.o
  CC [M]  sound/soc/codecs/wm8958-dsp2.o
  CC [M]  lib/raid6/recov_neon.o
  CC      kernel/bpf/bpf_lru_list.o
  CC      kernel/bpf/lpm_trie.o
  CC      drivers/acpi/event.o
  LD [M]  lib/raid6/raid6_pq.o
  CC      net/sched/sch_api.o
  AR      lib/lib.a
  CC [M]  sound/soc/codecs/wm_hubs.o
  CC      net/core/sock_map.o
  CC      fs/nfs/io.o
  CC      kernel/bpf/map_in_map.o
  CC      drivers/acpi/evged.o
  CC      fs/lockd/clntlock.o
  CC [M]  sound/soc/codecs/wsa881x.o
  AR      lib/built-in.a
  CC      kernel/bpf/bloom_filter.o
  CC      drivers/acpi/sysfs.o
  CC      fs/nfs/direct.o
  CC      net/sched/sch_blackhole.o
  CC [M]  sound/soc/codecs/rpmsg_wm8960.o
  CC      kernel/bpf/local_storage.o
  CC      drivers/acpi/property.o
  CC      fs/lockd/clntproc.o
  CC      net/core/bpf_sk_storage.o
  CC      kernel/bpf/queue_stack_maps.o
  CC      net/sched/cls_api.o
  CC      fs/nfs/pagelist.o
  CC      fs/nfs/read.o
  CC      kernel/bpf/ringbuf.o
  CC      drivers/acpi/debugfs.o
  CC [M]  sound/soc/codecs/rpmsg_wm8960_i2c.o
  CC      fs/lockd/clntxdr.o
  CC [M]  sound/soc/codecs/rpmsg_ak4497.o
  CC      kernel/bpf/bpf_local_storage.o
  CC      drivers/acpi/acpi_lpat.o
  CC      net/core/of_net.o
  CC      fs/lockd/host.o
  CC      fs/nfs/symlink.o
  CC [M]  sound/soc/codecs/simple-amplifier.o
  CC      drivers/acpi/irq.o
  CC [M]  net/core/pktgen.o
  CC      kernel/bpf/bpf_task_storage.o
  CC      fs/nfs/unlink.o
  CC [M]  sound/soc/codecs/tpa6130a2.o
  CC      drivers/acpi/prmt.o
  CC      fs/lockd/svc.o
  CC      fs/lockd/svclock.o
  CC      kernel/bpf/disasm.o
  CC      net/sched/act_api.o
  CC [M]  sound/soc/codecs/lpass-macro-common.o
  CC      fs/nfs/write.o
  CC      drivers/acpi/acpi_pcc.o
  CC      kernel/bpf/trampoline.o
  CC [M]  sound/soc/codecs/lpass-wsa-macro.o
  AR      net/core/built-in.a
  CC      fs/lockd/svcshare.o
  CC      kernel/bpf/btf.o
  CC      kernel/bpf/memalloc.o
  CC      net/sched/sch_fifo.o
  CC      net/netlink/af_netlink.o
  CC      fs/lockd/svcproc.o
  CC [M]  sound/soc/codecs/lpass-va-macro.o
  CC      fs/nfs/namespace.o
  CC      fs/nfs/mount_clnt.o
  CC [M]  sound/soc/codecs/simple-mux.o
  CC [M]  net/sched/act_gact.o
  CC      fs/lockd/svcsubs.o
  CC      net/netlink/genetlink.o
  AR      sound/soc/codecs/built-in.a
  LD [M]  sound/soc/codecs/snd-soc-ak4458.o
  CC      fs/nfs/nfstrace.o
  LD [M]  sound/soc/codecs/snd-soc-ak4613.o
  CC [M]  net/sched/act_mirred.o
  LD [M]  sound/soc/codecs/snd-soc-ak5558.o
  LD [M]  sound/soc/codecs/snd-soc-cros-ec-codec.o
  LD [M]  sound/soc/codecs/snd-soc-dmic.o
  LD [M]  sound/soc/codecs/snd-soc-es7134.o
  LD [M]  sound/soc/codecs/snd-soc-es7241.o
  LD [M]  sound/soc/codecs/snd-soc-gtm601.o
  LD [M]  sound/soc/codecs/snd-soc-max98357a.o
  LD [M]  sound/soc/codecs/snd-soc-max98927.o
  CC      fs/lockd/mon.o
  LD [M]  sound/soc/codecs/snd-soc-msm8916-analog.o
  LD [M]  sound/soc/codecs/snd-soc-msm8916-digital.o
  CC      fs/nfs/export.o
  LD [M]  sound/soc/codecs/snd-soc-pcm186x.o
  LD [M]  sound/soc/codecs/snd-soc-pcm186x-i2c.o
  LD [M]  sound/soc/codecs/snd-soc-pcm3168a.o
  LD [M]  sound/soc/codecs/snd-soc-pcm3168a-i2c.o
  CC [M]  net/sched/act_skbedit.o
  LD [M]  sound/soc/codecs/snd-soc-pcm512x.o
  LD [M]  sound/soc/codecs/snd-soc-pcm512x-i2c.o
  CC      net/netlink/policy.o
  LD [M]  sound/soc/codecs/snd-soc-rl6231.o
  LD [M]  sound/soc/codecs/snd-soc-rt5659.o
  CC      drivers/acpi/acpica/dsargs.o
  CC      fs/lockd/xdr.o
  CC      drivers/clk/clk-devres.o
  CC      kernel/bpf/dispatcher.o
  CC      fs/nfs/sysfs.o
  LD [M]  sound/soc/codecs/snd-soc-sgtl5000.o
  CC      drivers/acpi/acpica/dscontrol.o
  AR      net/netlink/built-in.a
  CC      drivers/acpi/acpica/dsdebug.o
  CC [M]  net/sched/act_gate.o
  LD [M]  sound/soc/codecs/snd-soc-spdif-rx.o
  CC [M]  net/sched/sch_ingress.o
  LD [M]  sound/soc/codecs/snd-soc-spdif-tx.o
  CC      drivers/clk/clk-bulk.o
  LD [M]  sound/soc/codecs/snd-soc-tas571x.o
  CC      drivers/acpi/acpica/dsfield.o
  LD [M]  sound/soc/codecs/snd-soc-tlv320aic31xx.o
  CC      fs/lockd/clnt4xdr.o
  CC      kernel/bpf/devmap.o
  LD [M]  sound/soc/codecs/snd-soc-wcd-mbhc.o
  CC      fs/nfs/fs_context.o
  LD [M]  sound/soc/codecs/snd-soc-wcd934x.o
  CC      drivers/acpi/acpica/dsinit.o
  LD [M]  sound/soc/codecs/snd-soc-wm8904.o
  LD [M]  sound/soc/codecs/snd-soc-wm8960.o
  LD [M]  sound/soc/codecs/snd-soc-wm8962.o
  LD [M]  sound/soc/codecs/snd-soc-wm8994.o
  LD [M]  sound/soc/codecs/snd-soc-wm-hubs.o
  CC      drivers/acpi/acpica/dsmethod.o
  LD [M]  sound/soc/codecs/snd-soc-wsa881x.o
  LD [M]  sound/soc/codecs/snd-soc-rpmsg-wm8960.o
  LD [M]  sound/soc/codecs/snd-soc-rpmsg-wm8960-i2c.o
  LD [M]  sound/soc/codecs/snd-soc-rpmsg-ak4497.o
  CC [M]  net/sched/sch_multiq.o
  LD [M]  sound/soc/codecs/snd-soc-simple-amplifier.o
  LD [M]  sound/soc/codecs/snd-soc-tpa6130a2.o
  LD [M]  sound/soc/codecs/snd-soc-lpass-macro-common.o
  LD [M]  sound/soc/codecs/snd-soc-lpass-wsa-macro.o
  LD [M]  sound/soc/codecs/snd-soc-lpass-va-macro.o
  CC      drivers/clk/clkdev.o
  LD [M]  sound/soc/codecs/snd-soc-simple-mux.o
  CC [M]  net/sched/sch_mqprio.o
  CC      fs/lockd/xdr4.o
  CC      drivers/acpi/acpica/dsmthdat.o
  CC      drivers/clk/clk.o
  CC      kernel/bpf/cpumap.o
  CC      drivers/acpi/acpica/dsobject.o
  CC      kernel/bpf/offload.o
  CC [M]  net/sched/sch_cbs.o
  CC      drivers/acpi/acpica/dsopcode.o
  CC      fs/lockd/svc4proc.o
  CC      fs/nfs/nfsroot.o
  CC      drivers/acpi/acpica/dspkginit.o
  CC      drivers/acpi/acpica/dsutils.o
  CC      kernel/bpf/net_namespace.o
  CC [M]  net/sched/sch_etf.o
  CC      fs/lockd/procfs.o
  CC [M]  net/sched/sch_taprio.o
  CC      sound/soc/fsl/fsl_esai_client.o
  CC      drivers/acpi/acpica/dswexec.o
  CC      fs/nfs/sysctl.o
  CC      drivers/clk/clk-divider.o
  CC      drivers/acpi/acpica/dswload.o
  AR      fs/lockd/built-in.a
  CC      drivers/acpi/acpica/dswload2.o
  CC      sound/soc/fsl/imx-pcm-dma.o
  CC      kernel/bpf/stackmap.o
  CC      kernel/bpf/cgroup_iter.o
  CC      fs/nfs/nfs2super.o
  CC      drivers/acpi/acpica/dswscope.o
  CC      net/bpf/test_run.o
  CC      drivers/acpi/acpica/dswstate.o
  CC [M]  sound/soc/fsl/fsl_audmix.o
  CC      drivers/clk/clk-fixed-factor.o
  CC      drivers/clk/clk-fixed-rate.o
  CC      kernel/bpf/cgroup.o
  CC      drivers/acpi/acpica/evevent.o
  CC      fs/nfs/proc.o
  CC      drivers/acpi/acpica/evgpe.o
  CC [M]  sound/soc/fsl/fsl-asoc-card.o
  CC [M]  net/sched/cls_u32.o
  CC      fs/nfs/nfs2xdr.o
  CC      drivers/clk/clk-gate.o
  CC      drivers/acpi/acpica/evgpeblk.o
  CC      drivers/acpi/acpica/evgpeinit.o
  CC      net/bpf/bpf_dummy_struct_ops.o
  CC      drivers/clk/clk-multiplier.o
  CC [M]  sound/soc/fsl/fsl_asrc.o
  CC      drivers/acpi/acpica/evgpeutil.o
  CC      drivers/acpi/acpica/evglock.o
  CC      fs/nfs/nfs3super.o
  CC [M]  net/sched/cls_basic.o
  CC      drivers/clk/clk-mux.o
  CC      drivers/acpi/acpica/evhandler.o
  CC      fs/nfs/nfs3client.o
  CC      kernel/bpf/reuseport_array.o
  AR      net/bpf/built-in.a
  CC      kernel/bpf/bpf_struct_ops.o
  CC      drivers/acpi/acpica/evmisc.o
  CC      drivers/acpi/acpica/evregion.o
  CC [M]  net/sched/cls_flower.o
  CC      drivers/clk/clk-composite.o
  CC      fs/nfs/nfs3proc.o
  CC [M]  sound/soc/fsl/fsl_asrc_dma.o
  CC      drivers/acpi/acpica/evrgnini.o
  CC      fs/nfs/nfs3xdr.o
  CC      drivers/acpi/acpica/evsci.o
  CC      drivers/clk/clk-fractional-divider.o
  CC      kernel/bpf/relo_core.o
  CC [M]  sound/soc/fsl/fsl_sai.o
  CC      drivers/acpi/acpica/evxface.o
  CC      kernel/crash_dump.o
sound/soc/fsl/fsl_sai.c: In function ‘fsl_sai_hw_params’:
sound/soc/fsl/fsl_sai.c:700:13: warning: the comparison will always evaluate as ‘true’ for the address of ‘is_consumer_mode’ will never be NULL [-Waddress]
  700 |             !sai->is_consumer_mode)
      |             ^
In file included from sound/soc/fsl/fsl_sai.c:26:
sound/soc/fsl/fsl_sai.h:290:14: note: ‘is_consumer_mode’ declared here
  290 |         bool is_consumer_mode[2];
      |              ^~~~~~~~~~~~~~~~
sound/soc/fsl/fsl_sai.c:714:13: warning: the comparison will always evaluate as ‘true’ for the address of ‘is_consumer_mode’ will never be NULL [-Waddress]
  714 |             !sai->is_consumer_mode)
      |             ^
sound/soc/fsl/fsl_sai.h:290:14: note: ‘is_consumer_mode’ declared here
  290 |         bool is_consumer_mode[2];
      |              ^~~~~~~~~~~~~~~~
  CC      drivers/clk/clk-gpio.o
  CC      drivers/acpi/acpica/evxfevnt.o
  CC      kernel/events/core.o
  CC      drivers/acpi/acpica/evxfgpe.o
  AR      kernel/bpf/built-in.a
  CC      drivers/clk/clk-conf.o
  CC [M]  sound/soc/fsl/fsl_sai_sysfs.o
  CC      fs/nfs/nfs4proc.o
  CC      fs/nfs/nfs4xdr.o
  CC      fs/nfs/nfs4state.o
  CC      drivers/acpi/acpica/evxfregn.o
  AR      net/sched/built-in.a
  CC      drivers/clk/clk-cs2000-cp.o
  CC [M]  sound/soc/fsl/fsl_ssi.o
  CC      drivers/acpi/acpica/exconcat.o
  CC      drivers/acpi/acpica/exconfig.o
  CC      drivers/clk/clk-fsl-flexspi.o
  CC      drivers/acpi/acpica/exconvrt.o
  CC [M]  sound/soc/fsl/fsl_ssi_dbg.o
  CC      drivers/clk/clk-fsl-sai.o
  CC      net/ethtool/ioctl.o
  CC      drivers/acpi/acpica/excreate.o
  CC [M]  sound/soc/fsl/fsl_spdif.o
  CC      net/ethtool/common.o
  CC      drivers/clk/clk-plldig.o
  CC      drivers/acpi/acpica/exdebug.o
  CC      drivers/clk/clk-pwm.o
  CC      drivers/acpi/acpica/exdump.o
  CC [M]  sound/soc/fsl/fsl_esai.o
  CC [M]  sound/soc/fsl/fsl_esai_mix.o
  CC      drivers/clk/clk-qoriq.o
  CC      drivers/acpi/acpica/exfield.o
  CC      drivers/acpi/acpica/exfldio.o
  CC      fs/nfs/nfs4renewd.o
  CC      kernel/events/ring_buffer.o
  CC [M]  sound/soc/fsl/fsl_micfil.o
  CC      drivers/acpi/acpica/exmisc.o
  CC      drivers/clk/clk-rk808.o
  CC      fs/nfs/nfs4super.o
  CC      drivers/acpi/acpica/exmutex.o
  CC [M]  sound/soc/fsl/fsl_utils.o
  CC      drivers/acpi/acpica/exnames.o
  CC      drivers/acpi/acpica/exoparg1.o
  CC      drivers/clk/clk-s2mps11.o
  CC      drivers/acpi/acpica/exoparg2.o
  CC      drivers/acpi/acpica/exoparg3.o
  CC      drivers/acpi/acpica/exoparg6.o
  CC      net/netfilter/core.o
  CC      fs/nfs/nfs4file.o
  CC      drivers/clk/clk-scmi.o
  CC      net/ethtool/netlink.o
  CC      kernel/events/callchain.o
  CC      drivers/acpi/acpica/exprep.o
  CC      drivers/acpi/acpica/exregion.o
  CC      drivers/clk/clk-scpi.o
  CC      net/ethtool/bitset.o
  CC      drivers/acpi/acpica/exresnte.o
  CC [M]  sound/soc/fsl/fsl_mqs.o
  CC      kernel/events/hw_breakpoint.o
  CC      fs/nfs/delegation.o
  CC      drivers/clk/clk-versaclock5.o
  CC      drivers/acpi/acpica/exresolv.o
  CC      drivers/acpi/acpica/exresop.o
  CC      drivers/clk/clk-xgene.o
  CC [M]  sound/soc/fsl/fsl_easrc.o
  CC      drivers/acpi/acpica/exserial.o
  CC      net/ethtool/strset.o
  CC      fs/nls/nls_base.o
  AR      kernel/events/built-in.a
  CC      kernel/jump_label.o
  CC      drivers/acpi/acpica/exstore.o
  CC      net/netfilter/nf_log.o
  CC      drivers/clk/imx/clk.o
  CC      drivers/acpi/acpica/exstoren.o
  CC [M]  sound/soc/fsl/fsl_xcvr.o
  CC      fs/nls/nls_cp437.o
  CC      kernel/context_tracking.o
  CC      fs/nfs/nfs4idmap.o
  CC      drivers/acpi/acpica/exstorob.o
  CC      drivers/clk/imx/clk-busy.o
  CC      fs/nls/nls_iso8859-1.o
  CC [M]  sound/soc/fsl/fsl_xcvr_sysfs.o
  AR      fs/nls/built-in.a
  CC      drivers/clk/imx/clk-composite-7ulp.o
  CC      drivers/acpi/acpica/exsystem.o
  CC      fs/nfs/callback.o
  CC      kernel/iomem.o
  CC      drivers/acpi/acpica/extrace.o
  CC      drivers/clk/imx/clk-composite-8m.o
  CC      net/netfilter/nf_queue.o
  CC      drivers/acpi/acpica/exutils.o
  CC      net/ethtool/linkinfo.o
  CC [M]  sound/soc/fsl/fsl_aud2htx.o
