make: Entering directory '/home/osaleem/repos/linux-imx'
  SYNC    include/config/auto.conf.cmd
  UPD     include/generated/uapi/linux/version.h
  HOSTCC  scripts/sorttable
  UPD     include/config/kernel.release
  UPD     include/generated/utsrelease.h
  HOSTCC  scripts/mod/file2alias.o
  HOSTLD  scripts/mod/modpost
  CC      arch/arm64/kernel/asm-offsets.s
  CALL    scripts/checksyscalls.sh
  AS      arch/arm64/kernel/vdso/note.o
  LD      arch/arm64/kernel/vdso/vdso.so.dbg
  VDSOSYM include/generated/vdso-offsets.h
  OBJCOPY arch/arm64/kernel/vdso/vdso.so
  CC      sound/sound_core.o
  CC [M]  samples/rpmsg/rpmsg_client_sample.o
  CC      arch/arm64/lib/delay.o
  CC      init/main.o
  CC      ipc/compat.o
  CC      drivers/bus/arm-cci.o
  CC      drivers/irqchip/irqchip.o
  CC      security/keys/gc.o
  CC      io_uring/io_uring.o
  CC      block/bdev.o
  CC      arch/arm64/kernel/debug-monitors.o
  CC      fs/open.o
  CC      kernel/fork.o
  CC      mm/filemap.o
  CC      lib/bug.o
  CC      crypto/api.o
  CC      crypto/cipher.o
  CC      ipc/util.o
  CC      security/keys/key.o
  CC [M]  arch/arm64/lib/xor-neon.o
  CC      sound/core/sound.o
  CC      lib/buildid.o
  CC      arch/arm64/kernel/irq.o
  CC      drivers/bus/brcmstb_gisb.o
  CC      drivers/irqchip/irq-gic.o
  CC      block/fops.o
  CC      crypto/compress.o
  CC      lib/cpumask.o
  CC      ipc/msgutil.o
  CC      arch/arm64/kernel/fpsimd.o
  CC      sound/core/init.o
  CC      drivers/bus/fsl-mc/fsl-mc-bus.o
  CC      ipc/msg.o
  CC      init/do_mounts.o
  AR      arch/arm64/lib/lib.a
  CC      drivers/phy/phy-core.o
  CC      security/keys/keyring.o
  CC      fs/read_write.o
  CC      crypto/algapi.o
  CC      drivers/irqchip/irq-gic-common.o
  CC      crypto/scatterwalk.o
  CC      block/bio.o
  CC      lib/decompress_bunzip2.o
  CC      drivers/irqchip/irq-gic-v2m.o
  CC      io_uring/xattr.o
  CC      kernel/exec_domain.o
  CC      ipc/sem.o
  CC      sound/core/memory.o
  CC      drivers/bus/fsl-mc/mc-sys.o
  CC      lib/decompress_inflate.o
  CC      arch/arm64/kernel/entry-common.o
  CC      mm/mempool.o
  CC      drivers/phy/phy-core-mipi-dphy.o
  CC      security/commoncap.o
  CC      kernel/panic.o
  CC      drivers/irqchip/irq-gic-v3.o
  CC      security/keys/keyctl.o
  CC      io_uring/nop.o
  CC      lib/decompress_unlz4.o
  CC      init/do_mounts_initrd.o
  CC      crypto/proc.o
  CC      sound/core/control.o
  CC      drivers/bus/fsl-mc/mc-io.o
  CC      fs/file_table.o
  CC      arch/arm64/kernel/process.o
  CC      lib/decompress_unlzma.o
  CC      crypto/aead.o
  CC      io_uring/fs.o
  CC      init/initramfs.o
  CC      mm/oom_kill.o
  CC      drivers/phy/phy-xgene.o
  CC      ipc/shm.o
  CC      kernel/cpu.o
  CC      security/keys/permission.o
  CC      drivers/bus/simple-pm-bus.o
  CC      lib/decompress_unlzo.o
  CC      block/elevator.o
  CC      drivers/bus/fsl-mc/dpbp.o
  CC      io_uring/splice.o
  CC      drivers/irqchip/irq-gic-v3-mbi.o
  CC      lib/decompress_unxz.o
  CC      lib/decompress_unzstd.o
  CC      fs/super.o
  CC      crypto/geniv.o
  CC      drivers/phy/phy-mixel-lvds.o
  CC      arch/arm64/kernel/ptrace.o
  CC      security/keys/process_keys.o
  CC      init/init_task.o
  CC      io_uring/sync.o
  CC      drivers/bus/fsl-mc/dpcon.o
  CC      lib/dump_stack.o
  CC      block/blk-core.o
  CC      drivers/irqchip/irq-gic-v3-its.o
  CC      ipc/syscall.o
  CC      sound/core/misc.o
  CC      mm/fadvise.o
  CC      drivers/irqchip/irq-gic-v3-its-platform-msi.o
  CC      io_uring/advise.o
  CC      ipc/ipc_sysctl.o
  CC      init/version.o
  CC      drivers/bus/fsl-mc/dprc.o
  CC      kernel/exit.o
  CC      crypto/skcipher.o
  CC      lib/extable.o
  CC      drivers/phy/phy-mixel-lvds-combo.o
  CC      arch/arm64/kernel/setup.o
  CC      sound/core/device.o
  CC      security/keys/request_key.o
  CC      fs/char_dev.o
  CC      ipc/mqueue.o
  AR      init/built-in.a
  CC      io_uring/filetable.o
  CC      fs/stat.o
  CC      arch/arm64/mm/dma-mapping.o
  CC      lib/kobject.o
  CC      mm/maccess.o
  CC      arch/arm64/kernel/signal.o
  CC      drivers/bus/fsl-mc/dprc-driver.o
  CC      block/blk-sysfs.o
  CC      sound/core/info.o
  CC      drivers/phy/cadence/phy-cadence-salvo.o
  CC      io_uring/openclose.o
  CC      security/keys/request_key_auth.o
  CC      lib/kobject_uevent.o
  CC      arch/arm64/mm/fault.o
  CC      mm/page-writeback.o
  CC      crypto/echainiv.o
  CC      drivers/irqchip/irq-gic-v4.o
  CC      drivers/pinctrl/core.o
  CC      ipc/namespace.o
  CC      fs/exec.o
  AR      drivers/phy/cadence/built-in.a
  CC      block/blk-flush.o
  CC      drivers/bus/fsl-mc/fsl-mc-allocator.o
  CC      drivers/phy/freescale/phy-fsl-imx8mp-lvds.o
  CC      security/keys/user_defined.o
  CC      kernel/softirq.o
  CC      sound/core/ctljack.o
  CC      crypto/ahash.o
  CC      arch/arm64/kernel/sys.o
  CC      drivers/irqchip/irq-gic-v3-its-pci-msi.o
  CC      io_uring/uring_cmd.o
  CC      ipc/mq_sysctl.o
  CC      arch/arm64/mm/init.o
  CC      sound/core/jack.o
  CC      drivers/phy/freescale/phy-fsl-imx8mq-usb.o
  CC      arch/arm64/kernel/stacktrace.o
  AR      ipc/built-in.a
  CC [M]  sound/drivers/aloop.o
  CC      security/keys/compat.o
  CC      drivers/bus/fsl-mc/fsl-mc-msi.o
  CC      drivers/irqchip/irq-gic-v3-its-fsl-mc-msi.o
  CC      lib/logic_pio.o
  CC      block/blk-settings.o
  CC      kernel/resource.o
  CC      drivers/pinctrl/pinctrl-utils.o
  CC      crypto/shash.o
  CC      arch/arm64/kernel/time.o
  CC      security/keys/proc.o
  CC      sound/core/timer.o
  CC      drivers/bus/fsl-mc/dpmcp.o
  CC      drivers/phy/freescale/phy-fsl-imx93-mipi-dphy.o
  CC      drivers/irqchip/irq-partition-percpu.o
  CC      mm/folio-compat.o
  CC      io_uring/epoll.o
  CC      arch/arm64/mm/copypage.o
  CC      fs/pipe.o
  LD [M]  sound/drivers/snd-aloop.o
  CC      lib/maple_tree.o
  CC      security/keys/sysctl.o
  CC      drivers/bus/fsl-mc/obj-api.o
  CC      block/blk-ioc.o
  CC      drivers/pinctrl/pinmux.o
  CC      drivers/irqchip/irq-imx-gpcv2.o
  CC      drivers/phy/freescale/phy-fsl-imx8-mipi-dphy.o
  CC      arch/arm64/kernel/traps.o
  CC      security/keys/keyctl_pkey.o
  CC      io_uring/statx.o
  CC      crypto/akcipher.o
  CC      drivers/bus/vexpress-config.o
  CC      kernel/sysctl.o
  CC      arch/arm64/mm/flush.o
  CC      mm/readahead.o
  CC      drivers/bus/fsl-mc/fsl-mc-uapi.o
  CC      drivers/irqchip/irq-ls-extirq.o
  CC [M]  security/keys/trusted-keys/trusted_core.o
  CC      io_uring/net.o
  CC      drivers/pinctrl/pinconf.o
  CC      drivers/phy/freescale/phy-fsl-imx8m-pcie.o
  CC      arch/arm64/kernel/vdso.o
  CC      block/blk-map.o
  CC      sound/core/pcm.o
  AR      drivers/bus/fsl-mc/built-in.a
  CC      drivers/irqchip/irq-ls-scfg-msi.o
  CC      drivers/gpio/gpiolib.o
  CC      fs/namei.o
  CC      drivers/pinctrl/pinconf-generic.o
  AR      drivers/bus/built-in.a
  CC [M]  security/keys/trusted-keys/trusted_caam.o
  CC      arch/arm64/mm/ioremap.o
  CC      crypto/kpp.o
drivers/phy/freescale/phy-fsl-imx8m-pcie.c: In function ‘imx8_pcie_phy_power_on’:
drivers/phy/freescale/phy-fsl-imx8m-pcie.c:132:9: warning: enumeration value ‘IMX8MP’ not handled in switch [-Wswitch]
  132 |         switch (imx8_phy->drvdata->variant) {
      |         ^~~~~~
  CC      arch/arm64/kernel/psci.o
  CC      drivers/phy/freescale/phy-fsl-imx8q-pcie.o
  CC      io_uring/msg_ring.o
  CC      arch/arm64/mm/mmap.o
  CC      mm/swap.o
  LD [M]  security/keys/trusted-keys/trusted.o
  CC      drivers/irqchip/irq-imx-irqsteer.o
  AR      security/keys/built-in.a
  CC      security/min_addr.o
  CC      arch/arm64/kernel/cpu_ops.o
  CC      drivers/pinctrl/devicetree.o
  CC      sound/core/pcm_native.o
  CC      arch/arm64/kernel/return_address.o
  CC      drivers/phy/freescale/phy-fsl-samsung-hdmi.o
  CC      block/blk-merge.o
  CC      crypto/rsa.o
  CC      security/security.o
  CC      kernel/capability.o
  CC      drivers/irqchip/irq-imx-intmux.o
  CC      sound/core/pcm_lib.o
  CC      arch/arm64/mm/pgd.o
  CC      io_uring/timeout.o
  CC      crypto/rsa-pkcs1pad.o
  AR      drivers/phy/freescale/built-in.a
  CC      drivers/pinctrl/pinctrl-max77620.o
  CC      drivers/phy/qualcomm/phy-qcom-usb-hs.o
  CC      arch/arm64/kernel/cpuinfo.o
  CC      arch/arm64/mm/mmu.o
  CC      drivers/irqchip/irq-sl28cpld.o
  CC      io_uring/sqpoll.o
  CC      mm/truncate.o
  CC      kernel/ptrace.o
  CC      crypto/acompress.o
  CC      arch/arm64/kernel/cpu_errata.o
  CC      lib/nmi_backtrace.o
  CC [M]  drivers/irqchip/irq-imx-mu-msi.o
  CC      drivers/pinctrl/pinctrl-single.o
  CC      drivers/gpio/gpiolib-devres.o
  AR      drivers/phy/qualcomm/built-in.a
  CC      drivers/phy/samsung/phy-samsung-usb2.o
  CC      block/blk-timeout.o
  CC      lib/radix-tree.o
  CC      arch/arm64/kernel/cpufeature.o
  AR      drivers/irqchip/built-in.a
  CC      io_uring/fdinfo.o
  CC      arch/arm64/net/bpf_jit_comp.o
  CC      fs/fcntl.o
  CC      net/devres.o
  AR      drivers/phy/samsung/built-in.a
  AR      drivers/phy/built-in.a
  CC      arch/arm64/mm/context.o
  CC      drivers/gpio/gpiolib-legacy.o
  CC      kernel/user.o
  CC      crypto/scompress.o
  CC      drivers/pinctrl/freescale/pinctrl-imx.o
  CC      security/inode.o
  CC      mm/vmscan.o
  CC      security/lsm_audit.o
  CC      sound/core/pcm_misc.o
  CC      block/blk-lib.o
  CC      io_uring/tctx.o
  CC      kernel/signal.o
  CC      lib/seq_buf.o
  CC      drivers/gpio/gpiolib-of.o
  CC      arch/arm64/mm/pageattr.o
  CC      fs/ioctl.o
  CC      net/socket.o
  CC      drivers/pinctrl/freescale/pinctrl-scu.o
  CC      crypto/algboss.o
  CC      sound/core/pcm_memory.o
  CC      virt/lib/irqbypass.o
  CC      io_uring/poll.o
  CC      security/device_cgroup.o
  CC      arch/arm64/kernel/alternative.o
  CC      lib/show_mem.o
  CC      arch/arm64/mm/hugetlbpage.o
  AR      arch/arm64/net/built-in.a
  CC      security/integrity/iint.o
  CC      block/blk-mq.o
  CC      drivers/gpio/gpiolib-cdev.o
  CC      drivers/pinctrl/freescale/pinctrl-imx8mm.o
  CC      crypto/testmgr.o
  CC      lib/vsprintf.o
  CC      security/integrity/integrity_audit.o
  AR      virt/lib/built-in.a
  AR      virt/built-in.a
  CC      block/blk-mq-tag.o
  CC      sound/core/memalloc.o
  CC      drivers/pinctrl/freescale/pinctrl-imx8mn.o
  CC      fs/readdir.o
  CC      io_uring/cancel.o
  CC      arch/arm64/kernel/cacheinfo.o
  CC      arch/arm64/mm/trans_pgd.o
  AR      security/integrity/built-in.a
  CC      crypto/crypto_user_base.o
  CC      drivers/pwm/core.o
  CC      drivers/pinctrl/freescale/pinctrl-imx8mp.o
  AR      security/built-in.a
  CC      io_uring/kbuf.o
  CC      arch/arm64/mm/mteswap.o
  CC      mm/shmem.o
  CC      net/core/sock.o
  CC      drivers/pinctrl/freescale/pinctrl-imx8mq.o
  CC      sound/core/pcm_timer.o
  CC      drivers/gpio/gpiolib-acpi.o
  CC      arch/arm64/kernel/smp.o
  CC      kernel/sys.o
  CC      crypto/cmac.o
  CC      fs/select.o
  CC      net/core/request_sock.o
  CC      drivers/pinctrl/freescale/pinctrl-imx8qm.o
  AR      arch/arm64/mm/built-in.a
  CC      lib/win_minmax.o
  CC      arch/arm64/kvm/hyp-constants.s
  CC      sound/core/pcm_drm_eld.o
  CC      io_uring/rsrc.o
  CC      drivers/pwm/sysfs.o
  CC      crypto/hmac.o
  CC      drivers/pinctrl/freescale/pinctrl-imx8qxp.o
  CC      arch/arm64/kvm/hyp/vhe/timer-sr.o
  CC      drivers/pci/access.o
  CC      arch/arm64/kvm/hyp/nvhe/timer-sr.nvhe.o
  CC      crypto/crypto_null.o
  CC      drivers/pwm/pwm-adp5585.o
  CC      drivers/pinctrl/freescale/pinctrl-imx8dxl.o
  CC      arch/arm64/kernel/smp_spin_table.o
  CC      drivers/gpio/gpio-mmio.o
  CC      sound/core/pcm_iec958.o
  CC      lib/bust_spinlocks.o
  CC      arch/arm64/kvm/hyp/vhe/sysreg-sr.o
  CC      block/blk-stat.o
  CC      arch/arm64/kvm/hyp/nvhe/sysreg-sr.nvhe.o
  CC      drivers/pwm/pwm-imx27.o
  CC      drivers/pinctrl/freescale/pinctrl-imx8ulp.o
  CC      arch/arm64/kernel/topology.o
  CC      io_uring/rw.o
  CC      crypto/sha1_generic.o
  CC      lib/bitmap.o
  CC      drivers/pci/bus.o
  CC      fs/dcache.o
  CC      kernel/umh.o
  CC      drivers/pinctrl/freescale/pinctrl-imx93.o
  CC      arch/arm64/kvm/hyp/vhe/debug-sr.o
  CC      sound/core/pcm_dmaengine.o
  CC      mm/util.o
  CC      drivers/pwm/pwm-rpmsg-imx.o
  CC      drivers/gpio/gpio-adp5585.o
  CC      arch/arm64/kvm/hyp/nvhe/debug-sr.nvhe.o
  CC      arch/arm64/kernel/syscall.o
  CC      drivers/pinctrl/freescale/pinctrl-s32v234.o
  CC [M]  drivers/pwm/pwm-cros-ec.o
  CC      drivers/gpio/gpio-dwapb.o
  CC      block/blk-mq-sysfs.o
  CC      crypto/sha256_generic.o
  CC      arch/arm64/kvm/hyp/vhe/switch.o
  CC      arch/arm64/kvm/hyp/nvhe/switch.nvhe.o
  CC      arch/arm64/kernel/proton-pack.o
  CC      drivers/pci/probe.o
  CC      drivers/pinctrl/freescale/pinctrl-s32v-core.o
  CC      sound/core/rawmidi.o
  CC      net/core/skbuff.o
  CC      io_uring/opdef.o
  CC [M]  drivers/pwm/pwm-fsl-ftm.o
  CC      lib/scatterlist.o
  CC      kernel/workqueue.o
  CC      block/blk-mq-cpumap.o
  CC      crypto/sha512_generic.o
  CC      mm/mmzone.o
  CC      drivers/gpio/gpio-imx-scu.o
  CC      arch/arm64/kvm/hyp/vhe/tlb.o
  AR      drivers/pinctrl/freescale/built-in.a
  AR      drivers/pinctrl/built-in.a
  CC      net/compat.o
  CC      arch/arm64/kvm/hyp/nvhe/tlb.nvhe.o
  CC [M]  drivers/pwm/pwm-sl28cpld.o
  CC      arch/arm64/kernel/idreg-override.o
  CC      io_uring/notif.o
  CC      fs/inode.o
  CC      mm/vmstat.o
  CC      drivers/gpio/gpio-max732x.o
  CC      arch/arm64/kvm/hyp/vhe/../vgic-v3-sr.o
  AR      drivers/pwm/built-in.a
  CC      arch/arm64/xen/../../arm/xen/enlighten.o
  CC      lib/iov_iter.o
  CC      arch/arm64/kernel/idle.o
  CC      crypto/gf128mul.o
  CC      arch/arm64/kvm/hyp/nvhe/hyp-main.nvhe.o
  CC      block/blk-mq-sched.o
  CC      drivers/gpio/gpio-max77620.o
  CC      io_uring/io-wq.o
  CC      drivers/pci/host-bridge.o
  CC      sound/core/compress_offload.o
  CC      arch/arm64/kernel/patching.o
  CC      arch/arm64/xen/../../arm/xen/grant-table.o
  CC      arch/arm64/kvm/hyp/nvhe/hyp-smp.nvhe.o
  CC      arch/arm64/kvm/hyp/vhe/../aarch32.o
  CC      crypto/ecb.o
  CC      drivers/gpio/gpio-mb86s7x.o
  CC      drivers/pci/remove.o
  CC      arch/arm64/kernel/sys32.o
  CC      arch/arm64/xen/../../arm/xen/p2m.o
  CC      fs/attr.o
  CC      arch/arm64/kvm/hyp/nvhe/psci-relay.nvhe.o
  CC      crypto/ctr.o
  CC      arch/arm64/kvm/hyp/vhe/../vgic-v2-cpuif-proxy.o
  CC      kernel/pid.o
  CC      mm/backing-dev.o
  CC      block/ioctl.o
  CC [M]  sound/core/hwdep.o
  CC      drivers/gpio/gpio-mpc8xxx.o
  CC      arch/arm64/kernel/signal32.o
  CC      arch/arm64/crypto/sha1-ce-glue.o
  AR      io_uring/built-in.a
  CC      block/genhd.o
  CC      crypto/gcm.o
  CC      drivers/pci/pci.o
  CC      arch/arm64/kvm/hyp/nvhe/early_alloc.nvhe.o
  CC      arch/arm64/kvm/hyp/vhe/../exception.o
  CC      arch/arm64/xen/../../arm/xen/mm.o
  CC      arch/arm64/crypto/sha2-ce-glue.o
  CC      fs/bad_inode.o
  CC      drivers/gpio/gpio-mxc.o
  CC      lib/bsearch.o
  AR      sound/core/built-in.a
  LD [M]  sound/core/snd-hwdep.o
  CC      arch/arm64/kvm/hyp/nvhe/page_alloc.nvhe.o
  AR      arch/arm64/xen/built-in.a
  CC [M]  sound/usb/card.o
  CC      arch/arm64/kernel/sys_compat.o
  CC      crypto/ccm.o
  CC      drivers/gpio/gpio-pca953x.o
  AR      arch/arm64/kvm/hyp/vhe/built-in.a
  CC      arch/arm64/crypto/ghash-ce-glue.o
  CC      crypto/aes_generic.o
  CC      fs/file.o
  CC      mm/mm_init.o
  CC      drivers/video/aperture.o
  CC      crypto/deflate.o
  CC      kernel/task_work.o
  CC      lib/kfifo.o
  CC      arch/arm64/kernel/module.o
  CC      arch/arm64/kvm/hyp/nvhe/setup.nvhe.o
  CC      block/ioprio.o
  CC      net/core/datagram.o
  CC      drivers/pci/pci-driver.o
  CC [M]  sound/usb/clock.o
  CC      arch/arm64/crypto/aes-ce-glue.o
  CC      net/llc/llc_core.o
  CC      kernel/extable.o
  CC      drivers/gpio/gpio-pl061.o
  CC      crypto/michael_mic.o
  CC      arch/arm64/kernel/module-plts.o
  CC      arch/arm64/kvm/hyp/nvhe/mm.nvhe.o
  CC      mm/percpu.o
  CC      lib/percpu-refcount.o
  CC      drivers/video/hdmi.o
  CC [M]  sound/usb/endpoint.o
  CC      arch/arm64/crypto/aes-ce-ccm-glue.o
  CC      crypto/crc32c_generic.o
  CC      block/badblocks.o
  CC      arch/arm64/kernel/perf_regs.o
  CC      kernel/params.o
  CC      drivers/gpio/gpio-imx-rpmsg.o
  CC      arch/arm64/kvm/hyp/nvhe/mem_protect.nvhe.o
  CC      fs/filesystems.o
  CC      net/llc/llc_input.o
  CC      crypto/crct10dif_common.o
  CC      block/partitions/core.o
  CC      arch/arm64/crypto/aes-glue-ce.o
  CC      drivers/pci/search.o
  CC      lib/rhashtable.o
  CC      arch/arm64/kernel/perf_callchain.o
  CC      net/core/stream.o
  CC      drivers/gpio/gpio-xgene.o
  CC      drivers/video/console/dummycon.o
  CC [M]  sound/usb/format.o
  CC      block/blk-rq-qos.o
  CC      arch/arm64/kvm/hyp/nvhe/sys_regs.nvhe.o
  CC      crypto/crct10dif_generic.o
  CC      arch/arm64/kernel/perf_event.o
  CC      kernel/kthread.o
  CC      arch/arm64/crypto/sha256-glue.o
  CC      fs/namespace.o
  CC [M]  drivers/gpio/gpio-regmap.o
  CC      crypto/crc64_rocksoft_generic.o
  CC      net/llc/llc_output.o
  CC      drivers/pci/pci-sysfs.o
  CC [M]  sound/usb/helper.o
  AR      drivers/video/console/built-in.a
  CC      mm/slab_common.o
  CC      drivers/video/logo/logo.o
  CC      block/partitions/msdos.o
  CC      arch/arm64/kvm/hyp/nvhe/pkvm.nvhe.o
  CC      arch/arm64/kvm/hyp/pgtable.o
  CC      lib/once.o
  CC      crypto/lzo.o
  CC [M]  sound/usb/implicit.o
  CC      net/core/scm.o
  CC [M]  arch/arm64/crypto/sha512-ce-glue.o
  CC      arch/arm64/kernel/hw_breakpoint.o
  CC [M]  drivers/gpio/gpio-altera.o
  AR      drivers/video/logo/built-in.a
  CC      drivers/video/backlight/backlight.o
  CC      crypto/lzo-rle.o
  CC      block/partitions/efi.o
  CC      arch/arm64/kvm/hyp/nvhe/stacktrace.nvhe.o
  CC      net/llc/llc_if.o
  CC      lib/bucket_locks.o
  CC      drivers/pci/rom.o
  CC      kernel/nsproxy.o
  CC [M]  arch/arm64/crypto/sha3-ce-glue.o
  CC [M]  sound/usb/mixer.o
  CC      net/ethernet/eth.o
  CC [M]  drivers/gpio/gpio-bd9571mwv.o
  CC      crypto/rng.o
  CC      mm/compaction.o
  CC      arch/arm64/kernel/suspend.o
  CC      arch/arm64/kvm/hyp/nvhe/../vgic-v3-sr.nvhe.o
  CC [M]  arch/arm64/crypto/sm3-ce-glue.o
  AR      block/partitions/built-in.a
  CC      block/disk-events.o
  CC      lib/string_helpers.o
  CC      net/llc/llc_c_ev.o
  CC      kernel/notifier.o
  CC      drivers/pci/setup-res.o
  CC [M]  drivers/gpio/gpio-sl28cpld.o
  CC      arch/arm64/kernel/cpuidle.o
  CC      drivers/video/backlight/gpio_backlight.o
  CC      net/core/gen_stats.o
  CC [M]  arch/arm64/crypto/polyval-ce-glue.o
  CC      crypto/ansi_cprng.o
  CC [M]  drivers/gpio/gpio-wcd934x.o
  CC      arch/arm64/kvm/hyp/nvhe/../aarch32.nvhe.o
  CC      arch/arm64/kernel/efi.o
  CC [M]  arch/arm64/crypto/crct10dif-ce-glue.o
  CC      drivers/video/backlight/pwm_bl.o
  CC      fs/seq_file.o
  CC [M]  sound/usb/mixer_quirks.o
  CC      kernel/ksysfs.o
  CC      net/llc/llc_c_ac.o
  CC      crypto/drbg.o
  CC      lib/debug_info.o
  CC      drivers/pci/irq.o
  CC      block/blk-ia-ranges.o
  AR      net/ethernet/built-in.a
  CC      lib/math/rational.o
  AR      drivers/gpio/built-in.a
  CC      lib/crypto/memneq.o
  CC [M]  arch/arm64/crypto/aes-glue-neon.o
  CC      arch/arm64/kvm/hyp/nvhe/../vgic-v2-cpuif-proxy.nvhe.o
  CC      net/core/gen_estimator.o
  CC [M]  drivers/video/backlight/lp855x_bl.o
  CC      arch/arm64/kernel/pci.o
  CC      kernel/cred.o
  CC      crypto/jitterentropy-kcapi.o
  AR      lib/math/built-in.a
  CC      crypto/ghash-generic.o
  CC      arch/arm64/kvm/hyp/nvhe/../exception.nvhe.o
  CC      lib/crypto/utils.o
  CC      drivers/pci/vpd.o
  CC      fs/xattr.o
  CC      drivers/video/fbdev/core/fb_cmdline.o
  CC [M]  sound/usb/mixer_scarlett.o
  CC      block/bsg.o
  CC      net/llc/llc_conn.o
  CC      mm/interval_tree.o
  CC [M]  arch/arm64/crypto/sha512-glue.o
  CC      crypto/zstd.o
  AR      drivers/video/backlight/built-in.a
  CC      arch/arm64/kernel/acpi.o
  CC      lib/crypto/aes.o
  CC      arch/arm64/kvm/hyp/nvhe/../pgtable.nvhe.o
  CC      lib/crypto/arc4.o
  CC      drivers/char/ipmi/ipmi_dmi.o
  CC      crypto/ecc.o
  CC      net/core/net_namespace.o
  CC [M]  sound/usb/mixer_scarlett2.o
  CC      drivers/pci/setup-bus.o
  CC      kernel/reboot.o
  CC [M]  arch/arm64/crypto/chacha-neon-glue.o
  CC      mm/list_lru.o
  CC      drivers/video/fbdev/core/fb_notify.o
  CC      block/bsg-lib.o
  CC      fs/libfs.o
  CC      net/llc/llc_c_st.o
  CC      lib/crypto/blake2s.o
  CC      arch/arm64/kernel/acpi_numa.o
  LD      arch/arm64/kvm/hyp/nvhe/kvm_nvhe.tmp.o
  CC      drivers/acpi/tables.o
  HYPREL  arch/arm64/kvm/hyp/nvhe/hyp-reloc.S
  AS      arch/arm64/kvm/hyp/nvhe/hyp-reloc.o
  LD      arch/arm64/kvm/hyp/nvhe/kvm_nvhe.rel.o
  HYPCOPY arch/arm64/kvm/hyp/nvhe/kvm_nvhe.o
  AR      arch/arm64/kvm/hyp/nvhe/built-in.a
  AR      arch/arm64/kvm/hyp/built-in.a
  CC      arch/arm64/kvm/../../../virt/kvm/kvm_main.o
  CC      drivers/char/ipmi/ipmi_plat_data.o
  CC [M]  arch/arm64/crypto/aes-neonbs-glue.o
  CC      arch/arm64/kernel/paravirt.o
  CC      lib/crypto/blake2s-generic.o
  CC [M]  sound/usb/mixer_us16x08.o
  CC      net/llc/llc_pdu.o
  CC      kernel/async.o
  CC      mm/workingset.o
  CC      drivers/video/fbdev/core/fbmem.o
  CC      drivers/acpi/osi.o
  AR      arch/arm64/crypto/built-in.a
  LD [M]  arch/arm64/crypto/sha512-ce.o
  LD [M]  arch/arm64/crypto/sha3-ce.o
  LD [M]  arch/arm64/crypto/sm3-ce.o
  LD [M]  arch/arm64/crypto/polyval-ce.o
  LD [M]  arch/arm64/crypto/crct10dif-ce.o
  LD [M]  arch/arm64/crypto/aes-neon-blk.o
  LD [M]  arch/arm64/crypto/sha512-arm64.o
  LD [M]  arch/arm64/crypto/chacha-neon.o
  LD [M]  arch/arm64/crypto/aes-neon-bs.o
  CC      lib/pci_iomap.o
  CC      block/blk-cgroup.o
  CC      crypto/ecdh.o
  CC      arch/arm64/kernel/elfcore.o
  CC      drivers/pci/vc.o
  CC [M]  drivers/char/ipmi/ipmi_msghandler.o
  CC      net/core/secure_seq.o
  CC      fs/fs-writeback.o
  CC [M]  sound/usb/mixer_s1810c.o
  CC      net/llc/llc_sap.o
  CC      mm/debug.o
  CC      kernel/smpboot.o
  CC      crypto/asymmetric_keys/asymmetric_type.o
  CC      arch/arm64/kernel/machine_kexec.o
  CC      lib/crypto/sha1.o
  CC      drivers/acpi/osl.o
  CC      drivers/pci/mmap.o
  CC      crypto/asymmetric_keys/restrict.o
  CC [M]  sound/usb/pcm.o
  CC      arch/arm64/kernel/machine_kexec_file.o
  CC      kernel/ucount.o
  CC      drivers/pci/setup-irq.o
  CC      lib/crypto/sha256.o
  CC      net/llc/llc_s_ac.o
  CC      drivers/video/fbdev/mxc/mxc_edid.o
  CC      crypto/asymmetric_keys/signature.o
  CC      drivers/video/fbdev/core/fbmon.o
  CC      mm/gup.o
  CC      arch/arm64/kernel/kexec_image.o
  CC      net/core/flow_dissector.o
  CC      block/mq-deadline.o
  CC      kernel/kmod.o
  CC      drivers/pci/msi/pcidev_msi.o
  CC      drivers/acpi/utils.o
  CC [M]  sound/usb/power.o
  CC      net/llc/llc_s_ev.o
  CC      crypto/asymmetric_keys/public_key.o
  CC [M]  lib/crypto/libchacha.o
  CC      fs/pnode.o
  CC      arch/arm64/kernel/crash_dump.o
  CC      drivers/pci/msi/msi.o
  CC [M]  sound/usb/proc.o
  CC      arch/arm64/kvm/../../../virt/kvm/eventfd.o
  CC      drivers/video/fbdev/mxc/mxc_epdc_v2_fb.o
  CC [M]  drivers/char/ipmi/ipmi_devintf.o
  CC      fs/splice.o
  CC      arch/arm64/kernel/crash_core.o
  CC      block/kyber-iosched.o
  CC [M]  lib/crypto/curve25519-generic.o
  CC      net/llc/llc_s_st.o
  CC      kernel/groups.o
  CC      crypto/asymmetric_keys/x509_public_key.o
  CC      drivers/video/fbdev/core/fbcmap.o
  CC [M]  sound/usb/quirks.o
  CC      drivers/acpi/reboot.o
  CC      arch/arm64/kernel/pointer_auth.o
  CC [M]  lib/crypto/des.o
  CC      crypto/asymmetric_keys/pkcs7_parser.o
  CC      net/llc/af_llc.o
  CC      mm/mmap_lock.o
  CC      drivers/pci/msi/irqdomain.o
  CC [M]  drivers/char/ipmi/ipmi_si_intf.o
  CC      drivers/acpi/nvs.o
  CC      arch/arm64/kernel/mte.o
  CC      block/bio-integrity.o
  CC      arch/arm64/kvm/../../../virt/kvm/binary_stats.o
  CC [M]  sound/usb/stream.o
  CC      kernel/sched/core.o
  CC      mm/highmem.o
  CC      net/core/sysctl_net_core.o
  CC      drivers/acpi/wakeup.o
  CC      drivers/video/fbdev/core/fbsysfs.o
  AR      crypto/asymmetric_keys/built-in.a
  CC [M]  crypto/crypto_engine.o
  CC      fs/sync.o
  AS      arch/arm64/kernel/vdso-wrap.o
  CC      arch/arm64/kvm/../../../virt/kvm/vfio.o
  AR      arch/arm64/kernel/built-in.a
  AR      drivers/pci/msi/built-in.a
  CC [M]  drivers/char/ipmi/ipmi_kcs_sm.o
  CC      drivers/pci/pcie/portdrv_core.o
  CC [M]  lib/crypto/poly1305.o
  CC      net/802/p8022.o
  CC      mm/memory.o
  CC      net/llc/llc_station.o
  AR      drivers/video/fbdev/mxc/built-in.a
  CC      net/802/psnap.o
  CC [M]  sound/usb/validate.o
  CC      block/blk-integrity.o
  CC      drivers/acpi/device_sysfs.o
  CC [M]  crypto/dh.o
  CC      arch/arm64/kvm/../../../virt/kvm/coalesced_mmio.o
  CC [M]  drivers/char/ipmi/ipmi_smic_sm.o
  AR      lib/crypto/built-in.a
  LD [M]  lib/crypto/libcurve25519-generic.o
  LD [M]  lib/crypto/libdes.o
  LD [M]  lib/crypto/libpoly1305.o
  CC      lib/devres.o
  CC [M]  sound/usb/media.o
  CC      fs/utimes.o
  CC      drivers/pci/pcie/portdrv_pci.o
  CC      net/llc/llc_proc.o
  CC      drivers/video/fbdev/core/modedb.o
  CC [M]  crypto/vmac.o
  CC      arch/arm64/kvm/../../../virt/kvm/irqchip.o
  CC      drivers/pnp/core.o
  CC      net/core/dev.o
  CC [M]  drivers/char/ipmi/ipmi_bt_sm.o
  CC      net/802/stp.o
  CC      drivers/pci/pcie/rcec.o
  CC [M]  sound/usb/midi.o
  CC      fs/d_path.o
  CC      drivers/acpi/device_pm.o
  CC      lib/linear_ranges.o
  CC      net/llc/sysctl_net_llc.o
  CC      block/t10-pi.o
  CC      arch/arm64/kvm/arm.o
  CC [M]  crypto/xcbc.o
  CC [M]  drivers/char/ipmi/ipmi_si_hotmod.o
  CC      drivers/pci/pcie/aspm.o
  CC      drivers/pnp/card.o
  CC      drivers/video/fbdev/core/fbcvt.o
  AR      net/llc/built-in.a
  CC      fs/stack.o
  CC [M]  crypto/md4.o
  CC      lib/packing.o
  CC      net/802/garp.o
  CC [M]  drivers/char/ipmi/ipmi_si_hardcode.o
  CC      arch/arm64/kvm/mmu.o
  CC [M]  crypto/md5.o
  CC      drivers/video/fbdev/core/fb_defio.o
  CC      drivers/pnp/driver.o
  CC      drivers/acpi/bus.o
  LD [M]  sound/usb/snd-usb-audio.o
  LD [M]  sound/usb/snd-usbmidi-lib.o
  CC      fs/fs_struct.o
  CC      sound/soc/soc-core.o
  CC      kernel/sched/fair.o
  CC      lib/crc16.o
  CC [M]  drivers/char/ipmi/ipmi_si_platform.o
  CC      drivers/pci/pcie/pme.o
  CC      block/blk-mq-pci.o
  CC      net/802/mrp.o
  CC      mm/mincore.o
  CC [M]  crypto/rmd160.o
  CC [M]  drivers/char/ipmi/ipmi_si_port_io.o
  CC      lib/crc-t10dif.o
  CC      drivers/acpi/glue.o
  CC      fs/statfs.o
  CC      drivers/pnp/resource.o
  CC      arch/arm64/kvm/mmio.o
  AR      drivers/pci/pcie/built-in.a
  CC      drivers/pci/proc.o
  CC      drivers/video/fbdev/core/fbcon.o
  CC [M]  drivers/char/ipmi/ipmi_si_mem_io.o
  CC      mm/mlock.o
  CC [M]  crypto/sha3_generic.o
  CC      lib/crc-itu-t.o
  CC      block/blk-mq-virtio.o
  CC      mm/mmap.o
  CC      drivers/pci/slot.o
  CC      arch/arm64/kvm/psci.o
  AR      net/802/built-in.a
  CC      kernel/locking/mutex.o
  CC      drivers/acpi/scan.o
  CC      fs/fs_pin.o
  CC [M]  drivers/char/ipmi/ipmi_si_pci.o
  CC      sound/soc/soc-dapm.o
  CC      lib/crc32.o
  CC [M]  crypto/sm3.o
  CC      drivers/pnp/manager.o
  CC      fs/nsfs.o
  CC      arch/arm64/kvm/hypercalls.o
  AR      drivers/char/ipmi/built-in.a
  LD [M]  drivers/char/ipmi/ipmi_si.o
  CC      block/blk-mq-debugfs.o
  CC      mm/mmu_gather.o
  CC      drivers/pci/pci-acpi.o
  CC      arch/arm64/kvm/pvtime.o
  CC      kernel/locking/semaphore.o
  CC      lib/crc64.o
  CC      drivers/pnp/support.o
  CC      kernel/sched/build_policy.o
  CC      fs/fs_types.o
  CC      drivers/video/fbdev/core/bitblit.o
  CC      drivers/video/fbdev/amba-clcd.o
  CC [M]  crypto/sm3_generic.o
  CC      drivers/acpi/resource.o
  CC      arch/arm64/kvm/inject_fault.o
  CC      mm/mprotect.o
  CC      lib/crc7.o
  CC      drivers/pnp/interface.o
  CC      block/blk-pm.o
  CC      fs/fs_context.o
  CC      kernel/locking/rwsem.o
  CC      drivers/pci/of.o
  CC      drivers/video/fbdev/core/softcursor.o
  CC [M]  crypto/streebog_generic.o
  CC      drivers/acpi/acpi_processor.o
  CC      drivers/pnp/quirks.o
  CC      lib/libcrc32c.o
  CC      arch/arm64/kvm/va_layout.o
  CC      sound/soc/soc-jack.o
  CC      drivers/pci/quirks.o
  CC      mm/mremap.o
  CC [M]  crypto/wp512.o
  CC      drivers/video/fbdev/core/cfbfillrect.o
  CC      net/core/dev_addr_lists.o
  CC      kernel/power/qos.o
  CC      kernel/locking/percpu-rwsem.o
  CC      block/holder.o
  CC      drivers/pnp/system.o
  CC      fs/fs_parser.o
  CC      kernel/power/main.o
  CC      arch/arm64/kvm/handle_exit.o
  CC      lib/crc8.o
  CC      drivers/acpi/processor_core.o
  CC [M]  crypto/blake2b_generic.o
  CC      drivers/pnp/pnpacpi/core.o
  CC      mm/msync.o
  CC      sound/soc/soc-utils.o
  CC      kernel/locking/spinlock.o
  CC      arch/arm64/kvm/guest.o
  CC      lib/crc64-rocksoft.o
  CC      drivers/video/fbdev/core/cfbcopyarea.o
  CC      lib/xxhash.o
  AR      block/built-in.a
  CC      fs/fsopen.o
  CC      drivers/pnp/pnpacpi/rsparser.o
  CC      net/core/dst.o
  CC      mm/page_vma_mapped.o
  CC      kernel/power/console.o
  CC      drivers/acpi/ec.o
  CC      kernel/sched/build_utility.o
  CC [M]  crypto/cbc.o
  CC      kernel/power/process.o
  CC      kernel/locking/qspinlock.o
  CC      sound/soc/soc-dai.o
  CC      net/sched/sch_generic.o
  CC      fs/init.o
  AR      drivers/pnp/pnpacpi/built-in.a
  AR      drivers/pnp/built-in.a
  CC      drivers/video/fbdev/core/cfbimgblt.o
  CC      arch/arm64/kvm/debug.o
  CC      lib/genalloc.o
  CC      drivers/pci/hotplug/pci_hotplug_core.o
  CC      mm/pagewalk.o
  CC [M]  crypto/cfb.o
  CC      net/netlink/af_netlink.o
  CC      net/netlink/genetlink.o
  CC      fs/kernel_read_file.o
  CC      kernel/power/suspend.o
  CC      kernel/locking/rtmutex_api.o
  CC [M]  crypto/pcbc.o
  CC      arch/arm64/kvm/reset.o
  CC      mm/pgtable-generic.o
  CC      net/core/netevent.o
  CC      sound/soc/soc-component.o
  CC      lib/zlib_inflate/inflate_syms.o
  CC      drivers/video/fbdev/core/sysfillrect.o
  CC      drivers/pci/hotplug/acpi_pcihp.o
  CC      drivers/acpi/pci_root.o
  CC [M]  crypto/cts.o
  CC      fs/remap_range.o
  CC      mm/rmap.o
  CC      arch/arm64/kvm/sys_regs.o
  AR      lib/zlib_inflate/built-in.a
  CC      lib/zlib_deflate/deflate.o
  CC      kernel/locking/qrwlock.o
  CC      kernel/power/suspend_test.o
  CC [M]  crypto/lrw.o
  CC      net/core/neighbour.o
  CC      net/sched/sch_mq.o
  CC      drivers/pci/hotplug/acpiphp_core.o
  CC      drivers/video/fbdev/core/syscopyarea.o
  CC      drivers/pci/ats.o
  CC      drivers/acpi/pci_link.o
  CC      sound/soc/soc-pcm.o
  CC [M]  crypto/xts.o
  CC      kernel/power/energy_model.o
  CC      fs/buffer.o
  CC      lib/zlib_deflate/deflate_syms.o
  AR      kernel/locking/built-in.a
  CC      net/bpf/test_run.o
  CC      net/sched/sch_frag.o
  CC [M]  crypto/chacha20poly1305.o
  CC      net/netlink/policy.o
  CC      drivers/acpi/pci_irq.o
  AR      lib/zlib_deflate/built-in.a
  CC      drivers/pci/hotplug/acpiphp_glue.o
  CC      arch/arm64/kvm/stacktrace.o
  AR      kernel/sched/built-in.a
  CC      lib/lzo/lzo1x_compress.o
  CC [M]  crypto/des_generic.o
  CC      net/core/rtnetlink.o
  AR      kernel/power/built-in.a
  CC      kernel/printk/printk.o
  CC      mm/vmalloc.o
  CC      drivers/video/fbdev/core/sysimgblt.o
  CC      drivers/pci/iov.o
  CC      drivers/acpi/acpi_lpss.o
  CC      arch/arm64/kvm/vgic-sys-reg-v3.o
  CC [M]  crypto/fcrypt.o
  AR      net/netlink/built-in.a
  CC      drivers/video/of_display_timing.o
  CC      lib/lzo/lzo1x_decompress_safe.o
  AR      drivers/pci/hotplug/built-in.a
  CC      sound/soc/soc-devres.o
  CC      drivers/pci/pci-label.o
  CC [M]  crypto/blowfish_generic.o
  CC      drivers/acpi/acpi_apd.o
  CC      fs/direct-io.o
  CC      net/sched/sch_api.o
  CC      arch/arm64/kvm/fpsimd.o
  AR      lib/lzo/built-in.a
  CC      lib/lz4/lz4_decompress.o
  CC      mm/process_vm_access.o
  CC      drivers/video/fbdev/core/fb_sys_fops.o
  CC      net/bpf/bpf_dummy_struct_ops.o
  CC      drivers/acpi/acpi_platform.o
  CC      sound/soc/soc-ops.o
  CC      drivers/pci/syscall.o
  CC      mm/page_alloc.o
  CC [M]  crypto/blowfish_common.o
  CC      arch/arm64/kvm/pkvm.o
  CC      kernel/printk/printk_safe.o
  CC      net/ethtool/ioctl.o
  CC      drivers/video/of_videomode.o
  CC      drivers/pci/ecam.o
  AR      net/bpf/built-in.a
  CC      drivers/acpi/acpi_pnp.o
  CC      arch/arm64/kvm/arch_timer.o
  CC [M]  crypto/twofish_generic.o
  CC      fs/mpage.o
  CC      net/sched/sch_blackhole.o
  AR      drivers/video/fbdev/core/built-in.a
  CC      drivers/video/fbdev/xen-fbfront.o
  CC      drivers/video/fbdev/efifb.o
  AR      kernel/printk/built-in.a
  CC      sound/soc/soc-link.o
  CC      kernel/irq/irqdesc.o
  CC [M]  crypto/twofish_common.o
  AR      lib/lz4/built-in.a
  CC      lib/zstd/zstd_compress_module.o
  CC      kernel/irq/handle.o
  CC      drivers/pci/vgaarb.o
  CC      drivers/acpi/acpi_amba.o
  CC      net/sched/cls_api.o
  CC      net/ethtool/common.o
  CC      net/netfilter/core.o
  CC      drivers/video/fbdev/mx3fb.o
  CC      arch/arm64/kvm/trng.o
  CC      lib/zstd/zstd_decompress_module.o
  CC      net/core/utils.o
  CC      sound/soc/soc-card.o
  CC      fs/proc_namespace.o
  CC      drivers/amba/bus.o
  CC      drivers/acpi/power.o
  CC [M]  crypto/serpent_generic.o
  CC      kernel/irq/manage.o
  CC      arch/arm64/kvm/vmid.o
  CC      lib/zstd/common/entropy_common.o
  AR      drivers/video/fbdev/built-in.a
  AR      drivers/video/built-in.a
  CC      fs/notify/fsnotify.o
  CC      drivers/pci/endpoint/pci-ep-cfs.o
  CC [M]  crypto/sm4.o
  CC [M]  crypto/sm4_generic.o
  CC      sound/soc/soc-topology.o
  CC      drivers/acpi/event.o
  CC      arch/arm64/kvm/vgic/vgic.o
  CC      net/ethtool/netlink.o
  CC      drivers/pci/endpoint/pci-epc-core.o
  AR      drivers/amba/built-in.a
  CC      lib/xz/xz_dec_syms.o
  CC      net/core/link_watch.o
  CC      lib/zstd/common/zstd_common.o
  CC      fs/notify/notification.o
  CC      net/netfilter/nf_log.o
  CC      kernel/irq/spurious.o
  CC      arch/arm64/kvm/vgic/vgic-init.o
  CC      drivers/acpi/evged.o
  CC      fs/eventpoll.o
  CC      fs/notify/group.o
  AR      lib/xz/built-in.a
  CC      arch/arm64/kvm/vgic/vgic-irqfd.o
  AR      lib/zstd/built-in.a
  CC      lib/percpu_counter.o
  CC [M]  crypto/camellia_generic.o
  CC      kernel/irq/resend.o
  CC      mm/init-mm.o
  CC      drivers/acpi/sysfs.o
  CC      net/ethtool/bitset.o
  CC      net/sched/act_api.o
  CC      drivers/pci/endpoint/pci-epf-core.o
  CC      sound/soc/soc-generic-dmaengine-pcm.o
  CC      net/netfilter/nf_queue.o
  CC      net/core/filter.o
  CC      arch/arm64/kvm/vgic/vgic-v2.o
  CC      kernel/irq/chip.o
  CC      mm/memblock.o
  CC      net/netfilter/nf_sockopt.o
  CC      lib/audit.o
  CC      drivers/acpi/property.o
  CC      drivers/pci/controller/pci-host-common.o
  CC      fs/notify/mark.o
  CC      net/core/sock_diag.o
  CC [M]  crypto/cast_common.o
  CC      arch/arm64/kvm/vgic/vgic-v3.o
  CC      net/ethtool/strset.o
  CC      lib/syscall.o
  CC      drivers/pci/endpoint/pci-epc-mem.o
  CC      sound/soc/soc-compress.o
  CC      lib/nlattr.o
  CC      drivers/pci/controller/pci-host-generic.o
  CC      kernel/irq/dummychip.o
  CC      mm/madvise.o
  CC [M]  crypto/cast5_generic.o
  CC      net/sched/sch_fifo.o
  CC      arch/arm64/kvm/vgic/vgic-v4.o
  CC      fs/notify/fdinfo.o
  CC      net/netfilter/utils.o
  CC      net/ethtool/linkinfo.o
  CC      drivers/pci/endpoint/functions/pci-epf-test.o
  CC      drivers/acpi/debugfs.o
  CC      kernel/irq/devres.o
  CC      drivers/pci/controller/pci-thunder-ecam.o
  CC [M]  crypto/cast6_generic.o
  CC      sound/soc/codecs/bt-sco.o
  CC      fs/notify/dnotify/dnotify.o
  CC      net/netfilter/nfnetlink.o
  CC      sound/soc/codecs/cs42xx8.o
  CC      arch/arm64/kvm/vgic/vgic-mmio.o
  CC      net/ethtool/linkmodes.o
  CC      drivers/pci/controller/pci-thunder-pem.o
  AR      drivers/pci/endpoint/functions/built-in.a
  AR      drivers/pci/endpoint/built-in.a
  CC      kernel/irq/generic-chip.o
  CC      drivers/acpi/acpi_lpat.o
  CC      lib/cpu_rmap.o
  CC      fs/anon_inodes.o
  AR      fs/notify/dnotify/built-in.a
  CC      fs/notify/inotify/inotify_fsnotify.o
  CC      fs/notify/fanotify/fanotify.o
  CC      mm/page_io.o
  CC [M]  net/sched/act_gact.o
  CC [M]  crypto/arc4.o
  CC      fs/notify/inotify/inotify_user.o
  CC      drivers/pci/controller/pci-xgene.o
  CC      arch/arm64/kvm/vgic/vgic-mmio-v2.o
  CC      fs/signalfd.o
  CC [M]  crypto/tea.o
  CC      net/ethtool/linkstate.o
  CC      lib/glob.o
  CC      sound/soc/codecs/cs42xx8-i2c.o
  CC      kernel/irq/autoprobe.o
  CC      lib/mpi/generic_mpih-lshift.o
  CC      drivers/acpi/irq.o
  CC [M]  net/sched/act_mirred.o
  CC      mm/swap_state.o
  CC      fs/notify/fanotify/fanotify_user.o
  CC [M]  crypto/khazad.o
  CC      drivers/pci/controller/pci-xgene-msi.o
  CC      net/netfilter/nf_tables_core.o
  CC      drivers/acpi/prmt.o
  CC      arch/arm64/kvm/vgic/vgic-mmio-v3.o
  AR      fs/notify/inotify/built-in.a
  CC      mm/swapfile.o
  CC      lib/mpi/generic_mpih-mul1.o
  CC      net/ethtool/debug.o
  CC      sound/soc/codecs/hdmi-codec.o
  CC [M]  crypto/anubis.o
  CC      kernel/irq/irqdomain.o
  CC      net/ipv4/route.o
  CC      lib/mpi/generic_mpih-mul2.o
  CC      sound/soc/generic/simple-card-utils.o
  CC      drivers/pci/controller/pcie-altera.o
  CC      drivers/acpi/acpi_pcc.o
  CC [M]  net/sched/act_skbedit.o
  CC      sound/last.o
  CC      arch/arm64/kvm/vgic/vgic-kvm-device.o
  AR      fs/notify/fanotify/built-in.a
  AR      fs/notify/built-in.a
  CC      fs/timerfd.o
  CC      net/ethtool/wol.o
  CC [M]  crypto/seed.o
  CC      lib/mpi/generic_mpih-mul3.o
  CC      sound/soc/codecs/wm8524.o
  CC      sound/soc/generic/simple-card.o
  CC      drivers/pci/controller/pcie-altera-msi.o
  CC      net/netfilter/nf_tables_api.o
  CC      lib/mpi/generic_mpih-rshift.o
  CC [M]  sound/soc/codecs/ak4458.o
  CC [M]  crypto/aria_generic.o
  CC [M]  net/sched/act_gate.o
  CC      fs/eventfd.o
  CC      kernel/irq/proc.o
  CC      net/ethtool/features.o
  CC      arch/arm64/kvm/vgic/vgic-its.o
  CC      sound/soc/generic/audio-graph-card.o
  CC      drivers/acpi/pci_mcfg.o
  CC [M]  net/sched/sch_ingress.o
  CC      net/core/dev_ioctl.o
  CC      drivers/pci/controller/dwc/pcie-designware.o
  CC      lib/mpi/generic_mpih-sub1.o
  CC      kernel/irq/cpuhotplug.o
  CC [M]  sound/soc/codecs/ak4613.o
  CC      drivers/acpi/ac.o
  CC      lib/mpi/generic_mpih-add1.o
  CC [M]  crypto/chacha_generic.o
  CC      net/ethtool/privflags.o
  CC      mm/swap_slots.o
  CC      drivers/clk/clk-devres.o
  CC [M]  net/sched/sch_multiq.o
  CC      fs/aio.o
  AR      sound/soc/generic/built-in.a
  CC      lib/mpi/ec.o
  CC      kernel/irq/pm.o
  CC [M]  crypto/poly1305_generic.o
  CC      drivers/pci/controller/mobiveil/pcie-mobiveil.o
  CC      drivers/acpi/button.o
  CC [M]  sound/soc/codecs/ak5558.o
  CC      arch/arm64/kvm/vgic/vgic-debug.o
  CC      mm/dmapool.o
  CC      drivers/pci/controller/dwc/pcie-designware-host.o
  CC [M]  crypto/authenc.o
  CC      net/ethtool/rings.o
  CC      net/ipv4/inetpeer.o
  CC      drivers/clk/clk-bulk.o
  CC [M]  net/sched/sch_mqprio.o
  CC      net/core/tso.o
  CC      kernel/irq/msi.o
  CC      drivers/pci/controller/mobiveil/pcie-mobiveil-host.o
  CC [M]  sound/soc/codecs/cros_ec_codec.o
  CC      arch/arm64/kvm/pmu-emul.o
  CC      drivers/acpi/fan_core.o
  CC      lib/mpi/mpicoder.o
  CC      drivers/clk/clkdev.o
  CC      mm/hugetlb.o
  CC      net/ethtool/channels.o
  CC      drivers/pci/controller/mobiveil/pcie-layerscape-gen4.o
  CC      drivers/pci/controller/dwc/pcie-designware-ep.o
  CC [M]  net/sched/sch_cbs.o
  CC [M]  crypto/authencesn.o
  CC      drivers/acpi/fan_attr.o
  CC      kernel/irq/ipi.o
  CC      fs/locks.o
  CC      net/core/sock_reuseport.o
  CC      net/ipv4/protocol.o
  CC [M]  sound/soc/codecs/dmic.o
  CC      drivers/clk/clk.o
  CC      arch/arm64/kvm/pmu.o
  CC      lib/mpi/mpi-add.o
  AR      drivers/pci/controller/mobiveil/built-in.a
  CC      drivers/acpi/processor_driver.o
  CC      drivers/dma/dmaengine.o
  CC      net/ethtool/coalesce.o
  CC [M]  crypto/tls.o
  CC [M]  net/sched/sch_etf.o
  CC      kernel/irq/affinity.o
  CC [M]  sound/soc/codecs/es7134.o
  CC      drivers/pci/controller/dwc/pci-imx6.o
  AR      arch/arm64/kvm/built-in.a
  AR      arch/arm64/built-in.a
  CC      net/ipv4/ip_input.o
  CC      drivers/acpi/processor_thermal.o
  CC      lib/mpi/mpi-bit.o
  AR      kernel/irq/built-in.a
  CC      kernel/rcu/update.o
  CC      net/ethtool/pause.o
  CC      net/netfilter/nft_chain_filter.o
  CC      fs/binfmt_script.o
  CC [M]  crypto/xxhash_generic.o
  CC [M]  sound/soc/codecs/es7241.o
  CC      net/core/fib_notifier.o
  CC      drivers/dma/virt-dma.o
  CC      drivers/acpi/processor_idle.o
  CC [M]  net/sched/sch_taprio.o
  CC      fs/binfmt_elf.o
  CC      lib/mpi/mpi-cmp.o
  CC [M]  crypto/tcrypt.o
  CC [M]  sound/soc/codecs/gtm601.o
  CC      drivers/pci/controller/dwc/pci-layerscape.o
  CC      net/ethtool/eee.o
  CC      drivers/dma/acpi-dma.o
  CC      drivers/acpi/processor_perflib.o
  CC      drivers/clk/clk-divider.o
  CC      net/core/xdp.o
  CC [M]  sound/soc/codecs/max98357a.o
  CC      net/ipv4/ip_fragment.o
  CC      net/ethtool/tsinfo.o
  CC      lib/mpi/mpi-sub-ui.o
  CC      drivers/pci/controller/dwc/pcie-kirin.o
  CC      kernel/rcu/srcutree.o
  CC      drivers/clk/clk-fixed-factor.o
  CC [M]  sound/soc/codecs/max98927.o
  CC      net/netfilter/nf_tables_trace.o
  CC      drivers/dma/of-dma.o
  CC      fs/compat_binfmt_elf.o
  CC      mm/mempolicy.o
  CC      net/ethtool/cabletest.o
  CC      lib/mpi/mpi-div.o
  CC [M]  net/sched/cls_u32.o
  CC      drivers/pci/controller/dwc/pcie-hisi.o
  CC      drivers/acpi/container.o
  CC      lib/mpi/mpi-inv.o
  CC      drivers/clk/clk-fixed-rate.o
  CC      drivers/dma/dmatest.o
  CC [M]  sound/soc/codecs/msm8916-wcd-analog.o
  CC      drivers/pci/controller/dwc/pcie-al.o
  CC      lib/dim/dim.o
  CC      kernel/rcu/tree.o
  CC      drivers/acpi/thermal.o
  CC      net/ipv4/ip_forward.o
  CC [M]  crypto/polyval-generic.o
  CC      net/core/flow_offload.o
  CC      fs/mbcache.o
  CC      drivers/pci/controller/dwc/pcie-tegra194-acpi.o
  CC      lib/mpi/mpi-mod.o
  CC      net/netfilter/nft_immediate.o
  CC      drivers/clk/clk-gate.o
  CC      net/ethtool/tunnels.o
  CC      lib/dim/net_dim.o
  CC [M]  sound/soc/codecs/msm8916-wcd-digital.o
  CC [M]  net/sched/cls_basic.o
  CC [M]  crypto/af_alg.o
  CC      drivers/dma/dw-edma/dw-edma-core.o
  CC      drivers/acpi/numa/srat.o
  CC      lib/mpi/mpi-mul.o
  CC [M]  drivers/pci/controller/dwc/pci-meson.o
  CC      net/ipv4/ip_options.o
  CC      lib/dim/rdma_dim.o
  CC      mm/sparse.o
  CC      drivers/clk/clk-multiplier.o
  CC [M]  sound/soc/codecs/pcm186x.o
  CC      fs/posix_acl.o
  CC      net/netfilter/nft_cmp.o
  CC [M]  net/sched/cls_flower.o
  CC      net/ethtool/fec.o
  CC      lib/mpi/mpih-cmp.o
  CC      net/core/gro.o
  AR      drivers/pci/controller/dwc/built-in.a
  AR      drivers/pci/controller/built-in.a
  AR      lib/dim/built-in.a
  AR      drivers/pci/built-in.a
  CC      net/ipv4/ip_output.o
  CC      drivers/soc/bcm/brcmstb/common.o
  CC      drivers/clk/clk-mux.o
  AR      drivers/acpi/numa/built-in.a
  CC      drivers/acpi/acpi_memhotplug.o
  CC      lib/mpi/mpih-div.o
  CC      drivers/dma/dw-edma/dw-edma-v0-core.o
  CC      mm/sparse-vmemmap.o
  CC      net/netfilter/nft_range.o
  CC [M]  sound/soc/codecs/pcm186x-i2c.o
  CC      drivers/acpi/battery.o
  CC      fs/nfs_common/grace.o
  CC      drivers/soc/bcm/brcmstb/biuctrl.o
  CC      drivers/clk/clk-composite.o
  CC      drivers/acpi/hed.o
  CC      net/ethtool/eeprom.o
  CC [M]  crypto/algif_hash.o
  CC      lib/mpi/mpih-mul.o
  CC      drivers/dma/dw-edma/dw-edma-v0-debugfs.o
  CC      mm/mmu_notifier.o
  CC [M]  sound/soc/codecs/pcm3168a.o
  AR      drivers/soc/bcm/brcmstb/built-in.a
  AR      drivers/soc/bcm/built-in.a
  CC      drivers/soc/fsl/qbman/bman_ccsr.o
  CC      net/netfilter/nft_bitwise.o
  CC      fs/nfs_common/nfs_ssc.o
  CC      drivers/clk/clk-fractional-divider.o
  CC      net/core/net-sysfs.o
  CC      net/tls/tls_main.o
  CC      lib/mpi/mpi-pow.o
  CC      net/ethtool/stats.o
  CC [M]  crypto/algif_skcipher.o
  CC      kernel/rcu/rcu_segcblist.o
  CC      drivers/dma/dw-edma/dw-edma-pcie.o
  CC      drivers/acpi/cppc_acpi.o
  CC      mm/ksm.o
  AR      kernel/rcu/built-in.a
  CC      kernel/dma/mapping.o
  CC      drivers/soc/fsl/qbman/qman_ccsr.o
  CC [M]  sound/soc/codecs/pcm3168a-i2c.o
  CC      drivers/clk/clk-gpio.o
  AR      drivers/dma/dw-edma/built-in.a
  CC      drivers/dma/fsl-edma.o
  CC      net/ipv4/ip_sockglue.o
  CC      lib/mpi/mpiutil.o
  AR      net/sched/built-in.a
  CC      kernel/dma/direct.o
  CC      net/ethtool/phc_vclocks.o
  CC      net/netfilter/nft_byteorder.o
  CC [M]  crypto/algif_rng.o
  AR      fs/nfs_common/built-in.a
  CC      fs/coredump.o
  CC      drivers/clk/clk-conf.o
  CC [M]  sound/soc/codecs/pcm512x.o
  CC      net/tls/tls_sw.o
  CC      drivers/soc/fsl/qbman/bman_portal.o
  CC      net/core/page_pool.o
  CC      drivers/dma/fsl-edma-common.o
  CC      drivers/virtio/virtio.o
  AR      lib/mpi/built-in.a
  CC      lib/strncpy_from_user.o
  CC      net/ethtool/module.o
  CC      kernel/dma/ops_helpers.o
  CC      drivers/acpi/spcr.o
  CC      net/netfilter/nft_payload.o
  CC [M]  crypto/algif_aead.o
  CC      drivers/clk/clk-cs2000-cp.o
  CC      kernel/dma/dummy.o
  CC      drivers/soc/fsl/qbman/qman_portal.o
  CC      lib/strnlen_user.o
  CC      net/ethtool/pse-pd.o
  CC      drivers/clk/clk-fsl-flexspi.o
  CC      drivers/virtio/virtio_ring.o
  CC      mm/slub.o
  CC      fs/drop_caches.o
  CC      drivers/acpi/pptt.o
  CC      kernel/dma/contiguous.o
  CC      drivers/dma/fsl-edma-v3.o
  CC [M]  crypto/ofb.o
  CC [M]  sound/soc/codecs/pcm512x-i2c.o
  CC      net/ipv4/inet_hashtables.o
  CC      net/core/net-procfs.o
  CC      drivers/clk/clk-fsl-sai.o
  CC      net/netfilter/nft_lookup.o
  CC      lib/net_utils.o
  CC      fs/fhandle.o
  CC      kernel/dma/coherent.o
  AR      net/ethtool/built-in.a
  CC      drivers/soc/fsl/rcpm.o
  CC      drivers/soc/fsl/qbman/bman.o
  CC [M]  crypto/essiv.o
  CC      drivers/acpi/apei/apei-base.o
  CC      drivers/clk/clk-plldig.o
  CC [M]  sound/soc/codecs/rl6231.o
  CC      kernel/dma/swiotlb.o
  CC      net/core/selftests.o
  CC      net/tls/tls_proc.o
  CC      net/netfilter/nft_dynset.o
  CC      drivers/dma/imx-sdma.o
  CC      lib/sg_pool.o
  CC      fs/iomap/trace.o
  CC      mm/memtest.o
  CC      drivers/clk/clk-pwm.o
  CC      drivers/virtio/virtio_anchor.o
  CC [M]  crypto/curve25519-generic.o
  CC [M]  sound/soc/codecs/rt5659.o
  CC      drivers/soc/fsl/qbman/qman.o
  CC      fs/iomap/iter.o
  CC      drivers/acpi/apei/hest.o
  CC      drivers/clk/clk-qoriq.o
  CC      fs/quota/dquot.o
  CC      lib/irq_poll.o
  CC [M]  crypto/xor.o
  CC      kernel/dma/pool.o
  CC      net/tls/trace.o
  CC      drivers/virtio/virtio_pci_modern_dev.o
  CC      net/netfilter/nft_meta.o
  CC      net/ipv4/inet_timewait_sock.o
  CC      fs/iomap/buffered-io.o
  CC      drivers/dma/mv_xor_v2.o
  CC      net/tls/tls_strp.o
  CC      net/core/ptp_classifier.o
  CC      kernel/dma/remap.o
  CC      drivers/clk/clk-rk808.o
  CC      drivers/acpi/apei/erst.o
  CC      lib/stackdepot.o
  AR      crypto/built-in.a
  LD [M]  crypto/dh_generic.o
  CC      drivers/virtio/virtio_pci_legacy_dev.o
  CC      drivers/acpi/apei/bert.o
  CC [M]  sound/soc/codecs/sgtl5000.o
  CC      mm/migrate.o
  CC      drivers/dma/mxs-dma.o
  AR      kernel/dma/built-in.a
  CC      kernel/entry/kvm.o
  CC      drivers/clk/clk-s2mps11.o
  CC      net/netfilter/nft_rt.o
  CC      drivers/soc/fsl/qbman/dpaa_sys.o
  CC      lib/asn1_decoder.o
  CC      drivers/virtio/virtio_mmio.o
  CC      net/tls/tls_device.o
  CC      net/core/dst_cache.o
  CC      net/ipv4/inet_connection_sock.o
  CC      drivers/dma/ipu/ipu_irq.o
  CC      drivers/acpi/apei/ghes.o
  CC      drivers/clk/clk-scmi.o
  CC [M]  sound/soc/codecs/spdif_receiver.o
  CC      fs/quota/quota.o
  CC      drivers/clk/clk-scpi.o
  CC      fs/iomap/direct-io.o
  AR      drivers/soc/fsl/qbman/built-in.a
  CC      drivers/soc/fsl/qixis_ctrl.o
  AR      kernel/entry/built-in.a
  CC      kernel/module/main.o
  CC      net/netfilter/nft_exthdr.o
  CC      lib/fonts/fonts.o
  CC      drivers/virtio/virtio_pci_modern.o
  CC      drivers/dma/ipu/ipu_idmac.o
  CC      fs/quota/kqid.o
  CC [M]  sound/soc/codecs/spdif_transmitter.o
  CC      drivers/clk/clk-versaclock5.o
  CC      drivers/soc/fsl/guts.o
  CC      lib/fonts/font_8x16.o
  CC      mm/memory-tiers.o
  CC      drivers/virtio/virtio_pci_common.o
  CC      drivers/acpi/apei/einj.o
  CC [M]  sound/soc/codecs/tas571x.o
  AR      fs/quota/built-in.a
  CC      mm/huge_memory.o
  CC      net/core/gro_cells.o
  CC      drivers/soc/fsl/dpio/dpio.o
  CC      net/unix/af_unix.o
  CC      fs/iomap/fiemap.o
  AR      lib/fonts/built-in.a
  AR      drivers/dma/ipu/built-in.a
  CC      lib/oid_registry.o
  CC      drivers/dma/pl330.o
  CC      drivers/clk/clk-xgene.o
  CC      net/netfilter/nft_last.o
  CC      net/tls/tls_device_fallback.o
  CC      drivers/virtio/virtio_pci_legacy.o
  CC      drivers/soc/fsl/dpio/qbman-portal.o
  AR      drivers/acpi/apei/built-in.a
  CC      drivers/acpi/dptf/int340x_thermal.o
  CC      kernel/module/strict_rwx.o
  CC      net/ipv4/tcp.o
  CC [M]  sound/soc/codecs/tlv320aic31xx.o
  CC      lib/ucs2_string.o
  CC      drivers/clk/imx/clk.o
  CC      net/core/failover.o
  CC      fs/iomap/seek.o
  CC      net/unix/garbage.o
  CC      drivers/virtio/virtio_ivshmem.o
  CC      net/netfilter/nft_counter.o
  AR      drivers/acpi/dptf/built-in.a
  CC      drivers/acpi/arm64/iort.o
  CC      kernel/module/tree_lookup.o
  CC      lib/sbitmap.o
  CC      drivers/soc/fsl/dpio/dpio-service.o
  CC      drivers/clk/imx/clk-busy.o
  CC [M]  sound/soc/codecs/wcd-mbhc-v2.o
  CC      drivers/dma/pxp/pxp_dma_v3.o
  CC      kernel/module/kallsyms.o
  CC      fs/iomap/swapfile.o
  CC      net/core/skmsg.o
  AR      net/tls/built-in.a
  CC      drivers/acpi/arm64/gtdt.o
  CC      net/netfilter/nft_chain_route.o
  CC      drivers/virtio/virtio_balloon.o
  CC      net/netfilter/nf_tables_offload.o
  CC      drivers/clk/imx/clk-composite-7ulp.o
  CC      lib/group_cpus.o
  CC      mm/khugepaged.o
  CC      drivers/xen/cpu_hotplug.o
  CC      drivers/acpi/arm64/dma.o
  CC      kernel/module/procfs.o
  CC      drivers/soc/fsl/dpio/dpio-driver.o
  CC      drivers/clk/imx/clk-composite-8m.o
  AR      fs/iomap/built-in.a
  CC      net/unix/sysctl_net_unix.o
  CC [M]  sound/soc/codecs/wcd-clsh-v2.o
  CC      fs/proc/task_mmu.o
  AR      drivers/virtio/built-in.a
  CC      net/netfilter/nft_set_hash.o
  CC      fs/kernfs/mount.o
  CC      lib/devmem_is_allowed.o
  CC      kernel/module/sysfs.o
  CC      drivers/dma/pxp/pxp_device.o
  CC      drivers/xen/grant-table.o
  AR      drivers/acpi/arm64/built-in.a
  AR      drivers/soc/fsl/dpio/built-in.a
  AR      drivers/acpi/built-in.a
  CC      drivers/soc/fsl/dpaa2-console.o
  CC      net/unix/unix_bpf.o
  CC      net/ipv6/af_inet6.o
  CC      drivers/clk/imx/clk-composite-93.o
  CC      fs/kernfs/inode.o
  CC [M]  lib/crc-ccitt.o
  CC      kernel/module/version.o
  CC [M]  sound/soc/codecs/wcd934x.o
  AR      drivers/soc/fsl/built-in.a
  CC      drivers/soc/imx/gpcv2.o
  CC      net/core/sock_map.o
  CC      drivers/clk/imx/clk-fracn-gppll.o
  CC      net/ipv6/anycast.o
  CC      fs/proc/inode.o
  CC [M]  lib/raid6/algos.o
  CC      fs/kernfs/dir.o
  AR      kernel/module/built-in.a
  CC      kernel/kcmp.o
  CC      net/netfilter/nft_set_bitmap.o
  CC      net/ipv4/tcp_input.o
  CC      mm/memcontrol.o
  CC      drivers/xen/balloon.o
  CC      drivers/soc/imx/soc-imx8m.o
  CC      net/unix/scm.o
  CC      drivers/clk/imx/clk-cpu.o
  CC      kernel/freezer.o
  CC      fs/proc/root.o
  CC      drivers/soc/imx/soc-imx9.o
  AR      drivers/dma/pxp/built-in.a
  CC      drivers/dma/qcom/hidma_mgmt.o
  CC      net/netfilter/nft_set_rbtree.o
  CC [M]  lib/raid6/recov.o
  CC      drivers/dma/qcom/hidma_mgmt_sys.o
  CC      net/ipv6/ip6_output.o
  CC      drivers/clk/imx/clk-divider-gate.o
  CC [M]  sound/soc/codecs/wm8904.o
  CC      fs/kernfs/file.o
  CC      drivers/xen/manage.o
  CC      drivers/soc/imx/imx8m-blk-ctrl.o
  AR      net/unix/built-in.a
  CC      net/ipv4/tcp_output.o
  CC      fs/proc/base.o
  CC [M]  lib/raid6/tables.o
  CC      drivers/clk/imx/clk-fixup-div.o
  CC      kernel/profile.o
  CC      drivers/dma/qcom/hidma_ll.o
  CC      fs/proc/generic.o
  CC      drivers/soc/imx/imx8mp-blk-ctrl.o
  CC      drivers/xen/time.o
  CC      drivers/clk/imx/clk-fixup-mux.o
  CC      net/core/bpf_sk_storage.o
  CC [M]  sound/soc/codecs/wm8960.o
  CC      net/netfilter/nft_set_pipapo.o
  CC      fs/kernfs/symlink.o
  CC      drivers/clk/imx/clk-frac-pll.o
  CC      drivers/xen/mem-reservation.o
  CC      drivers/dma/qcom/hidma.o
  CC [M]  lib/raid6/int1.o
  CC      drivers/soc/imx/busfreq-imx8mq.o
  CC      kernel/stacktrace.o
  CC      net/ipv4/tcp_timer.o
  AR      fs/kernfs/built-in.a
  CC      drivers/soc/imx/imx8m_pm_domains.o
  CC [M]  sound/soc/codecs/wm8962.o
  CC      drivers/clk/imx/clk-gate2.o
  CC [M]  lib/raid6/int2.o
  CC      fs/proc/array.o
  CC      drivers/xen/events/events_base.o
  CC [M]  net/netfilter/nfnetlink_osf.o
  CC      net/packet/af_packet.o
  CC      drivers/dma/qcom/hidma_dbg.o
  CC      kernel/time/time.o
  CC      net/core/of_net.o
  CC      drivers/clk/imx/clk-gate-93.o
  CC      drivers/soc/imx/imx8ulp_lpm.o
  CC [M]  lib/raid6/int4.o
  CC      mm/vmpressure.o
  CC      net/ipv6/ip6_input.o
  AR      drivers/dma/qcom/built-in.a
  CC [M]  drivers/dma/bcm-sba-raid.o
  CC [M]  lib/raid6/int8.o
  CC      fs/proc/fd.o
  CC      mm/swap_cgroup.o
  CC [M]  net/core/pktgen.o
  CC      drivers/clk/imx/clk-gate-exclusive.o
  CC      drivers/soc/imx/imx93-src.o
  CC [M]  net/netfilter/nf_conntrack_core.o
  CC      net/bridge/br.o
  CC [M]  net/netfilter/nf_conntrack_standalone.o
  CC [M]  sound/soc/codecs/wm8994.o
  CC      kernel/time/timer.o
  CC      net/ipv4/tcp_ipv4.o
  CC      fs/proc/proc_tty.o
  CC      drivers/clk/imx/clk-pfd.o
  CC      drivers/soc/imx/imx93-pd.o
  CC      drivers/xen/events/events_2l.o
  CC [M]  lib/raid6/int16.o
  CC [M]  drivers/dma/fsl-qdma.o
  CC      mm/hugetlb_cgroup.o
  CC      drivers/clk/imx/clk-pfdv2.o
  CC      fs/proc/cmdline.o
  CC      drivers/soc/imx/imx93-blk-ctrl.o
  CC      drivers/xen/events/events_fifo.o
  CC      net/bridge/br_device.o
  CC      net/ipv6/addrconf.o
  CC [M]  lib/raid6/int32.o
  CC      fs/proc/consoles.o
  CC      kernel/time/hrtimer.o
  CC      drivers/clk/imx/clk-pllv1.o
  CC      drivers/soc/imx/imx93_lpm.o
  CC [M]  drivers/dma/fsl-dpaa2-qdma/dpaa2-qdma.o
  CC      drivers/regulator/core.o
  CC      fs/proc/cpuinfo.o
  CC      mm/memory-failure.o
  CC [M]  lib/raid6/neon.o
  AR      drivers/xen/events/built-in.a
  CC      drivers/xen/xenbus/xenbus_client.o
  CC      drivers/clk/imx/clk-pllv2.o
  CC      fs/proc/devices.o
  CC      drivers/clk/imx/clk-pllv3.o
  AR      net/packet/built-in.a
  CC      fs/sysfs/file.o
  CC      drivers/soc/imx/secvio/imx-secvio-sc.o
  AR      net/core/built-in.a
  CC [M]  net/netfilter/nf_conntrack_expect.o
  CC [M]  sound/soc/codecs/wm8958-dsp2.o
  CC [M]  lib/raid6/recov_neon.o
  CC      fs/proc/interrupts.o
  CC      net/bridge/br_fdb.o
  CC [M]  drivers/dma/fsl-dpaa2-qdma/dpdmai.o
  CC      drivers/clk/imx/clk-pllv4.o
  CC      kernel/time/timekeeping.o
  CC      fs/proc/loadavg.o
  CC      net/ipv6/addrlabel.o
  CC      net/ipv4/tcp_minisocks.o
  CC      drivers/xen/xenbus/xenbus_comms.o
  LD [M]  lib/raid6/raid6_pq.o
  AR      lib/lib.a
  AR      lib/built-in.a
  CC      fs/sysfs/dir.o
  CC      mm/page_isolation.o
  CC      drivers/soc/imx/secvio/imx-secvio-debugfs.o
  CC [M]  sound/soc/codecs/wm_hubs.o
  AR      drivers/dma/built-in.a
  CC      drivers/clk/imx/clk-pll14xx.o
  CC [M]  net/netfilter/nf_conntrack_helper.o
  CC      fs/proc/meminfo.o
  CC      net/ipv6/route.o
  CC      drivers/xen/xenbus/xenbus_xs.o
  CC      drivers/soc/imx/secvio/imx-secvio-audit.o
  CC      fs/sysfs/symlink.o
  CC      drivers/regulator/dummy.o
  CC      drivers/xen/xenbus/xenbus_probe.o
  CC      drivers/clk/imx/clk-sscg-pll.o
  AR      drivers/soc/imx/secvio/built-in.a
  CC      drivers/soc/imx/rpmsg_life_cycle.o
  CC      mm/early_ioremap.o
  CC      kernel/time/ntp.o
  CC      fs/proc/stat.o
  CC      net/devlink/leftover.o
  CC      fs/sysfs/mount.o
  CC [M]  sound/soc/codecs/wsa881x.o
  CC      drivers/regulator/fixed-helper.o
  CC      net/bridge/br_forward.o
  CC      drivers/clk/imx/clk-imx8mm.o
  CC      fs/proc/uptime.o
  CC      mm/cma.o
  CC      kernel/time/clocksource.o
  AR      drivers/soc/imx/built-in.a
  CC      net/ipv4/tcp_cong.o
  CC      drivers/xen/xenbus/xenbus_probe_backend.o
  AR      drivers/soc/built-in.a
  CC [M]  net/netfilter/nf_conntrack_proto.o
  CC      fs/sysfs/group.o
  CC      net/ipv6/ip6_fib.o
  CC      net/bluetooth/af_bluetooth.o
  CC [M]  sound/soc/codecs/rpmsg_wm8960.o
  CC      fs/proc/util.o
  CC      drivers/regulator/helpers.o
  CC      net/ipv6/ipv6_sockglue.o
  CC      mm/balloon_compaction.o
  CC      fs/proc/version.o
  CC      drivers/xen/xenbus/xenbus_dev_frontend.o
  CC      kernel/time/jiffies.o
  AR      fs/sysfs/built-in.a
  CC [M]  net/netfilter/nf_conntrack_proto_generic.o
  CC      drivers/clk/imx/clk-imx8mn.o
  CC      net/bridge/br_if.o
  CC      fs/proc/softirqs.o
  CC      kernel/time/timer_list.o
  CC      drivers/regulator/devres.o
  CC      net/bluetooth/hci_core.o
  CC [M]  sound/soc/codecs/rpmsg_wm8960_i2c.o
  CC      fs/proc/namespaces.o
  CC      mm/secretmem.o
  CC      net/ipv4/tcp_metrics.o
  CC      drivers/xen/xenbus/xenbus_dev_backend.o
  CC      drivers/clk/imx/clk-imx8mp.o
  CC [M]  net/netfilter/nf_conntrack_proto_tcp.o
  CC      drivers/xen/arm-device.o
  CC      kernel/time/timeconv.o
  CC      mm/memfd.o
  CC      fs/proc/self.o
  CC      net/bluetooth/hci_conn.o
  CC      drivers/xen/xenbus/xenbus_probe_frontend.o
  CC [M]  sound/soc/codecs/rpmsg_ak4497.o
  CC      kernel/time/alarmtimer.o
  CC      fs/proc/thread_self.o
  CC      drivers/regulator/irq_helpers.o
  CC      net/bridge/br_input.o
  CC      drivers/reset/core.o
  CC      sound/soc/fsl/fsl_esai_client.o
  CC      net/ipv4/tcp_fastopen.o
  CC      net/ipv6/ndisc.o
  CC [M]  sound/soc/codecs/simple-amplifier.o
  CC      mm/page_reporting.o
  CC      fs/proc/proc_sysctl.o
  CC [M]  net/netfilter/nf_conntrack_proto_udp.o
  AR      drivers/xen/xenbus/built-in.a
  CC      drivers/xen/pci.o
  CC      drivers/clk/imx/clk-blk-ctrl.o
  CC      sound/soc/fsl/imx-pcm-dma.o
  CC [M]  sound/soc/codecs/tpa6130a2.o
  CC      kernel/time/posix-timers.o
  CC      drivers/regulator/of_regulator.o
  CC      drivers/clk/imx/clk-imx8mq.o
  CC      mm/ioremap.o
  CC      drivers/reset/reset-dispmix.o
  CC [M]  sound/soc/fsl/fsl_audmix.o
  CC [M]  sound/soc/codecs/lpass-macro-common.o
  CC      net/ipv4/tcp_rate.o
  CC [M]  net/netfilter/nf_conntrack_proto_icmp.o
  CC      drivers/xen/dbgp.o
  CC      net/bluetooth/hci_event.o
  CC      net/bridge/br_ioctl.o
  CC      drivers/reset/reset-imx7.o
  AR      net/devlink/built-in.a
  CC      fs/proc/proc_net.o
  CC      drivers/regulator/fixed.o
  AR      mm/built-in.a
  CC      drivers/regulator/axp20x-regulator.o
  CC      drivers/reset/reset-imx8ulp-sim.o
  CC      kernel/time/posix-cpu-timers.o
  CC      net/bridge/br_stp.o
  CC [M]  sound/soc/fsl/fsl-asoc-card.o
  CC      fs/proc/vmcore.o
  CC      drivers/clk/imx/clk-imx93.o
  CC [M]  sound/soc/codecs/lpass-wsa-macro.o
  CC      net/ipv6/udp.o
  CC      drivers/xen/biomerge.o
  CC      drivers/reset/gpio-reset.o
  CC [M]  net/netfilter/nf_conntrack_extend.o
  CC      drivers/xen/xen-balloon.o
  CC      net/ipv4/tcp_recovery.o
  CC      drivers/regulator/bd718x7-regulator.o
  CC      net/sunrpc/clnt.o
  CC      drivers/clk/imx/clk-scu.o
  CC [M]  sound/soc/fsl/fsl_asrc.o
  CC      drivers/reset/reset-scmi.o
  CC      fs/configfs/inode.o
  CC      kernel/time/posix-clock.o
  CC      fs/devpts/inode.o
  CC      fs/proc/kmsg.o
  CC [M]  sound/soc/codecs/lpass-va-macro.o
  AR      drivers/reset/built-in.a
  CC [M]  sound/soc/fsl/fsl_asrc_dma.o
  CC      drivers/xen/evtchn.o
  CC      net/bridge/br_stp_bpdu.o
  CC      drivers/clk/imx/clk-imx8qxp.o
  CC      drivers/regulator/bd9571mwv-regulator.o
  CC      fs/configfs/file.o
  AR      fs/devpts/built-in.a
  CC      fs/configfs/dir.o
  CC      fs/proc/page.o
  CC      net/ipv4/tcp_ulp.o
  CC [M]  net/netfilter/nf_conntrack_acct.o
  CC      kernel/time/itimer.o
  CC      drivers/clk/imx/clk-imx8qxp-rsrc.o
  CC      drivers/regulator/fan53555.o
  CC      net/ipv4/tcp_offload.o
  CC [M]  sound/soc/codecs/simple-mux.o
  CC [M]  net/netfilter/nf_conntrack_seqadj.o
  CC      drivers/xen/gntdev.o
  CC [M]  sound/soc/fsl/fsl_sai.o
  CC      net/bridge/br_stp_if.o
  CC      drivers/clk/imx/clk-imx8qm-rsrc.o
  CC      kernel/time/clockevents.o
  AR      fs/proc/built-in.a
  CC      kernel/time/tick-common.o
  CC      net/strparser/strparser.o
  CC      net/sunrpc/xprt.o
  AR      sound/soc/codecs/built-in.a
  LD [M]  sound/soc/codecs/snd-soc-ak4458.o
  LD [M]  sound/soc/codecs/snd-soc-ak4613.o
  LD [M]  sound/soc/codecs/snd-soc-ak5558.o
  LD [M]  sound/soc/codecs/snd-soc-cros-ec-codec.o
  LD [M]  sound/soc/codecs/snd-soc-dmic.o
  LD [M]  sound/soc/codecs/snd-soc-es7134.o
  LD [M]  sound/soc/codecs/snd-soc-es7241.o
  CC      drivers/clk/imx/clk-imx8dxl-rsrc.o
  LD [M]  sound/soc/codecs/snd-soc-gtm601.o
  CC      net/ipv6/udplite.o
  LD [M]  sound/soc/codecs/snd-soc-max98357a.o
  LD [M]  sound/soc/codecs/snd-soc-max98927.o
  LD [M]  sound/soc/codecs/snd-soc-msm8916-analog.o
sound/soc/fsl/fsl_sai.c: In function ‘fsl_sai_hw_params’:
sound/soc/fsl/fsl_sai.c:700:13: warning: the comparison will always evaluate as ‘true’ for the address of ‘is_consumer_mode’ will never be NULL [-Waddress]
  700 |             !sai->is_consumer_mode)
      |             ^
In file included from sound/soc/fsl/fsl_sai.c:26:
sound/soc/fsl/fsl_sai.h:290:14: note: ‘is_consumer_mode’ declared here
  290 |         bool is_consumer_mode[2];
      |              ^~~~~~~~~~~~~~~~
sound/soc/fsl/fsl_sai.c:714:13: warning: the comparison will always evaluate as ‘true’ for the address of ‘is_consumer_mode’ will never be NULL [-Waddress]
  714 |             !sai->is_consumer_mode)
      |             ^
sound/soc/fsl/fsl_sai.h:290:14: note: ‘is_consumer_mode’ declared here
  290 |         bool is_consumer_mode[2];
      |              ^~~~~~~~~~~~~~~~
  LD [M]  sound/soc/codecs/snd-soc-msm8916-digital.o
  LD [M]  sound/soc/codecs/snd-soc-pcm186x.o
  LD [M]  sound/soc/codecs/snd-soc-pcm186x-i2c.o
  LD [M]  sound/soc/codecs/snd-soc-pcm3168a.o
  LD [M]  sound/soc/codecs/snd-soc-pcm3168a-i2c.o
  LD [M]  sound/soc/codecs/snd-soc-pcm512x.o
  LD [M]  sound/soc/codecs/snd-soc-pcm512x-i2c.o
  LD [M]  sound/soc/codecs/snd-soc-rl6231.o
  LD [M]  sound/soc/codecs/snd-soc-rt5659.o
  LD [M]  sound/soc/codecs/snd-soc-sgtl5000.o
  LD [M]  sound/soc/codecs/snd-soc-spdif-rx.o
  LD [M]  sound/soc/codecs/snd-soc-spdif-tx.o
  CC      drivers/regulator/gpio-regulator.o
  LD [M]  sound/soc/codecs/snd-soc-tas571x.o
  LD [M]  sound/soc/codecs/snd-soc-tlv320aic31xx.o
  LD [M]  sound/soc/codecs/snd-soc-wcd-mbhc.o
  LD [M]  sound/soc/codecs/snd-soc-wcd934x.o
  LD [M]  sound/soc/codecs/snd-soc-wm8904.o
  LD [M]  sound/soc/codecs/snd-soc-wm8960.o
  LD [M]  sound/soc/codecs/snd-soc-wm8962.o
  LD [M]  sound/soc/codecs/snd-soc-wm8994.o
  LD [M]  sound/soc/codecs/snd-soc-wm-hubs.o
  LD [M]  sound/soc/codecs/snd-soc-wsa881x.o
  LD [M]  sound/soc/codecs/snd-soc-rpmsg-wm8960.o
  LD [M]  sound/soc/codecs/snd-soc-rpmsg-wm8960-i2c.o
  LD [M]  sound/soc/codecs/snd-soc-rpmsg-ak4497.o
  CC      fs/configfs/symlink.o
  LD [M]  sound/soc/codecs/snd-soc-simple-amplifier.o
  LD [M]  sound/soc/codecs/snd-soc-tpa6130a2.o
  LD [M]  sound/soc/codecs/snd-soc-lpass-macro-common.o
  LD [M]  sound/soc/codecs/snd-soc-lpass-wsa-macro.o
  LD [M]  sound/soc/codecs/snd-soc-lpass-va-macro.o
  LD [M]  sound/soc/codecs/snd-soc-simple-mux.o
  CC [M]  sound/soc/fsl/fsl_sai_sysfs.o
  CC      drivers/clk/imx/clk-lpcg-scu.o
  CC      net/bridge/br_stp_timer.o
  CC      net/bluetooth/mgmt.o
  CC      drivers/xen/gntalloc.o
  CC      kernel/futex/core.o
  CC      net/ipv6/raw.o
  CC      kernel/futex/syscalls.o
  CC      kernel/time/tick-broadcast.o
  CC      fs/configfs/mount.o
  CC      drivers/regulator/hi6421v530-regulator.o
  CC [M]  sound/soc/fsl/fsl_ssi.o
  CC      drivers/clk/imx/clk-imx8qxp-lpcg.o
  CC      net/ipv4/datagram.o
  CC [M]  net/netfilter/nf_conntrack_proto_icmpv6.o
  CC      net/bluetooth/hci_sock.o
  AR      net/strparser/built-in.a
  CC      net/sunrpc/socklib.o
  CC      fs/configfs/item.o
  CC      drivers/xen/xenfs/super.o
  CC      drivers/tty/tty_io.o
  CC      net/bridge/br_netlink.o
  CC      drivers/clk/imx/clk-imx8qxp-acm.o
  AR      kernel/futex/built-in.a
  CC      drivers/regulator/max77620-regulator.o
  CC [M]  sound/soc/fsl/fsl_ssi_dbg.o
  CC      kernel/time/tick-broadcast-hrtimer.o
  CC      drivers/xen/xenfs/xenstored.o
  AR      fs/configfs/built-in.a
  CC      fs/netfs/buffered_read.o
  CC      fs/netfs/io.o
  CC      net/ipv4/raw.o
  CC      drivers/clk/imx/clk-imx8qm-acm.o
  CC [M]  sound/soc/fsl/fsl_spdif.o
  CC [M]  net/netfilter/nf_conntrack_ecache.o
  CC      drivers/regulator/max8973-regulator.o
  CC      kernel/time/sched_clock.o
  AR      drivers/xen/xenfs/built-in.a
  CC      drivers/xen/sys-hypervisor.o
  CC      net/bluetooth/hci_sysfs.o
  CC      net/sunrpc/xprtsock.o
  CC      kernel/time/tick-oneshot.o
  CC      drivers/clk/imx/clk-imx8dxl-acm.o
  CC      drivers/xen/swiotlb-xen.o
  CC      net/ipv6/icmp.o
  CC      drivers/regulator/fp9931-regulator.o
  CC      net/bridge/br_netlink_tunnel.o
  CC      net/8021q/vlan_core.o
  CC      fs/netfs/main.o
  CC [M]  sound/soc/fsl/fsl_esai.o
  CC      kernel/time/tick-sched.o
  CC      drivers/clk/imx/clk-imx-acm-utils.o
  CC [M]  net/netfilter/nf_conntrack_proto_dccp.o
  CC      fs/ext4/balloc.o
  CC      drivers/tty/n_tty.o
  CC      net/sunrpc/sched.o
  CC [M]  drivers/xen/xen-pciback/pci_stub.o
  CC      fs/netfs/objects.o
  CC      drivers/regulator/mp8859.o
  CC      net/ipv4/udp.o
  CC      drivers/clk/imx/clk-imx8ulp.o
  CC [M]  sound/soc/fsl/fsl_esai_mix.o
  CC      net/bridge/br_arp_nd_proxy.o
  CC      kernel/time/vsyscall.o
  AR      fs/netfs/built-in.a
  CC      net/8021q/vlan.o
  CC      fs/ext4/bitmap.o
  CC      net/wireless/core.o
  CC      drivers/regulator/mt6358-regulator.o
  CC [M]  net/netfilter/nf_conntrack_proto_sctp.o
  AR      drivers/clk/imx/built-in.a
  CC      net/ipv6/mcast.o
  CC      drivers/clk/s32/clk-core.o
  CC [M]  drivers/xen/xen-pciback/pciback_ops.o
  CC      net/8021q/vlan_dev.o
  CC      kernel/time/timekeeping_debug.o
  CC      net/bluetooth/l2cap_core.o
  CC [M]  sound/soc/fsl/fsl_micfil.o
  CC      drivers/tty/tty_ioctl.o
  CC      drivers/clk/s32/s32v234/clk.o
  CC      fs/ext4/block_validity.o
  CC      drivers/regulator/mt6397-regulator.o
  CC      net/bridge/br_sysfs_if.o
  CC [M]  drivers/xen/xen-pciback/xenbus.o
  CC      net/sunrpc/auth.o
  CC      net/bridge/br_sysfs_br.o
  CC      kernel/time/namespace.o
  CC [M]  net/netfilter/nf_log_syslog.o
  CC      drivers/clk/s32/s32v234/clk-plldig.o
  CC [M]  sound/soc/fsl/fsl_utils.o
  CC      fs/ext4/dir.o
  CC      net/8021q/vlan_netlink.o
  CC [M]  drivers/xen/xen-pciback/conf_space.o
  CC      drivers/regulator/qcom_spmi-regulator.o
  CC      drivers/tty/tty_ldisc.o
  CC      drivers/clk/s32/s32v234/clk-dfs.o
  AR      kernel/time/built-in.a
  CC      kernel/smp.o
  CC      net/wireless/sysfs.o
  CC      net/bluetooth/l2cap_sock.o
  AR      drivers/clk/s32/s32v234/built-in.a
  AR      drivers/clk/s32/built-in.a
  CC      drivers/clk/versatile/clk-vexpress-osc.o
  CC      net/8021q/vlan_gvrp.o
  CC [M]  sound/soc/fsl/fsl_mqs.o
  CC [M]  drivers/xen/xen-pciback/conf_space_header.o
  CC      fs/ext4/ext4_jbd2.o
  CC      net/bridge/br_nf_core.o
  AR      drivers/clk/versatile/built-in.a
aarch64-linux-gnu-ar: unable to copy file 'drivers/clk/versatile/built-in.a'; reason: No such file or directory
make[4]: *** [scripts/Makefile.build:428: drivers/clk/versatile/built-in.a] Error 123
make[3]: *** [scripts/Makefile.build:503: drivers/clk/versatile] Error 2
make[2]: *** [scripts/Makefile.build:503: drivers/clk] Error 2
make[2]: *** Waiting for unfinished jobs....
  CC      drivers/tty/tty_buffer.o
  CC      fs/ext2/dir.o
  CC [M]  net/netfilter/nf_nat_proto.o
  CC      drivers/regulator/pca9450-regulator.o
  CC      net/sunrpc/auth_null.o
  CC      net/wireless/radiotap.o
  CC      net/8021q/vlan_mvrp.o
  CC      kernel/uid16.o
  CC      net/ipv4/udplite.o
  CC [M]  drivers/xen/xen-pciback/conf_space_capability.o
  CC [M]  sound/soc/fsl/fsl_easrc.o
  CC      net/bridge/br_multicast.o
  CC      fs/ext4/extents.o
  CC      drivers/regulator/pf8x00-regulator.o
  CC      net/ipv6/reassembly.o
  CC      net/8021q/vlanproc.o
  CC      kernel/kallsyms.o
  CC      fs/ext2/file.o
  CC [M]  drivers/xen/xen-pciback/conf_space_quirks.o
  CC      drivers/tty/tty_port.o
  CC      net/sunrpc/auth_unix.o
  CC      net/wireless/util.o
  CC      drivers/regulator/pfuze100-regulator.o
  CC      net/ipv4/udp_offload.o
  CC      fs/ext2/ialloc.o
  CC [M]  drivers/xen/xen-pciback/vpci.o
  AR      net/8021q/built-in.a
  CC      net/bluetooth/smp.o
  CC      fs/jbd2/transaction.o
  CC [M]  net/netfilter/nf_nat_helper.o
  CC [M]  sound/soc/fsl/fsl_xcvr.o
  CC      drivers/regulator/pwm-regulator.o
  CC      net/sunrpc/svc.o
  CC      net/ipv6/tcp_ipv6.o
  CC      drivers/tty/tty_mutex.o
  CC [M]  drivers/xen/xen-pciback/passthrough.o
  CC      kernel/acct.o
  CC      net/bridge/br_mdb.o
  CC      fs/ext2/inode.o
  CC [M]  sound/soc/fsl/fsl_xcvr_sysfs.o
  CC      drivers/regulator/rk808-regulator.o
  LD [M]  drivers/xen/xen-pciback/xen-pciback.o
  CC      drivers/xen/privcmd.o
  CC      drivers/tty/tty_ldsem.o
  CC      net/ipv4/arp.o
  CC      kernel/crash_core.o
  CC [M]  net/netfilter/nf_nat_masquerade.o
  CC [M]  sound/soc/fsl/fsl_aud2htx.o
  CC      drivers/regulator/rohm-regulator.o
  CC      fs/jbd2/commit.o
  CC      drivers/tty/tty_baudrate.o
  CC      fs/ext4/extents_status.o
  CC      fs/ext2/ioctl.o
  CC      drivers/regulator/s2mps11.o
  CC      net/wireless/reg.o
  CC      net/bluetooth/lib.o
  CC      net/sunrpc/svcsock.o
  CC [M]  sound/soc/fsl/fsl_rpmsg.o
  CC      drivers/xen/privcmd-buf.o
  CC      kernel/kexec_core.o
  CC      fs/ext2/namei.o
  CC      net/bridge/br_multicast_eht.o
  CC      drivers/tty/tty_jobctrl.o
  CC      net/bluetooth/ecdh_helper.o
  CC      net/ipv6/ping.o
  CC [M]  drivers/regulator/tps65132-regulator.o
  CC      fs/ext4/file.o
  CC [M]  sound/soc/fsl/imx-audmux.o
  CC      net/wireless/scan.o
  CC      fs/ext2/super.o
  CC      drivers/xen/efi.o
  CC      fs/jbd2/recovery.o
  CC [M]  net/netfilter/nf_dup_netdev.o
  CC      net/bluetooth/hci_request.o
  CC [M]  drivers/regulator/vctrl-regulator.o
  CC      drivers/tty/n_null.o
  CC      net/bridge/br_vlan.o
  CC      net/ipv4/icmp.o
  CC      kernel/kexec.o
  CC      fs/ext4/fsmap.o
  CC      drivers/xen/xlate_mmu.o
  CC [M]  sound/soc/fsl/imx-audio-rpmsg.o
  CC      drivers/tty/pty.o
  CC      fs/jbd2/checkpoint.o
  AR      drivers/regulator/built-in.a
  CC      kernel/kexec_file.o
  CC      net/ipv6/exthdrs.o
  CC      drivers/tty/tty_audit.o
  CC      fs/ext2/symlink.o
  CC      fs/ext4/fsync.o
  CC      net/bluetooth/mgmt_util.o
  CC      net/sunrpc/svcauth.o
  CC [M]  sound/soc/fsl/imx-pcm-rpmsg.o
  CC      net/bridge/br_vlan_tunnel.o
  CC [M]  net/netfilter/nft_compat.o
  AR      fs/ext2/built-in.a
  CC      net/sunrpc/svcauth_unix.o
  AR      drivers/xen/built-in.a
  CC      fs/squashfs/id.o
  CC      net/sunrpc/addr.o
  CC      drivers/tty/sysrq.o
  CC      fs/jbd2/revoke.o
  CC      kernel/compat.o
  CC      fs/ext4/hash.o
  CC      fs/squashfs/inode.o
  CC [M]  sound/soc/fsl/imx-sgtl5000.o
  CC      net/bluetooth/mgmt_config.o
  CC      net/ipv4/devinet.o
  CC      fs/jbd2/journal.o
  CC [M]  net/netfilter/nft_ct.o
  CC      fs/ext4/ialloc.o
  CC      net/ipv6/datagram.o
  CC      net/wireless/nl80211.o
  CC      fs/squashfs/namei.o
  CC      fs/ramfs/file-mmu.o
  CC [M]  sound/soc/fsl/imx-spdif.o
  CC      drivers/tty/vt/vt_ioctl.o
  CC      net/bridge/br_vlan_options.o
  CC      net/bluetooth/hci_codec.o
  CC      net/sunrpc/rpcb_clnt.o
  CC      fs/squashfs/super.o
  CC      drivers/tty/vt/vc_screen.o
  CC      kernel/cgroup/cgroup.o
  AR      fs/ramfs/built-in.a
  CC      fs/squashfs/symlink.o
  CC [M]  sound/soc/fsl/imx-audmix.o
  CC      net/mac80211/main.o
  CC [M]  net/netfilter/nft_chain_nat.o
  CC      net/9p/mod.o
  CC      net/bluetooth/eir.o
  CC      fs/squashfs/decompressor.o
  CC      net/wireless/mlme.o
  CC      fs/ext4/indirect.o
  CC      net/bridge/br_mst.o
  CC [M]  sound/soc/fsl/imx-hdmi.o
  AR      fs/jbd2/built-in.a
  CC      fs/ext4/inline.o
  CC      net/ipv6/ip6_flowlabel.o
  CC      drivers/tty/vt/selection.o
  CC      net/9p/client.o
  CC      fs/squashfs/page_actor.o
  CC      net/sunrpc/timer.o
  CC [M]  sound/soc/fsl/imx-rpmsg.o
  CC      net/bluetooth/hci_sync.o
  CC [M]  net/netfilter/nft_dup_netdev.o
  CC      net/ipv4/af_inet.o
  CC      fs/squashfs/file_cache.o
  CC      net/bridge/br_switchdev.o
  CC      drivers/tty/vt/keyboard.o
  CC [M]  sound/soc/fsl/imx-card.o
  CC      drivers/tty/hvc/hvc_console.o
  CC      fs/squashfs/decompressor_single.o
  CC      net/9p/error.o
  CC      fs/ext4/inode.o
  CC      net/mac80211/status.o
  CC      net/wireless/ibss.o
  CC [M]  net/netfilter/nft_fwd_netdev.o
  CC      net/sunrpc/xdr.o
  CC      net/ipv6/inet6_connection_sock.o
  CC      fs/squashfs/xz_wrapper.o
  CC [M]  net/bridge/netfilter/ebtables.o
  CC      net/9p/protocol.o
  CC [M]  sound/soc/fsl/imx-pcm512x.o
  CC      drivers/tty/hvc/hvc_irq.o
  CC      fs/squashfs/zlib_wrapper.o
  CC [M]  net/netfilter/nf_flow_table_core.o
  CC      drivers/tty/vt/consolemap.o
  CC      kernel/cgroup/pids.o
  CC      net/ipv4/igmp.o
  CC      net/ipv6/udp_offload.o
  CC      net/9p/trans_common.o
  CC      drivers/tty/hvc/hvc_xen.o
  CC      net/tsn/genl_tsn.o
  AR      sound/soc/fsl/built-in.a
  LD [M]  sound/soc/fsl/snd-soc-fsl-audmix.o
  LD [M]  sound/soc/fsl/snd-soc-fsl-asoc-card.o
  LD [M]  sound/soc/fsl/snd-soc-fsl-asrc.o
  LD [M]  sound/soc/fsl/snd-soc-fsl-sai.o
  LD [M]  sound/soc/fsl/snd-soc-fsl-ssi.o
  CC      net/mac80211/driver-ops.o
  LD [M]  sound/soc/fsl/snd-soc-fsl-spdif.o
  LD [M]  sound/soc/fsl/snd-soc-fsl-esai.o
  LD [M]  sound/soc/fsl/snd-soc-fsl-micfil.o
  LD [M]  sound/soc/fsl/snd-soc-fsl-utils.o
  LD [M]  sound/soc/fsl/snd-soc-fsl-mqs.o
  LD [M]  sound/soc/fsl/snd-soc-fsl-easrc.o
  LD [M]  sound/soc/fsl/snd-soc-fsl-xcvr.o
  LD [M]  sound/soc/fsl/snd-soc-fsl-aud2htx.o
  LD [M]  sound/soc/fsl/snd-soc-fsl-rpmsg.o
  AR      fs/squashfs/built-in.a
  LD [M]  sound/soc/fsl/snd-soc-imx-audmux.o
  CC      kernel/cgroup/cpuset.o
  LD [M]  sound/soc/fsl/snd-soc-imx-sgtl5000.o
  LD [M]  sound/soc/fsl/snd-soc-imx-spdif.o
  LD [M]  sound/soc/fsl/snd-soc-imx-audmix.o
  LD [M]  sound/soc/fsl/snd-soc-imx-hdmi.o
  LD [M]  sound/soc/fsl/snd-soc-imx-rpmsg.o
  LD [M]  sound/soc/fsl/snd-soc-imx-card.o
  LD [M]  sound/soc/fsl/snd-soc-imx-pcm512x.o
  CC      kernel/user_namespace.o
fixdep: error opening file: drivers/tty/vt/.consolemap.o.d: No such file or directory
make[4]: *** [scripts/Makefile.build:250: drivers/tty/vt/consolemap.o] Error 2
make[3]: *** [scripts/Makefile.build:503: drivers/tty/vt] Error 2
make[3]: *** Waiting for unfinished jobs....
  CC      net/sysctl_net.o
  CC [M]  sound/soc/sof/imx/imx8.o
  CC      net/9p/trans_fd.o
  AR      drivers/tty/hvc/built-in.a
make[2]: *** [scripts/Makefile.build:503: drivers/tty] Error 2
make[1]: *** [scripts/Makefile.build:503: drivers] Error 2
make[1]: *** Waiting for unfinished jobs....
  CC      net/ipv6/seg6.o
  CC      net/sunrpc/sunrpc_syms.o
  CC      net/bluetooth/sco.o
  CC      kernel/pid_namespace.o
  CC [M]  sound/soc/sof/imx/imx8m.o
  CC      net/mac80211/sta_info.o
  CC [M]  net/netfilter/nf_flow_table_ip.o
  CC      net/wireless/sme.o
  CC [M]  net/bridge/br_netfilter_hooks.o
  CC      fs/ext4/ioctl.o
  CC      net/sunrpc/cache.o
  CC      net/ipv6/fib6_notifier.o
  CC      net/9p/trans_virtio.o
fixdep: error opening file: sound/soc/sof/imx/.imx8m.o.d: No such file or directory
make[5]: *** [scripts/Makefile.build:250: sound/soc/sof/imx/imx8m.o] Error 2
make[5]: *** Deleting file 'sound/soc/sof/imx/imx8m.o'
make[4]: *** [scripts/Makefile.build:503: sound/soc/sof/imx] Error 2
make[3]: *** [scripts/Makefile.build:503: sound/soc/sof] Error 2
make[2]: *** [scripts/Makefile.build:503: sound/soc] Error 2
make[1]: *** [scripts/Makefile.build:503: sound] Error 2
  UPD     kernel/config_data
  CC      net/bluetooth/iso.o
  CC [M]  net/bridge/br_netfilter_ipv6.o
  AR      net/tsn/built-in.a
  CC      fs/ext4/mballoc.o
  CC      net/mac80211/wep.o
  CC      net/ipv6/rpl.o
  CC      net/ipv4/fib_semantics.o
  CC      fs/fat/cache.o
  AR      kernel/cgroup/built-in.a
  CC      kernel/stop_machine.o
  CC      net/wireless/chan.o
  AR      net/9p/built-in.a
  CC [M]  net/netfilter/nf_flow_table_offload.o
  CC      net/sunrpc/rpc_pipe.o
  CC      kernel/audit.o
  AR      net/bridge/built-in.a
  LD [M]  net/bridge/br_netfilter.o
  CC      net/mac80211/aead_api.o
  CC      net/wireless/ethtool.o
  CC      fs/fat/dir.o
  CC      net/ipv6/ioam6.o
  CC      kernel/auditfilter.o
  CC      fs/ext4/mmp.o
  CC      net/bluetooth/leds.o
  CC      net/dns_resolver/dns_key.o
  CC      fs/fat/fatent.o
  CC      net/dns_resolver/dns_query.o
  CC      net/mac80211/wpa.o
  CC      fs/ext4/move_extent.o
  CC      net/bluetooth/rfcomm/core.o
  CC      net/mac80211/scan.o
  CC      net/ipv6/netfilter.o
  CC      net/ipv4/fib_trie.o
  CC      net/ipv6/proc.o
  CC      kernel/auditsc.o
  CC      fs/fat/file.o
  CC      net/wireless/mesh.o
  CC      fs/nfs/client.o
  CC      fs/nfs/dir.o
  CC      net/sunrpc/sysfs.o
  CC [M]  net/netfilter/x_tables.o
  AR      net/dns_resolver/built-in.a
  CC      net/switchdev/switchdev.o
  CC      net/bluetooth/bnep/core.o
  CC      fs/ext4/namei.o
  CC      net/wireless/ap.o
  CC      fs/exportfs/expfs.o
  CC [M]  net/ipv6/netfilter/ip6_tables.o
  CC      net/bluetooth/rfcomm/sock.o
  CC      net/mac80211/offchannel.o
  CC      fs/fat/inode.o
  CC      net/sunrpc/backchannel_rqst.o
  CC      fs/lockd/clntlock.o
  CC      net/bluetooth/bnep/sock.o
  CC      net/wireless/trace.o
  AR      fs/exportfs/built-in.a
  CC      net/ipv4/fib_notifier.o
  CC      kernel/audit_watch.o
  AR      net/switchdev/built-in.a
  CC [M]  net/dsa/dsa.o
  CC      net/bluetooth/hidp/core.o
  CC      net/sunrpc/stats.o
  CC      net/wireless/ocb.o
  CC      net/bluetooth/rfcomm/tty.o
  CC [M]  net/netfilter/xt_LOG.o
  CC      net/bluetooth/bnep/netdev.o
  CC      fs/nfs/file.o
  CC      net/ipv4/ip_tunnel_core.o
  CC [M]  net/dsa/dsa2.o
  CC      fs/ext4/page-io.o
  CC      kernel/audit_tree.o
  CC      fs/fat/misc.o
  CC      net/mac80211/ht.o
  CC      fs/lockd/clntproc.o
  CC      net/wireless/pmsr.o
  AR      net/bluetooth/bnep/built-in.a
  CC [M]  net/netfilter/xt_MASQUERADE.o
  CC      fs/nfs/getroot.o
  CC [M]  net/ipv6/netfilter/ip6table_filter.o
  CC      fs/fat/nfs.o
  CC      fs/ext4/resize.o
  CC      kernel/seccomp.o
  CC      net/sunrpc/sysctl.o
  CC      fs/lockd/clntxdr.o
  AR      net/bluetooth/rfcomm/built-in.a
  CC      fs/nls/nls_base.o
  CC      fs/fat/namei_vfat.o
  CC      net/bluetooth/hidp/sock.o
  CC [M]  net/netfilter/xt_addrtype.o
  CC      fs/nls/nls_cp437.o
  CC      fs/nfs/inode.o
  CC      net/ipv4/gre_offload.o
  CC      net/mac80211/agg-tx.o
  CC [M]  net/dsa/master.o
  CC [M]  net/ipv6/netfilter/ip6table_mangle.o
  CC [M]  net/netfilter/xt_conntrack.o
  CC      net/sunrpc/auth_gss/auth_gss.o
  CC      net/wireless/of.o
  CC      fs/ext4/super.o
  CC      fs/lockd/host.o
  CC      fs/nls/nls_iso8859-1.o
  CC      kernel/relay.o
  AR      net/bluetooth/hidp/built-in.a
  AR      net/bluetooth/built-in.a
  CC      net/wireless/wext-compat.o
  AR      fs/fat/built-in.a
aarch64-linux-gnu-ar: fs/fat/fatent.o: No such file or directory
make[3]: *** [scripts/Makefile.build:428: fs/fat/built-in.a] Error 123
make[2]: *** [scripts/Makefile.build:503: fs/fat] Error 2
make[2]: *** Waiting for unfinished jobs....
  CC      net/sunrpc/auth_gss/gss_generic_token.o
  CC      fs/lockd/svc.o
  AR      fs/nls/built-in.a
  CC      fs/nfs/super.o
  CC      net/mac80211/agg-rx.o
  CC      net/ipv4/netlink.o
  CC [M]  net/dsa/netlink.o
  CC [M]  net/netfilter/xt_ipvs.o
  CC [M]  net/ipv6/netfilter/ip6table_nat.o
  CC      fs/ext4/symlink.o
  CC      fs/nfs/io.o
  CC      net/ipv6/addrconf_core.o
  CC [M]  net/can/bcm.o
  CC      kernel/taskstats.o
  CC      net/wireless/wext-sme.o
  CC [M]  net/dsa/port.o
  CC      net/sunrpc/auth_gss/gss_mech_switch.o
  CC      net/mac80211/vht.o
  CC      net/ipv4/nexthop.o
  CC [M]  net/netfilter/ipvs/ip_vs_conn.o
  CC      net/wireless/shipped-certs.o
  CC [M]  net/ipv6/netfilter/nf_defrag_ipv6_hooks.o
  CC      net/sunrpc/auth_gss/svcauth_gss.o
  CC      kernel/tsacct.o
  CC      fs/lockd/svclock.o
  CC      fs/nfs/direct.o
  CC      fs/nfs/pagelist.o
  CC [M]  net/nfc/rawsock.o
  CC      kernel/irq_work.o
  CC [M]  net/can/gw.o
  CC [M]  net/dsa/slave.o
  CC      net/wireless/lib80211.o
  CC [M]  net/qrtr/smd.o
  CC      net/sunrpc/auth_gss/gss_rpc_upcall.o
  CC      net/mac80211/he.o
  CC      fs/lockd/svcshare.o
  CC      kernel/cpu_pm.o
  CC [M]  net/ipv6/netfilter/nf_conntrack_reasm.o
  CC [M]  net/qrtr/tun.o
  CC [M]  net/netfilter/ipvs/ip_vs_core.o
  CC [M]  net/nfc/llcp_core.o
  CC      net/wireless/lib80211_crypt_wep.o
  LD [M]  net/can/can.o
  LD [M]  net/can/can-raw.o
  CC      net/ipv4/sysctl_net_ipv4.o
  LD [M]  net/can/can-bcm.o
  LD [M]  net/can/can-gw.o
  CC      net/mac80211/s1g.o
  CC      fs/ext4/sysfs.o
  CC      fs/lockd/svcproc.o
  CC [M]  net/ipv6/netfilter/nf_socket_ipv6.o
  CC [M]  net/dsa/switch.o
  CC      net/sunrpc/auth_gss/gss_rpc_xdr.o
  CC      fs/nfs/read.o
  CC      kernel/bpf/core.o
  LD [M]  net/qrtr/qrtr.o
  LD [M]  net/qrtr/qrtr-smd.o
  LD [M]  net/qrtr/qrtr-tun.o
  CC [M]  net/dsa/tag_8021q.o
  CC      net/mac80211/ibss.o
  CC      net/wireless/lib80211_crypt_ccmp.o
fixdep: error opening file: net/dsa/.slave.o.d: No such file or directory
make[3]: *** [scripts/Makefile.build:250: net/dsa/slave.o] Error 2
make[3]: *** Deleting file 'net/dsa/slave.o'
make[3]: *** Waiting for unfinished jobs....
  CC      net/sunrpc/auth_gss/trace.o
  CC      fs/ext4/xattr.o
  CC      net/ipv4/proc.o
  CC      fs/ext4/xattr_hurd.o
  CC      fs/lockd/svcsubs.o
  CC      fs/ext4/xattr_trusted.o
  CC      net/ipv4/ipconfig.o
  CC      kernel/bpf/syscall.o
  CC [M]  net/nfc/llcp_commands.o
  CC [M]  net/sunrpc/auth_gss/gss_krb5_mech.o
  CC      net/wireless/lib80211_crypt_tkip.o
  CC [M]  net/ipv6/netfilter/nf_tproxy_ipv6.o
  CC [M]  net/netfilter/ipvs/ip_vs_ctl.o
  CC      fs/nfs/symlink.o
  CC      kernel/events/core.o
fixdep: error opening file: net/mac80211/.ibss.o.d: No such file or directory
make[3]: *** [scripts/Makefile.build:250: net/mac80211/ibss.o] Error 2
make[3]: *** Deleting file 'net/mac80211/ibss.o'
make[2]: *** [scripts/Makefile.build:503: net/mac80211] Error 2
make[2]: *** Waiting for unfinished jobs....
  CC      net/ipv4/netfilter.o
make[2]: *** [scripts/Makefile.build:503: net/dsa] Error 2
  CC      kernel/bpf/verifier.o
  CC [M]  net/nfc/llcp_sock.o
  CC [M]  net/sunrpc/auth_gss/gss_krb5_seal.o
  CC      fs/nfs/unlink.o
  CC      net/wireless/wext-core.o
  CC [M]  net/sunrpc/auth_gss/gss_krb5_unseal.o
  CC      fs/ext4/xattr_user.o
  CC [M]  net/netfilter/ipvs/ip_vs_sched.o
  CC      kernel/bpf/inode.o
  CC      fs/lockd/mon.o
  CC      kernel/events/ring_buffer.o
  CC [M]  net/sunrpc/auth_gss/gss_krb5_seqnum.o
  CC      kernel/jump_label.o
  CC      fs/ext4/fast_commit.o
  CC [M]  net/nfc/nci/data.o
  CC [M]  net/ipv4/netfilter/nf_defrag_ipv4.o
  LD [M]  net/ipv6/netfilter/nf_defrag_ipv6.o
  CC      net/ipv6/ip6_offload.o
  CC      fs/nfs/write.o
  CC [M]  net/sunrpc/auth_gss/gss_krb5_wrap.o
  CC      fs/lockd/xdr.o
  CC      net/wireless/wext-proc.o
  CC      kernel/events/callchain.o
  CC      net/ipv6/tcpv6_offload.o
  CC [M]  net/nfc/nci/lib.o
  CC [M]  net/ipv4/netfilter/nf_socket_ipv4.o
  CC [M]  net/netfilter/ipvs/ip_vs_xmit.o
  CC [M]  net/sunrpc/auth_gss/gss_krb5_crypto.o
  CC      fs/ext4/orphan.o
  CC [M]  net/ipv4/netfilter/nf_tproxy_ipv4.o
  CC      fs/nfs/namespace.o
  CC      net/ipv4/inet_diag.o
  CC      net/wireless/wext-spy.o
  CC      fs/lockd/clnt4xdr.o
  CC [M]  net/ipv4/netfilter/nf_reject_ipv4.o
  CC [M]  net/nfc/nci/ntf.o
  CC      net/ipv6/exthdrs_offload.o
  CC      fs/ext4/acl.o
  CC      net/ipv4/tcp_diag.o
  CC [M]  net/sunrpc/auth_gss/gss_krb5_keys.o
  CC [M]  net/netfilter/ipvs/ip_vs_app.o
  CC      fs/lockd/xdr4.o
  CC      net/wireless/wext-priv.o
  CC [M]  net/nfc/nci/rsp.o
  CC      kernel/bpf/helpers.o
  CC      net/ipv6/inet6_hashtables.o
  CC      net/ipv4/tcp_cubic.o
  CC      kernel/context_tracking.o
  AR      fs/ext4/built-in.a
  CC      fs/nfs/mount_clnt.o
  CC [M]  net/netfilter/ipvs/ip_vs_sync.o
  AR      net/sunrpc/auth_gss/built-in.a
  LD [M]  net/sunrpc/auth_gss/rpcsec_gss_krb5.o
  AR      net/sunrpc/built-in.a
  CC      kernel/events/hw_breakpoint.o
  CC      fs/lockd/svc4proc.o
  CC [M]  net/ipv4/netfilter/ip_tables.o
  AR      net/wireless/built-in.a
  CC      kernel/iomem.o
  CC [M]  net/netfilter/ipvs/ip_vs_est.o
  LD [M]  net/nfc/nci/nci.o
  LD [M]  net/nfc/nfc.o
  CC      fs/nfs/nfstrace.o
  CC      kernel/bpf/log.o
  CC      net/ipv6/mcast_snoop.o
  CC [M]  net/ipv4/netfilter/iptable_filter.o
  CC [M]  net/ipv6/sit.o
  CC      fs/lockd/procfs.o
  CC      fs/nfs/export.o
  CC      kernel/rseq.o
  CC      kernel/bpf/bpf_iter.o
  CC      fs/nfs/sysfs.o
  GZIP    kernel/config_data.gz
  CC      fs/nfs/fs_context.o
  CC      net/ipv4/tcp_bpf.o
  CC [M]  net/netfilter/ipvs/ip_vs_proto.o
  CC [M]  net/ipv4/netfilter/iptable_mangle.o
  CC [M]  net/ipv4/netfilter/iptable_nat.o
  AR      fs/lockd/built-in.a
  CC      net/ipv4/udp_bpf.o
  CC      kernel/bpf/map_iter.o
  AR      kernel/events/built-in.a
  CC      kernel/configs.o
./scripts/check-local-export: aarch64-linux-gnu-nm failed
Terminated
make[4]: *** [scripts/Makefile.build:250: net/ipv4/netfilter/ip_tables.o] Error 143
make[4]: *** Deleting file 'net/ipv4/netfilter/ip_tables.o'
make[4]: *** Waiting for unfinished jobs....
  CC      fs/nfs/nfsroot.o
  CC      kernel/bpf/task_iter.o
  CC [M]  net/netfilter/ipvs/ip_vs_pe.o
  CC      kernel/bpf/prog_iter.o
  CC      net/ipv4/bpf_tcp_ca.o
  CC      kernel/bpf/link_iter.o
  CC      fs/nfs/sysctl.o
  CC [M]  net/ipv4/ip_tunnel.o
  CC      fs/nfs/nfs2super.o
make[3]: *** [scripts/Makefile.build:503: net/ipv4/netfilter] Error 2
make[3]: *** Waiting for unfinished jobs....
  CC      kernel/bpf/hashtab.o
  CC      kernel/bpf/arraymap.o
  AR      net/ipv6/built-in.a
  CC      fs/nfs/proc.o
  CC      fs/nfs/nfs2xdr.o
  CC      kernel/bpf/lpm_trie.o
./scripts/check-local-export: aarch64-linux-gnu-nm failed
Terminated
make[3]: *** [scripts/Makefile.build:250: kernel/bpf/prog_iter.o] Error 143
make[3]: *** Waiting for unfinished jobs....
  CC      fs/nfs/nfs3super.o
  CC      fs/nfs/nfs3client.o
  CC      fs/nfs/nfs3proc.o
  CC      fs/nfs/nfs3xdr.o
  CC      fs/nfs/nfs4proc.o
  CC      fs/nfs/nfs4xdr.o
  CC      fs/nfs/nfs4state.o
  CC      fs/nfs/nfs4renewd.o
  CC      fs/nfs/nfs4super.o
  LD [M]  net/netfilter/ipvs/ip_vs.o
  AR      net/netfilter/built-in.a
  LD [M]  net/netfilter/nf_conntrack.o
  LD [M]  net/netfilter/nf_nat.o
  LD [M]  net/netfilter/nf_flow_table.o
  CC      fs/nfs/nfs4file.o
  CC      fs/nfs/delegation.o
  CC      fs/nfs/nfs4idmap.o
  CC      fs/nfs/callback.o
  CC      fs/nfs/callback_xdr.o
  CC      fs/nfs/callback_proc.o
  CC      fs/nfs/nfs4namespace.o
  CC      fs/nfs/nfs4getroot.o
make[2]: *** [scripts/Makefile.build:503: kernel/bpf] Error 2
make[1]: *** [scripts/Makefile.build:503: kernel] Error 2
  CC      fs/nfs/nfs4client.o
  CC      fs/nfs/nfs4session.o
  CC      fs/nfs/dns_resolve.o
  CC      fs/nfs/nfs4trace.o
make[2]: *** [scripts/Makefile.build:503: net/ipv4] Error 2
make[1]: *** [scripts/Makefile.build:503: net] Error 2
  CC      fs/nfs/nfs4sysctl.o
  CC      fs/nfs/pnfs.o
  CC      fs/nfs/pnfs_dev.o
  CC      fs/nfs/pnfs_nfs.o
  CC      fs/nfs/nfs42proc.o
  CC      fs/nfs/nfs42xattr.o
  CC      fs/nfs/filelayout/filelayout.o
  CC      fs/nfs/flexfilelayout/flexfilelayout.o
  CC [M]  fs/nfs/blocklayout/blocklayout.o
  CC      fs/nfs/filelayout/filelayoutdev.o
  CC      fs/nfs/flexfilelayout/flexfilelayoutdev.o
  CC [M]  fs/nfs/blocklayout/dev.o
  CC [M]  fs/nfs/blocklayout/extent_tree.o
  CC [M]  fs/nfs/blocklayout/rpc_pipefs.o
  AR      fs/nfs/filelayout/built-in.a
  LD [M]  fs/nfs/blocklayout/blocklayoutdriver.o
  AR      fs/nfs/flexfilelayout/built-in.a
  AR      fs/nfs/built-in.a
make[1]: *** [scripts/Makefile.build:503: fs] Error 2
make: *** [Makefile:2009: .] Error 2
make: Leaving directory '/home/osaleem/repos/linux-imx'
